# Error log for MODE=sa_manual, PROJECT=libxml2_62911_vul
[ERR] 000_SAX2.c_2479_local.oob.memfunc.length-misuse.maxcover.v5: run_se_driver.sh failed (driver=drivers/sa_manual/libxml2_62911_vul/000_SAX2.c_2479_local.oob.memfunc.length-misuse.maxcover.v5.c, exit_code=1, duration=0s)
[ERR] 001_SAX2.c_2142_local.oob.memfunc.length-misuse.maxcover.v5: run_se_driver.sh failed (driver=drivers/sa_manual/libxml2_62911_vul/001_SAX2.c_2142_local.oob.memfunc.length-misuse.maxcover.v5.c, exit_code=1, duration=0s)
[ERR] 002_HTMLtree.c_416_local.oob.memfunc.length-misuse.maxcover.v5: run_se_driver.sh failed (driver=drivers/sa_manual/libxml2_62911_vul/002_HTMLtree.c_416_local.oob.memfunc.length-misuse.maxcover.v5.c, exit_code=1, duration=0s)
[ERR] 002_SAX2.c_1887_local.oob.memfunc.length-misuse.maxcover.v5: run_se_driver.sh failed (driver=drivers/sa_manual/libxml2_62911_vul/002_SAX2.c_1887_local.oob.memfunc.length-misuse.maxcover.v5.c, exit_code=1, duration=0s)
[ERR] 003_SAX2.c_1767_local.oob.memfunc.length-misuse.maxcover.v5: run_se_driver.sh failed (driver=drivers/sa_manual/libxml2_62911_vul/003_SAX2.c_1767_local.oob.memfunc.length-misuse.maxcover.v5.c, exit_code=1, duration=0s)
[ERR] 004_SAX2.c_1779_local.oob.memfunc.length-misuse.maxcover.v5: run_se_driver.sh failed (driver=drivers/sa_manual/libxml2_62911_vul/004_SAX2.c_1779_local.oob.memfunc.length-misuse.maxcover.v5.c, exit_code=1, duration=0s)
[ERR] 006_debugXML.c_2636_local.oob.memfunc.length-misuse.maxcover.v5: run_se_driver.sh failed (driver=drivers/sa_manual/libxml2_62911_vul/006_debugXML.c_2636_local.oob.memfunc.length-misuse.maxcover.v5.c, exit_code=1, duration=0s)
[ERR] 006_HTMLparser.c_5103_local.oob.memfunc.length-misuse.maxcover.v5: run_se_driver.sh failed (driver=drivers/sa_manual/libxml2_62911_vul/006_HTMLparser.c_5103_local.oob.memfunc.length-misuse.maxcover.v5.c, exit_code=1, duration=0s)
[ERR] 007_HTMLparser.c_4956_local.oob.memfunc.length-misuse.maxcover.v5: run_se_driver.sh failed (driver=drivers/sa_manual/libxml2_62911_vul/007_HTMLparser.c_4956_local.oob.memfunc.length-misuse.maxcover.v5.c, exit_code=1, duration=0s)
[ERR] 008_HTMLparser.c_4971_local.oob.memfunc.length-misuse.maxcover.v5: run_se_driver.sh failed (driver=drivers/sa_manual/libxml2_62911_vul/008_HTMLparser.c_4971_local.oob.memfunc.length-misuse.maxcover.v5.c, exit_code=1, duration=0s)
[ERR] 009_HTMLparser.c_4975_local.oob.memfunc.length-misuse.maxcover.v5: run_se_driver.sh failed (driver=drivers/sa_manual/libxml2_62911_vul/009_HTMLparser.c_4975_local.oob.memfunc.length-misuse.maxcover.v5.c, exit_code=1, duration=0s)
[ERR] 011_c14n.c_1802_local.oob.memfunc.length-misuse.maxcover.v5: run_se_driver.sh failed (driver=drivers/sa_manual/libxml2_62911_vul/011_c14n.c_1802_local.oob.memfunc.length-misuse.maxcover.v5.c, exit_code=1, duration=0s)
[ERR] 011_entities.c_963_local.oob.memfunc.length-misuse.maxcover.v5: run_se_driver.sh failed (driver=drivers/sa_manual/libxml2_62911_vul/011_entities.c_963_local.oob.memfunc.length-misuse.maxcover.v5.c, exit_code=1, duration=0s)
[ERR] 012_c14n.c_1443_local.oob.memfunc.length-misuse.maxcover.v5: run_se_driver.sh failed (driver=drivers/sa_manual/libxml2_62911_vul/012_c14n.c_1443_local.oob.memfunc.length-misuse.maxcover.v5.c, exit_code=1, duration=0s)
[ERR] 013_error.c_916_local.oob.memfunc.length-misuse.maxcover.v5: run_se_driver.sh failed (driver=drivers/sa_manual/libxml2_62911_vul/013_error.c_916_local.oob.memfunc.length-misuse.maxcover.v5.c, exit_code=1, duration=0s)
[ERR] 015_encoding.c_1743_local.oob.memfunc.length-misuse.maxcover.v5: run_se_driver.sh failed (driver=drivers/sa_manual/libxml2_62911_vul/015_encoding.c_1743_local.oob.memfunc.length-misuse.maxcover.v5.c, exit_code=1, duration=0s)
[ERR] 016_c14n.c_828_local.oob.memfunc.length-misuse.maxcover.v5: run_se_driver.sh failed (driver=drivers/sa_manual/libxml2_62911_vul/016_c14n.c_828_local.oob.memfunc.length-misuse.maxcover.v5.c, exit_code=1, duration=1s)
[ERR] 016_entities.c_163_local.oob.memfunc.length-misuse.maxcover.v5: run_se_driver.sh failed (driver=drivers/sa_manual/libxml2_62911_vul/016_entities.c_163_local.oob.memfunc.length-misuse.maxcover.v5.c, exit_code=1, duration=0s)
[ERR] 017_c14n.c_837_local.oob.memfunc.length-misuse.maxcover.v5: run_se_driver.sh failed (driver=drivers/sa_manual/libxml2_62911_vul/017_c14n.c_837_local.oob.memfunc.length-misuse.maxcover.v5.c, exit_code=1, duration=0s)
[ERR] 017_encoding.c_1433_local.oob.memfunc.length-misuse.maxcover.v5: run_se_driver.sh failed (driver=drivers/sa_manual/libxml2_62911_vul/017_encoding.c_1433_local.oob.memfunc.length-misuse.maxcover.v5.c, exit_code=1, duration=0s)
[ERR] 018_c14n.c_661_local.oob.memfunc.length-misuse.maxcover.v5: run_se_driver.sh failed (driver=drivers/sa_manual/libxml2_62911_vul/018_c14n.c_661_local.oob.memfunc.length-misuse.maxcover.v5.c, exit_code=1, duration=0s)
[ERR] 019_encoding.c_1128_local.oob.memfunc.length-misuse.maxcover.v5: run_se_driver.sh failed (driver=drivers/sa_manual/libxml2_62911_vul/019_encoding.c_1128_local.oob.memfunc.length-misuse.maxcover.v5.c, exit_code=1, duration=0s)
[ERR] 020_error.c_219_local.oob.memfunc.length-misuse.maxcover.v5: run_se_driver.sh failed (driver=drivers/sa_manual/libxml2_62911_vul/020_error.c_219_local.oob.memfunc.length-misuse.maxcover.v5.c, exit_code=1, duration=0s)
[ERR] 022_c14n.c_327_local.oob.memfunc.length-misuse.maxcover.v5: run_se_driver.sh failed (driver=drivers/sa_manual/libxml2_62911_vul/022_c14n.c_327_local.oob.memfunc.length-misuse.maxcover.v5.c, exit_code=1, duration=0s)
[ERR] 023_c14n.c_328_local.oob.memfunc.length-misuse.maxcover.v5: run_se_driver.sh failed (driver=drivers/sa_manual/libxml2_62911_vul/023_c14n.c_328_local.oob.memfunc.length-misuse.maxcover.v5.c, exit_code=1, duration=0s)
[ERR] 023_catalog.c_998_local.oob.memfunc.length-misuse.maxcover.v5: run_se_driver.sh failed (driver=drivers/sa_manual/libxml2_62911_vul/023_catalog.c_998_local.oob.memfunc.length-misuse.maxcover.v5.c, exit_code=1, duration=0s)
[ERR] 025_c14n.c_299_local.oob.memfunc.length-misuse.maxcover.v5: run_se_driver.sh failed (driver=drivers/sa_manual/libxml2_62911_vul/025_c14n.c_299_local.oob.memfunc.length-misuse.maxcover.v5.c, exit_code=1, duration=0s)
[ERR] 026_c14n.c_303_local.oob.memfunc.length-misuse.maxcover.v5: run_se_driver.sh failed (driver=drivers/sa_manual/libxml2_62911_vul/026_c14n.c_303_local.oob.memfunc.length-misuse.maxcover.v5.c, exit_code=1, duration=0s)
[ERR] 027_c14n.c_306_local.oob.memfunc.length-misuse.maxcover.v5: run_se_driver.sh failed (driver=drivers/sa_manual/libxml2_62911_vul/027_c14n.c_306_local.oob.memfunc.length-misuse.maxcover.v5.c, exit_code=1, duration=0s)
[ERR] 028_c14n.c_288_local.oob.memfunc.length-misuse.maxcover.v5: run_se_driver.sh failed (driver=drivers/sa_manual/libxml2_62911_vul/028_c14n.c_288_local.oob.memfunc.length-misuse.maxcover.v5.c, exit_code=1, duration=0s)
[ERR] 029_c14n.c_260_local.oob.memfunc.length-misuse.maxcover.v5: run_se_driver.sh failed (driver=drivers/sa_manual/libxml2_62911_vul/029_c14n.c_260_local.oob.memfunc.length-misuse.maxcover.v5.c, exit_code=1, duration=0s)
[ERR] 031_parserInternals.c_2149_local.oob.memfunc.length-misuse.maxcover.v5: run_se_driver.sh failed (driver=drivers/sa_manual/libxml2_62911_vul/031_parserInternals.c_2149_local.oob.memfunc.length-misuse.maxcover.v5.c, exit_code=1, duration=0s)
[ERR] 032_catalog.c_414_local.oob.memfunc.length-misuse.maxcover.v5: run_se_driver.sh failed (driver=drivers/sa_manual/libxml2_62911_vul/032_catalog.c_414_local.oob.memfunc.length-misuse.maxcover.v5.c, exit_code=1, duration=0s)
[ERR] 032_hash.c_1134_local.oob.memfunc.length-misuse.maxcover.v5: run_se_driver.sh failed (driver=drivers/sa_manual/libxml2_62911_vul/032_hash.c_1134_local.oob.memfunc.length-misuse.maxcover.v5.c, exit_code=1, duration=0s)
[ERR] 033_hash.c_1140_local.oob.memfunc.length-misuse.maxcover.v5: run_se_driver.sh failed (driver=drivers/sa_manual/libxml2_62911_vul/033_hash.c_1140_local.oob.memfunc.length-misuse.maxcover.v5.c, exit_code=1, duration=0s)
[ERR] 033_parserInternals.c_1849_local.oob.memfunc.length-misuse.maxcover.v5: run_se_driver.sh failed (driver=drivers/sa_manual/libxml2_62911_vul/033_parserInternals.c_1849_local.oob.memfunc.length-misuse.maxcover.v5.c, exit_code=1, duration=0s)
[ERR] 034_encoding.c_358_local.oob.memfunc.length-misuse.maxcover.v5: run_se_driver.sh failed (driver=drivers/sa_manual/libxml2_62911_vul/034_encoding.c_358_local.oob.memfunc.length-misuse.maxcover.v5.c, exit_code=1, duration=1s)
[ERR] 034_parserInternals.c_1854_local.oob.memfunc.length-misuse.maxcover.v5: run_se_driver.sh failed (driver=drivers/sa_manual/libxml2_62911_vul/034_parserInternals.c_1854_local.oob.memfunc.length-misuse.maxcover.v5.c, exit_code=1, duration=0s)
[ERR] 035_parserInternals.c_1856_local.oob.memfunc.length-misuse.maxcover.v5: run_se_driver.sh failed (driver=drivers/sa_manual/libxml2_62911_vul/035_parserInternals.c_1856_local.oob.memfunc.length-misuse.maxcover.v5.c, exit_code=1, duration=0s)
[ERR] 036_parserInternals.c_1857_local.oob.memfunc.length-misuse.maxcover.v5: run_se_driver.sh failed (driver=drivers/sa_manual/libxml2_62911_vul/036_parserInternals.c_1857_local.oob.memfunc.length-misuse.maxcover.v5.c, exit_code=1, duration=0s)
[ERR] 038_pattern.c_1699_local.oob.memfunc.length-misuse.maxcover.v5: run_se_driver.sh failed (driver=drivers/sa_manual/libxml2_62911_vul/038_pattern.c_1699_local.oob.memfunc.length-misuse.maxcover.v5.c, exit_code=1, duration=0s)
[ERR] 039_hash.c_490_local.oob.memfunc.length-misuse.maxcover.v5: run_se_driver.sh failed (driver=drivers/sa_manual/libxml2_62911_vul/039_hash.c_490_local.oob.memfunc.length-misuse.maxcover.v5.c, exit_code=1, duration=0s)
[ERR] 039_list.c_197_local.oob.memfunc.length-misuse.maxcover.v5: run_se_driver.sh failed (driver=drivers/sa_manual/libxml2_62911_vul/039_list.c_197_local.oob.memfunc.length-misuse.maxcover.v5.c, exit_code=1, duration=0s)
[ERR] 040_hash.c_498_local.oob.memfunc.length-misuse.maxcover.v5: run_se_driver.sh failed (driver=drivers/sa_manual/libxml2_62911_vul/040_hash.c_498_local.oob.memfunc.length-misuse.maxcover.v5.c, exit_code=1, duration=0s)
[ERR] 040_pattern.c_1437_local.oob.memfunc.length-misuse.maxcover.v5: run_se_driver.sh failed (driver=drivers/sa_manual/libxml2_62911_vul/040_pattern.c_1437_local.oob.memfunc.length-misuse.maxcover.v5.c, exit_code=1, duration=0s)
[ERR] 041_parserInternals.c_1584_local.oob.memfunc.length-misuse.maxcover.v5: run_se_driver.sh failed (driver=drivers/sa_manual/libxml2_62911_vul/041_parserInternals.c_1584_local.oob.memfunc.length-misuse.maxcover.v5.c, exit_code=1, duration=0s)
[ERR] 042_hash.c_510_local.oob.memfunc.length-misuse.maxcover.v5: run_se_driver.sh failed (driver=drivers/sa_manual/libxml2_62911_vul/042_hash.c_510_local.oob.memfunc.length-misuse.maxcover.v5.c, exit_code=1, duration=0s)
[ERR] 044_buf.c_798_local.oob.memfunc.length-misuse.maxcover.v5: run_se_driver.sh failed (driver=drivers/sa_manual/libxml2_62911_vul/044_buf.c_798_local.oob.memfunc.length-misuse.maxcover.v5.c, exit_code=1, duration=0s)
[ERR] 044_hash.c_571_local.oob.memfunc.length-misuse.maxcover.v5: run_se_driver.sh failed (driver=drivers/sa_manual/libxml2_62911_vul/044_hash.c_571_local.oob.memfunc.length-misuse.maxcover.v5.c, exit_code=1, duration=0s)
[ERR] 045_hash.c_577_local.oob.memfunc.length-misuse.maxcover.v5: run_se_driver.sh failed (driver=drivers/sa_manual/libxml2_62911_vul/045_hash.c_577_local.oob.memfunc.length-misuse.maxcover.v5.c, exit_code=1, duration=0s)
[ERR] 045_HTMLparser.c_2445_local.oob.memfunc.length-misuse.maxcover.v5: run_se_driver.sh failed (driver=drivers/sa_manual/libxml2_62911_vul/045_HTMLparser.c_2445_local.oob.memfunc.length-misuse.maxcover.v5.c, exit_code=1, duration=0s)
[ERR] 046_buf.c_699_local.oob.memfunc.length-misuse.maxcover.v5: run_se_driver.sh failed (driver=drivers/sa_manual/libxml2_62911_vul/046_buf.c_699_local.oob.memfunc.length-misuse.maxcover.v5.c, exit_code=1, duration=0s)
[ERR] 046_hash.c_365_local.oob.memfunc.length-misuse.maxcover.v5: run_se_driver.sh failed (driver=drivers/sa_manual/libxml2_62911_vul/046_hash.c_365_local.oob.memfunc.length-misuse.maxcover.v5.c, exit_code=1, duration=0s)
[ERR] 047_buf.c_728_local.oob.memfunc.length-misuse.maxcover.v5: run_se_driver.sh failed (driver=drivers/sa_manual/libxml2_62911_vul/047_buf.c_728_local.oob.memfunc.length-misuse.maxcover.v5.c, exit_code=1, duration=0s)
[ERR] 048_relaxng.c_10647_local.oob.memfunc.length-misuse.maxcover.v5: run_se_driver.sh failed (driver=drivers/sa_manual/libxml2_62911_vul/048_relaxng.c_10647_local.oob.memfunc.length-misuse.maxcover.v5.c, exit_code=1, duration=0s)
[ERR] 050_HTMLparser.c_2318_local.oob.memfunc.length-misuse.maxcover.v5: run_se_driver.sh failed (driver=drivers/sa_manual/libxml2_62911_vul/050_HTMLparser.c_2318_local.oob.memfunc.length-misuse.maxcover.v5.c, exit_code=1, duration=1s)
[ERR] 052_buf.c_350_local.oob.memfunc.length-misuse.maxcover.v5: run_se_driver.sh failed (driver=drivers/sa_manual/libxml2_62911_vul/052_buf.c_350_local.oob.memfunc.length-misuse.maxcover.v5.c, exit_code=1, duration=0s)
[ERR] 053_buf.c_357_local.oob.memfunc.length-misuse.maxcover.v5: run_se_driver.sh failed (driver=drivers/sa_manual/libxml2_62911_vul/053_buf.c_357_local.oob.memfunc.length-misuse.maxcover.v5.c, exit_code=1, duration=0s)
[ERR] 053_HTMLparser.c_2284_local.oob.memfunc.length-misuse.maxcover.v5: run_se_driver.sh failed (driver=drivers/sa_manual/libxml2_62911_vul/053_HTMLparser.c_2284_local.oob.memfunc.length-misuse.maxcover.v5.c, exit_code=1, duration=0s)
[ERR] 056_HTMLparser.c_2185_local.oob.memfunc.length-misuse.maxcover.v5: run_se_driver.sh failed (driver=drivers/sa_manual/libxml2_62911_vul/056_HTMLparser.c_2185_local.oob.memfunc.length-misuse.maxcover.v5.c, exit_code=1, duration=0s)
[ERR] 058_relaxng.c_10553_local.oob.memfunc.length-misuse.maxcover.v5: run_se_driver.sh failed (driver=drivers/sa_manual/libxml2_62911_vul/058_relaxng.c_10553_local.oob.memfunc.length-misuse.maxcover.v5.c, exit_code=1, duration=0s)
[ERR] 060_pattern.c_331_local.oob.memfunc.length-misuse.maxcover.v5: run_se_driver.sh failed (driver=drivers/sa_manual/libxml2_62911_vul/060_pattern.c_331_local.oob.memfunc.length-misuse.maxcover.v5.c, exit_code=1, duration=0s)
[ERR] 061_pattern.c_305_local.oob.memfunc.length-misuse.maxcover.v5: run_se_driver.sh failed (driver=drivers/sa_manual/libxml2_62911_vul/061_pattern.c_305_local.oob.memfunc.length-misuse.maxcover.v5.c, exit_code=1, duration=0s)
[ERR] 063_pattern.c_258_local.oob.memfunc.length-misuse.maxcover.v5: run_se_driver.sh failed (driver=drivers/sa_manual/libxml2_62911_vul/063_pattern.c_258_local.oob.memfunc.length-misuse.maxcover.v5.c, exit_code=1, duration=0s)
[ERR] 064_pattern.c_209_local.oob.memfunc.length-misuse.maxcover.v5: run_se_driver.sh failed (driver=drivers/sa_manual/libxml2_62911_vul/064_pattern.c_209_local.oob.memfunc.length-misuse.maxcover.v5.c, exit_code=1, duration=0s)
[ERR] 065_schematron.c_1720_local.oob.memfunc.length-misuse.maxcover.v5: run_se_driver.sh failed (driver=drivers/sa_manual/libxml2_62911_vul/065_schematron.c_1720_local.oob.memfunc.length-misuse.maxcover.v5.c, exit_code=1, duration=0s)
[ERR] 066_globals.c_837_local.oob.memfunc.length-misuse.maxcover.v5: run_se_driver.sh failed (driver=drivers/sa_manual/libxml2_62911_vul/066_globals.c_837_local.oob.memfunc.length-misuse.maxcover.v5.c, exit_code=1, duration=0s)
[ERR] 066_relaxng.c_9139_local.oob.memfunc.length-misuse.maxcover.v5: run_se_driver.sh failed (driver=drivers/sa_manual/libxml2_62911_vul/066_relaxng.c_9139_local.oob.memfunc.length-misuse.maxcover.v5.c, exit_code=1, duration=0s)
[ERR] 067_globals.c_789_local.oob.memfunc.length-misuse.maxcover.v5: run_se_driver.sh failed (driver=drivers/sa_manual/libxml2_62911_vul/067_globals.c_789_local.oob.memfunc.length-misuse.maxcover.v5.c, exit_code=1, duration=0s)
[ERR] 067_relaxng.c_9145_local.oob.memfunc.length-misuse.maxcover.v5: run_se_driver.sh failed (driver=drivers/sa_manual/libxml2_62911_vul/067_relaxng.c_9145_local.oob.memfunc.length-misuse.maxcover.v5.c, exit_code=1, duration=0s)
[ERR] 068_schematron.c_727_local.oob.memfunc.length-misuse.maxcover.v5: run_se_driver.sh failed (driver=drivers/sa_manual/libxml2_62911_vul/068_schematron.c_727_local.oob.memfunc.length-misuse.maxcover.v5.c, exit_code=1, duration=0s)
[ERR] 069_schematron.c_688_local.oob.memfunc.length-misuse.maxcover.v5: run_se_driver.sh failed (driver=drivers/sa_manual/libxml2_62911_vul/069_schematron.c_688_local.oob.memfunc.length-misuse.maxcover.v5.c, exit_code=1, duration=0s)
[ERR] 070_parser.c_11894_local.oob.memfunc.length-misuse.maxcover.v5: run_se_driver.sh failed (driver=drivers/sa_manual/libxml2_62911_vul/070_parser.c_11894_local.oob.memfunc.length-misuse.maxcover.v5.c, exit_code=1, duration=1s)
[ERR] 070_runtest.c_4729_local.oob.memfunc.length-misuse.maxcover.v5: run_se_driver.sh failed (driver=drivers/sa_manual/libxml2_62911_vul/070_runtest.c_4729_local.oob.memfunc.length-misuse.maxcover.v5.c, exit_code=1, duration=0s)
[ERR] 071_runtest.c_4593_local.oob.memfunc.length-misuse.maxcover.v5: run_se_driver.sh failed (driver=drivers/sa_manual/libxml2_62911_vul/071_runtest.c_4593_local.oob.memfunc.length-misuse.maxcover.v5.c, exit_code=1, duration=0s)
[ERR] 071_schematron.c_646_local.oob.memfunc.length-misuse.maxcover.v5: run_se_driver.sh failed (driver=drivers/sa_manual/libxml2_62911_vul/071_schematron.c_646_local.oob.memfunc.length-misuse.maxcover.v5.c, exit_code=1, duration=0s)
[ERR] 072_schematron.c_590_local.oob.memfunc.length-misuse.maxcover.v5: run_se_driver.sh failed (driver=drivers/sa_manual/libxml2_62911_vul/072_schematron.c_590_local.oob.memfunc.length-misuse.maxcover.v5.c, exit_code=1, duration=0s)
[ERR] 072_testdict.c_507_local.oob.memfunc.length-misuse.maxcover.v5: run_se_driver.sh failed (driver=drivers/sa_manual/libxml2_62911_vul/072_testdict.c_507_local.oob.memfunc.length-misuse.maxcover.v5.c, exit_code=1, duration=0s)
[ERR] 073_schematron.c_538_local.oob.memfunc.length-misuse.maxcover.v5: run_se_driver.sh failed (driver=drivers/sa_manual/libxml2_62911_vul/073_schematron.c_538_local.oob.memfunc.length-misuse.maxcover.v5.c, exit_code=1, duration=0s)
[ERR] 074_schematron.c_457_local.oob.memfunc.length-misuse.maxcover.v5: run_se_driver.sh failed (driver=drivers/sa_manual/libxml2_62911_vul/074_schematron.c_457_local.oob.memfunc.length-misuse.maxcover.v5.c, exit_code=1, duration=0s)
[ERR] 075_testdict.c_402_local.oob.memfunc.length-misuse.maxcover.v5: run_se_driver.sh failed (driver=drivers/sa_manual/libxml2_62911_vul/075_testdict.c_402_local.oob.memfunc.length-misuse.maxcover.v5.c, exit_code=1, duration=0s)
[ERR] 076_testdict.c_404_local.oob.memfunc.length-misuse.maxcover.v5: run_se_driver.sh failed (driver=drivers/sa_manual/libxml2_62911_vul/076_testdict.c_404_local.oob.memfunc.length-misuse.maxcover.v5.c, exit_code=1, duration=0s)
[ERR] 077_schematron.c_353_local.oob.memfunc.length-misuse.maxcover.v5: run_se_driver.sh failed (driver=drivers/sa_manual/libxml2_62911_vul/077_schematron.c_353_local.oob.memfunc.length-misuse.maxcover.v5.c, exit_code=1, duration=0s)
[ERR] 077_testdict.c_406_local.oob.memfunc.length-misuse.maxcover.v5: run_se_driver.sh failed (driver=drivers/sa_manual/libxml2_62911_vul/077_testdict.c_406_local.oob.memfunc.length-misuse.maxcover.v5.c, exit_code=1, duration=0s)
[ERR] 079_parser.c_11212_local.oob.memfunc.length-misuse.maxcover.v5: run_se_driver.sh failed (driver=drivers/sa_manual/libxml2_62911_vul/079_parser.c_11212_local.oob.memfunc.length-misuse.maxcover.v5.c, exit_code=1, duration=0s)
[ERR] 079_testdict.c_408_local.oob.memfunc.length-misuse.maxcover.v5: run_se_driver.sh failed (driver=drivers/sa_manual/libxml2_62911_vul/079_testdict.c_408_local.oob.memfunc.length-misuse.maxcover.v5.c, exit_code=1, duration=0s)
[ERR] 080_runtest.c_4299_local.oob.memfunc.length-misuse.maxcover.v5: run_se_driver.sh failed (driver=drivers/sa_manual/libxml2_62911_vul/080_runtest.c_4299_local.oob.memfunc.length-misuse.maxcover.v5.c, exit_code=1, duration=0s)
[ERR] 081_testdict.c_299_local.oob.memfunc.length-misuse.maxcover.v5: run_se_driver.sh failed (driver=drivers/sa_manual/libxml2_62911_vul/081_testdict.c_299_local.oob.memfunc.length-misuse.maxcover.v5.c, exit_code=1, duration=0s)
[ERR] 082_testlimits.c_1324_local.oob.memfunc.length-misuse.maxcover.v5: run_se_driver.sh failed (driver=drivers/sa_manual/libxml2_62911_vul/082_testlimits.c_1324_local.oob.memfunc.length-misuse.maxcover.v5.c, exit_code=1, duration=0s)
[ERR] 083_testlimits.c_1334_local.oob.memfunc.length-misuse.maxcover.v5: run_se_driver.sh failed (driver=drivers/sa_manual/libxml2_62911_vul/083_testlimits.c_1334_local.oob.memfunc.length-misuse.maxcover.v5.c, exit_code=1, duration=0s)
[ERR] 084_testdict.c_140_local.oob.memfunc.length-misuse.maxcover.v5: run_se_driver.sh failed (driver=drivers/sa_manual/libxml2_62911_vul/084_testdict.c_140_local.oob.memfunc.length-misuse.maxcover.v5.c, exit_code=1, duration=1s)
[ERR] 084_testlimits.c_331_local.oob.memfunc.length-misuse.maxcover.v5: run_se_driver.sh failed (driver=drivers/sa_manual/libxml2_62911_vul/084_testlimits.c_331_local.oob.memfunc.length-misuse.maxcover.v5.c, exit_code=1, duration=0s)
[ERR] 085_runtest.c_3932_local.oob.memfunc.length-misuse.maxcover.v5: run_se_driver.sh failed (driver=drivers/sa_manual/libxml2_62911_vul/085_runtest.c_3932_local.oob.memfunc.length-misuse.maxcover.v5.c, exit_code=1, duration=0s)
[ERR] 086_testlimits.c_335_local.oob.memfunc.length-misuse.maxcover.v5: run_se_driver.sh failed (driver=drivers/sa_manual/libxml2_62911_vul/086_testlimits.c_335_local.oob.memfunc.length-misuse.maxcover.v5.c, exit_code=1, duration=0s)
[ERR] 087_runtest.c_3936_local.oob.memfunc.length-misuse.maxcover.v5: run_se_driver.sh failed (driver=drivers/sa_manual/libxml2_62911_vul/087_runtest.c_3936_local.oob.memfunc.length-misuse.maxcover.v5.c, exit_code=1, duration=0s)
[ERR] 088_testlimits.c_343_local.oob.memfunc.length-misuse.maxcover.v5: run_se_driver.sh failed (driver=drivers/sa_manual/libxml2_62911_vul/088_testlimits.c_343_local.oob.memfunc.length-misuse.maxcover.v5.c, exit_code=1, duration=0s)
[ERR] 089_testlimits.c_347_local.oob.memfunc.length-misuse.maxcover.v5: run_se_driver.sh failed (driver=drivers/sa_manual/libxml2_62911_vul/089_testlimits.c_347_local.oob.memfunc.length-misuse.maxcover.v5.c, exit_code=1, duration=0s)
[ERR] 090_runtest.c_3963_local.oob.memfunc.length-misuse.maxcover.v5: run_se_driver.sh failed (driver=drivers/sa_manual/libxml2_62911_vul/090_runtest.c_3963_local.oob.memfunc.length-misuse.maxcover.v5.c, exit_code=1, duration=0s)
[ERR] 090_testlimits.c_353_local.oob.memfunc.length-misuse.maxcover.v5: run_se_driver.sh failed (driver=drivers/sa_manual/libxml2_62911_vul/090_testlimits.c_353_local.oob.memfunc.length-misuse.maxcover.v5.c, exit_code=1, duration=0s)
[ERR] 091_testlimits.c_278_local.oob.memfunc.length-misuse.maxcover.v5: run_se_driver.sh failed (driver=drivers/sa_manual/libxml2_62911_vul/091_testlimits.c_278_local.oob.memfunc.length-misuse.maxcover.v5.c, exit_code=1, duration=0s)
[ERR] 092_runtest.c_3777_local.oob.memfunc.length-misuse.maxcover.v5: run_se_driver.sh failed (driver=drivers/sa_manual/libxml2_62911_vul/092_runtest.c_3777_local.oob.memfunc.length-misuse.maxcover.v5.c, exit_code=1, duration=0s)
[ERR] 092_testlimits.c_262_local.oob.memfunc.length-misuse.maxcover.v5: run_se_driver.sh failed (driver=drivers/sa_manual/libxml2_62911_vul/092_testlimits.c_262_local.oob.memfunc.length-misuse.maxcover.v5.c, exit_code=1, duration=0s)
[ERR] 094_testlimits.c_184_local.oob.memfunc.length-misuse.maxcover.v5: run_se_driver.sh failed (driver=drivers/sa_manual/libxml2_62911_vul/094_testlimits.c_184_local.oob.memfunc.length-misuse.maxcover.v5.c, exit_code=1, duration=0s)
[ERR] 095_runtest.c_3692_local.oob.memfunc.length-misuse.maxcover.v5: run_se_driver.sh failed (driver=drivers/sa_manual/libxml2_62911_vul/095_runtest.c_3692_local.oob.memfunc.length-misuse.maxcover.v5.c, exit_code=1, duration=0s)
[ERR] 095_testlimits.c_189_local.oob.memfunc.length-misuse.maxcover.v5: run_se_driver.sh failed (driver=drivers/sa_manual/libxml2_62911_vul/095_testlimits.c_189_local.oob.memfunc.length-misuse.maxcover.v5.c, exit_code=1, duration=0s)
[ERR] 096_runtest.c_3531_local.oob.memfunc.length-misuse.maxcover.v5: run_se_driver.sh failed (driver=drivers/sa_manual/libxml2_62911_vul/096_runtest.c_3531_local.oob.memfunc.length-misuse.maxcover.v5.c, exit_code=1, duration=0s)
[ERR] 096_testlimits.c_197_local.oob.memfunc.length-misuse.maxcover.v5: run_se_driver.sh failed (driver=drivers/sa_manual/libxml2_62911_vul/096_testlimits.c_197_local.oob.memfunc.length-misuse.maxcover.v5.c, exit_code=1, duration=0s)
[ERR] 097_runtest.c_3539_local.oob.memfunc.length-misuse.maxcover.v5: run_se_driver.sh failed (driver=drivers/sa_manual/libxml2_62911_vul/097_runtest.c_3539_local.oob.memfunc.length-misuse.maxcover.v5.c, exit_code=1, duration=0s)
[ERR] 097_testlimits.c_201_local.oob.memfunc.length-misuse.maxcover.v5: run_se_driver.sh failed (driver=drivers/sa_manual/libxml2_62911_vul/097_testlimits.c_201_local.oob.memfunc.length-misuse.maxcover.v5.c, exit_code=1, duration=1s)
[ERR] 098_testlimits.c_207_local.oob.memfunc.length-misuse.maxcover.v5: run_se_driver.sh failed (driver=drivers/sa_manual/libxml2_62911_vul/098_testlimits.c_207_local.oob.memfunc.length-misuse.maxcover.v5.c, exit_code=1, duration=0s)
[ERR] 098_testrecurse.c_692_local.oob.memfunc.length-misuse.maxcover.v5: run_se_driver.sh failed (driver=drivers/sa_manual/libxml2_62911_vul/098_testrecurse.c_692_local.oob.memfunc.length-misuse.maxcover.v5.c, exit_code=1, duration=0s)
[ERR] 099_runtest.c_3328_local.oob.memfunc.length-misuse.maxcover.v5: run_se_driver.sh failed (driver=drivers/sa_manual/libxml2_62911_vul/099_runtest.c_3328_local.oob.memfunc.length-misuse.maxcover.v5.c, exit_code=1, duration=0s)
[ERR] 099_testlimits.c_115_local.oob.memfunc.length-misuse.maxcover.v5: run_se_driver.sh failed (driver=drivers/sa_manual/libxml2_62911_vul/099_testlimits.c_115_local.oob.memfunc.length-misuse.maxcover.v5.c, exit_code=1, duration=0s)
[ERR] 100_runtest.c_3139_local.oob.memfunc.length-misuse.maxcover.v5: run_se_driver.sh failed (driver=drivers/sa_manual/libxml2_62911_vul/100_runtest.c_3139_local.oob.memfunc.length-misuse.maxcover.v5.c, exit_code=1, duration=0s)
[ERR] 100_testlimits.c_99_local.oob.memfunc.length-misuse.maxcover.v5: run_se_driver.sh failed (driver=drivers/sa_manual/libxml2_62911_vul/100_testlimits.c_99_local.oob.memfunc.length-misuse.maxcover.v5.c, exit_code=1, duration=0s)
[ERR] 107_testThreads.c_106_local.oob.memfunc.length-misuse.maxcover.v5: run_se_driver.sh failed (driver=drivers/sa_manual/libxml2_62911_vul/107_testThreads.c_106_local.oob.memfunc.length-misuse.maxcover.v5.c, exit_code=1, duration=0s)
[ERR] 108_runtest.c_2832_local.oob.memfunc.length-misuse.maxcover.v5: run_se_driver.sh failed (driver=drivers/sa_manual/libxml2_62911_vul/108_runtest.c_2832_local.oob.memfunc.length-misuse.maxcover.v5.c, exit_code=1, duration=0s)
[ERR] 109_parser.c_9351_local.oob.memfunc.length-misuse.maxcover.v5: run_se_driver.sh failed (driver=drivers/sa_manual/libxml2_62911_vul/109_parser.c_9351_local.oob.memfunc.length-misuse.maxcover.v5.c, exit_code=1, duration=0s)
[ERR] 109_testrecurse.c_307_local.oob.memfunc.length-misuse.maxcover.v5: run_se_driver.sh failed (driver=drivers/sa_manual/libxml2_62911_vul/109_testrecurse.c_307_local.oob.memfunc.length-misuse.maxcover.v5.c, exit_code=1, duration=0s)
[ERR] 110_relaxng.c_6691_local.oob.memfunc.length-misuse.maxcover.v5: run_se_driver.sh failed (driver=drivers/sa_manual/libxml2_62911_vul/110_relaxng.c_6691_local.oob.memfunc.length-misuse.maxcover.v5.c, exit_code=1, duration=0s)
[ERR] 111_relaxng.c_6654_local.oob.memfunc.length-misuse.maxcover.v5: run_se_driver.sh failed (driver=drivers/sa_manual/libxml2_62911_vul/111_relaxng.c_6654_local.oob.memfunc.length-misuse.maxcover.v5.c, exit_code=1, duration=0s)
[ERR] 111_testrecurse.c_316_local.oob.memfunc.length-misuse.maxcover.v5: run_se_driver.sh failed (driver=drivers/sa_manual/libxml2_62911_vul/111_testrecurse.c_316_local.oob.memfunc.length-misuse.maxcover.v5.c, exit_code=1, duration=0s)
[ERR] 112_relaxng.c_6623_local.oob.memfunc.length-misuse.maxcover.v5: run_se_driver.sh failed (driver=drivers/sa_manual/libxml2_62911_vul/112_relaxng.c_6623_local.oob.memfunc.length-misuse.maxcover.v5.c, exit_code=1, duration=0s)
[ERR] 114_nanohttp.c_1305_local.oob.memfunc.length-misuse.maxcover.v5: run_se_driver.sh failed (driver=drivers/sa_manual/libxml2_62911_vul/114_nanohttp.c_1305_local.oob.memfunc.length-misuse.maxcover.v5.c, exit_code=1, duration=0s)
[ERR] 115_runtest.c_2112_local.oob.memfunc.length-misuse.maxcover.v5: run_se_driver.sh failed (driver=drivers/sa_manual/libxml2_62911_vul/115_runtest.c_2112_local.oob.memfunc.length-misuse.maxcover.v5.c, exit_code=1, duration=0s)
[ERR] 121_nanohttp.c_1222_local.oob.memfunc.length-misuse.maxcover.v5: run_se_driver.sh failed (driver=drivers/sa_manual/libxml2_62911_vul/121_nanohttp.c_1222_local.oob.memfunc.length-misuse.maxcover.v5.c, exit_code=1, duration=0s)
[ERR] 122_nanohttp.c_1000_local.oob.memfunc.length-misuse.maxcover.v5: run_se_driver.sh failed (driver=drivers/sa_manual/libxml2_62911_vul/122_nanohttp.c_1000_local.oob.memfunc.length-misuse.maxcover.v5.c, exit_code=1, duration=0s)
[ERR] 123_uri.c_2569_local.oob.memfunc.length-misuse.maxcover.v5: run_se_driver.sh failed (driver=drivers/sa_manual/libxml2_62911_vul/123_uri.c_2569_local.oob.memfunc.length-misuse.maxcover.v5.c, exit_code=1, duration=0s)
[ERR] 124_nanohttp.c_1108_local.oob.memfunc.length-misuse.maxcover.v5: run_se_driver.sh failed (driver=drivers/sa_manual/libxml2_62911_vul/124_nanohttp.c_1108_local.oob.memfunc.length-misuse.maxcover.v5.c, exit_code=1, duration=0s)
[ERR] 124_runtest.c_1760_local.oob.memfunc.length-misuse.maxcover.v5: run_se_driver.sh failed (driver=drivers/sa_manual/libxml2_62911_vul/124_runtest.c_1760_local.oob.memfunc.length-misuse.maxcover.v5.c, exit_code=1, duration=0s)
[ERR] 125_runtest.c_1789_local.oob.memfunc.length-misuse.maxcover.v5: run_se_driver.sh failed (driver=drivers/sa_manual/libxml2_62911_vul/125_runtest.c_1789_local.oob.memfunc.length-misuse.maxcover.v5.c, exit_code=1, duration=0s)
[ERR] 126_nanohttp.c_671_local.oob.memfunc.length-misuse.maxcover.v5: run_se_driver.sh failed (driver=drivers/sa_manual/libxml2_62911_vul/126_nanohttp.c_671_local.oob.memfunc.length-misuse.maxcover.v5.c, exit_code=1, duration=1s)
[ERR] 126_runtest.c_1792_local.oob.memfunc.length-misuse.maxcover.v5: run_se_driver.sh failed (driver=drivers/sa_manual/libxml2_62911_vul/126_runtest.c_1792_local.oob.memfunc.length-misuse.maxcover.v5.c, exit_code=1, duration=0s)
[ERR] 127_libxml.c_3334_local.oob.memfunc.length-misuse.maxcover.v5: run_se_driver.sh failed (driver=drivers/sa_manual/libxml2_62911_vul/127_libxml.c_3334_local.oob.memfunc.length-misuse.maxcover.v5.c, exit_code=1, duration=0s)
[ERR] 127_uri.c_2347_local.oob.memfunc.length-misuse.maxcover.v5: run_se_driver.sh failed (driver=drivers/sa_manual/libxml2_62911_vul/127_uri.c_2347_local.oob.memfunc.length-misuse.maxcover.v5.c, exit_code=1, duration=0s)
[ERR] 128_libxml.c_3280_local.oob.memfunc.length-misuse.maxcover.v5: run_se_driver.sh failed (driver=drivers/sa_manual/libxml2_62911_vul/128_libxml.c_3280_local.oob.memfunc.length-misuse.maxcover.v5.c, exit_code=1, duration=0s)
[ERR] 128_uri.c_2350_local.oob.memfunc.length-misuse.maxcover.v5: run_se_driver.sh failed (driver=drivers/sa_manual/libxml2_62911_vul/128_uri.c_2350_local.oob.memfunc.length-misuse.maxcover.v5.c, exit_code=1, duration=0s)
[ERR] 131_libxml.c_3182_local.oob.memfunc.length-misuse.maxcover.v5: run_se_driver.sh failed (driver=drivers/sa_manual/libxml2_62911_vul/131_libxml.c_3182_local.oob.memfunc.length-misuse.maxcover.v5.c, exit_code=1, duration=0s)
[ERR] 133_testchar.c_812_local.oob.memfunc.length-misuse.maxcover.v5: run_se_driver.sh failed (driver=drivers/sa_manual/libxml2_62911_vul/133_testchar.c_812_local.oob.memfunc.length-misuse.maxcover.v5.c, exit_code=1, duration=0s)
[ERR] 134_nanohttp.c_518_local.oob.memfunc.length-misuse.maxcover.v5: run_se_driver.sh failed (driver=drivers/sa_manual/libxml2_62911_vul/134_nanohttp.c_518_local.oob.memfunc.length-misuse.maxcover.v5.c, exit_code=1, duration=0s)
[ERR] 134_testchar.c_821_local.oob.memfunc.length-misuse.maxcover.v5: run_se_driver.sh failed (driver=drivers/sa_manual/libxml2_62911_vul/134_testchar.c_821_local.oob.memfunc.length-misuse.maxcover.v5.c, exit_code=1, duration=0s)
[ERR] 135_testchar.c_827_local.oob.memfunc.length-misuse.maxcover.v5: run_se_driver.sh failed (driver=drivers/sa_manual/libxml2_62911_vul/135_testchar.c_827_local.oob.memfunc.length-misuse.maxcover.v5.c, exit_code=1, duration=0s)
[ERR] 137_runtest.c_769_local.oob.memfunc.length-misuse.maxcover.v5: run_se_driver.sh failed (driver=drivers/sa_manual/libxml2_62911_vul/137_runtest.c_769_local.oob.memfunc.length-misuse.maxcover.v5.c, exit_code=1, duration=0s)
[ERR] 138_threads.c_384_local.oob.memfunc.length-misuse.maxcover.v5: run_se_driver.sh failed (driver=drivers/sa_manual/libxml2_62911_vul/138_threads.c_384_local.oob.memfunc.length-misuse.maxcover.v5.c, exit_code=1, duration=0s)
[ERR] 139_runtest.c_732_local.oob.memfunc.length-misuse.maxcover.v5: run_se_driver.sh failed (driver=drivers/sa_manual/libxml2_62911_vul/139_runtest.c_732_local.oob.memfunc.length-misuse.maxcover.v5.c, exit_code=1, duration=0s)
[ERR] 140_nanohttp.c_541_local.oob.memfunc.length-misuse.maxcover.v5: run_se_driver.sh failed (driver=drivers/sa_manual/libxml2_62911_vul/140_nanohttp.c_541_local.oob.memfunc.length-misuse.maxcover.v5.c, exit_code=1, duration=0s)
[ERR] 140_threads.c_348_local.oob.memfunc.length-misuse.maxcover.v5: run_se_driver.sh failed (driver=drivers/sa_manual/libxml2_62911_vul/140_threads.c_348_local.oob.memfunc.length-misuse.maxcover.v5.c, exit_code=1, duration=0s)
[ERR] 141_libxml.c_3030_local.oob.memfunc.length-misuse.maxcover.v5: run_se_driver.sh failed (driver=drivers/sa_manual/libxml2_62911_vul/141_libxml.c_3030_local.oob.memfunc.length-misuse.maxcover.v5.c, exit_code=1, duration=0s)
[ERR] 141_runtest.c_737_local.oob.memfunc.length-misuse.maxcover.v5: run_se_driver.sh failed (driver=drivers/sa_manual/libxml2_62911_vul/141_runtest.c_737_local.oob.memfunc.length-misuse.maxcover.v5.c, exit_code=1, duration=0s)
[ERR] 142_nanohttp.c_365_local.oob.memfunc.length-misuse.maxcover.v5: run_se_driver.sh failed (driver=drivers/sa_manual/libxml2_62911_vul/142_nanohttp.c_365_local.oob.memfunc.length-misuse.maxcover.v5.c, exit_code=1, duration=0s)
[ERR] 142_tree.c_9331_local.oob.memfunc.length-misuse.maxcover.v5: run_se_driver.sh failed (driver=drivers/sa_manual/libxml2_62911_vul/142_tree.c_9331_local.oob.memfunc.length-misuse.maxcover.v5.c, exit_code=1, duration=0s)
[ERR] 143_testchar.c_608_local.oob.memfunc.length-misuse.maxcover.v5: run_se_driver.sh failed (driver=drivers/sa_manual/libxml2_62911_vul/143_testchar.c_608_local.oob.memfunc.length-misuse.maxcover.v5.c, exit_code=1, duration=0s)
[ERR] 144_runtest.c_650_local.oob.memfunc.length-misuse.maxcover.v5: run_se_driver.sh failed (driver=drivers/sa_manual/libxml2_62911_vul/144_runtest.c_650_local.oob.memfunc.length-misuse.maxcover.v5.c, exit_code=1, duration=0s)
[ERR] 145_tree.c_9356_local.oob.memfunc.length-misuse.maxcover.v5: run_se_driver.sh failed (driver=drivers/sa_manual/libxml2_62911_vul/145_tree.c_9356_local.oob.memfunc.length-misuse.maxcover.v5.c, exit_code=1, duration=0s)
[ERR] 146_runtest.c_670_local.oob.memfunc.length-misuse.maxcover.v5: run_se_driver.sh failed (driver=drivers/sa_manual/libxml2_62911_vul/146_runtest.c_670_local.oob.memfunc.length-misuse.maxcover.v5.c, exit_code=1, duration=1s)
[ERR] 147_runtest.c_671_local.oob.memfunc.length-misuse.maxcover.v5: run_se_driver.sh failed (driver=drivers/sa_manual/libxml2_62911_vul/147_runtest.c_671_local.oob.memfunc.length-misuse.maxcover.v5.c, exit_code=1, duration=0s)
[ERR] 148_runtest.c_680_local.oob.memfunc.length-misuse.maxcover.v5: run_se_driver.sh failed (driver=drivers/sa_manual/libxml2_62911_vul/148_runtest.c_680_local.oob.memfunc.length-misuse.maxcover.v5.c, exit_code=1, duration=0s)
[ERR] 149_runtest.c_605_local.oob.memfunc.length-misuse.maxcover.v5: run_se_driver.sh failed (driver=drivers/sa_manual/libxml2_62911_vul/149_runtest.c_605_local.oob.memfunc.length-misuse.maxcover.v5.c, exit_code=1, duration=0s)
[ERR] 150_tree.c_9438_local.oob.memfunc.length-misuse.maxcover.v5: run_se_driver.sh failed (driver=drivers/sa_manual/libxml2_62911_vul/150_tree.c_9438_local.oob.memfunc.length-misuse.maxcover.v5.c, exit_code=1, duration=0s)
[ERR] 155_runtest.c_343_local.oob.memfunc.length-misuse.maxcover.v5: run_se_driver.sh failed (driver=drivers/sa_manual/libxml2_62911_vul/155_runtest.c_343_local.oob.memfunc.length-misuse.maxcover.v5.c, exit_code=1, duration=0s)
[ERR] 158_uri.c_1035_local.oob.memfunc.length-misuse.maxcover.v5: run_se_driver.sh failed (driver=drivers/sa_manual/libxml2_62911_vul/158_uri.c_1035_local.oob.memfunc.length-misuse.maxcover.v5.c, exit_code=1, duration=0s)
[ERR] 160_dict.c_760_local.oob.memfunc.length-misuse.maxcover.v5: run_se_driver.sh failed (driver=drivers/sa_manual/libxml2_62911_vul/160_dict.c_760_local.oob.memfunc.length-misuse.maxcover.v5.c, exit_code=1, duration=0s)
[ERR] 160_xmlcatalog.c_128_local.oob.memfunc.length-misuse.maxcover.v5: run_se_driver.sh failed (driver=drivers/sa_manual/libxml2_62911_vul/160_xmlcatalog.c_128_local.oob.memfunc.length-misuse.maxcover.v5.c, exit_code=1, duration=0s)
[ERR] 161_dict.c_766_local.oob.memfunc.length-misuse.maxcover.v5: run_se_driver.sh failed (driver=drivers/sa_manual/libxml2_62911_vul/161_dict.c_766_local.oob.memfunc.length-misuse.maxcover.v5.c, exit_code=1, duration=0s)
[ERR] 161_xmlcatalog.c_144_local.oob.memfunc.length-misuse.maxcover.v5: run_se_driver.sh failed (driver=drivers/sa_manual/libxml2_62911_vul/161_xmlcatalog.c_144_local.oob.memfunc.length-misuse.maxcover.v5.c, exit_code=1, duration=0s)
[ERR] 162_dict.c_588_local.oob.memfunc.length-misuse.maxcover.v5: run_se_driver.sh failed (driver=drivers/sa_manual/libxml2_62911_vul/162_dict.c_588_local.oob.memfunc.length-misuse.maxcover.v5.c, exit_code=1, duration=0s)
[ERR] 162_xmlcatalog.c_80_local.oob.memfunc.length-misuse.maxcover.v5: run_se_driver.sh failed (driver=drivers/sa_manual/libxml2_62911_vul/162_xmlcatalog.c_80_local.oob.memfunc.length-misuse.maxcover.v5.c, exit_code=1, duration=0s)
[ERR] 163_xmlcatalog.c_86_local.oob.memfunc.length-misuse.maxcover.v5: run_se_driver.sh failed (driver=drivers/sa_manual/libxml2_62911_vul/163_xmlcatalog.c_86_local.oob.memfunc.length-misuse.maxcover.v5.c, exit_code=1, duration=0s)
[ERR] 164_dict.c_541_local.oob.memfunc.length-misuse.maxcover.v5: run_se_driver.sh failed (driver=drivers/sa_manual/libxml2_62911_vul/164_dict.c_541_local.oob.memfunc.length-misuse.maxcover.v5.c, exit_code=1, duration=0s)
[ERR] 164_libxml.c_1856_local.oob.memfunc.length-misuse.maxcover.v5: run_se_driver.sh failed (driver=drivers/sa_manual/libxml2_62911_vul/164_libxml.c_1856_local.oob.memfunc.length-misuse.maxcover.v5.c, exit_code=1, duration=0s)
[ERR] 165_libxml.c_1670_local.oob.memfunc.length-misuse.maxcover.v5: run_se_driver.sh failed (driver=drivers/sa_manual/libxml2_62911_vul/165_libxml.c_1670_local.oob.memfunc.length-misuse.maxcover.v5.c, exit_code=1, duration=0s)
[ERR] 165_valid.c_6881_local.oob.memfunc.length-misuse.maxcover.v5: run_se_driver.sh failed (driver=drivers/sa_manual/libxml2_62911_vul/165_valid.c_6881_local.oob.memfunc.length-misuse.maxcover.v5.c, exit_code=1, duration=0s)
[ERR] 166_dict.c_232_local.oob.memfunc.length-misuse.maxcover.v5: run_se_driver.sh failed (driver=drivers/sa_manual/libxml2_62911_vul/166_dict.c_232_local.oob.memfunc.length-misuse.maxcover.v5.c, exit_code=1, duration=0s)
[ERR] 167_dict.c_235_local.oob.memfunc.length-misuse.maxcover.v5: run_se_driver.sh failed (driver=drivers/sa_manual/libxml2_62911_vul/167_dict.c_235_local.oob.memfunc.length-misuse.maxcover.v5.c, exit_code=1, duration=0s)
[ERR] 168_dict.c_172_local.oob.memfunc.length-misuse.maxcover.v5: run_se_driver.sh failed (driver=drivers/sa_manual/libxml2_62911_vul/168_dict.c_172_local.oob.memfunc.length-misuse.maxcover.v5.c, exit_code=1, duration=0s)
[ERR] 169_xmlmodule.c_90_local.oob.memfunc.length-misuse.maxcover.v5: run_se_driver.sh failed (driver=drivers/sa_manual/libxml2_62911_vul/169_xmlmodule.c_90_local.oob.memfunc.length-misuse.maxcover.v5.c, exit_code=1, duration=1s)
[ERR] 170_tree.c_7880_local.oob.memfunc.length-misuse.maxcover.v5: run_se_driver.sh failed (driver=drivers/sa_manual/libxml2_62911_vul/170_tree.c_7880_local.oob.memfunc.length-misuse.maxcover.v5.c, exit_code=1, duration=0s)
[ERR] 171_tree.c_7765_local.oob.memfunc.length-misuse.maxcover.v5: run_se_driver.sh failed (driver=drivers/sa_manual/libxml2_62911_vul/171_tree.c_7765_local.oob.memfunc.length-misuse.maxcover.v5.c, exit_code=1, duration=0s)
[ERR] 172_tree.c_7775_local.oob.memfunc.length-misuse.maxcover.v5: run_se_driver.sh failed (driver=drivers/sa_manual/libxml2_62911_vul/172_tree.c_7775_local.oob.memfunc.length-misuse.maxcover.v5.c, exit_code=1, duration=0s)
[ERR] 173_tree.c_7785_local.oob.memfunc.length-misuse.maxcover.v5: run_se_driver.sh failed (driver=drivers/sa_manual/libxml2_62911_vul/173_tree.c_7785_local.oob.memfunc.length-misuse.maxcover.v5.c, exit_code=1, duration=0s)
[ERR] 174_relaxng.c_4269_local.oob.memfunc.length-misuse.maxcover.v5: run_se_driver.sh failed (driver=drivers/sa_manual/libxml2_62911_vul/174_relaxng.c_4269_local.oob.memfunc.length-misuse.maxcover.v5.c, exit_code=1, duration=0s)
[ERR] 175_xinclude.c_295_local.oob.memfunc.length-misuse.maxcover.v5: run_se_driver.sh failed (driver=drivers/sa_manual/libxml2_62911_vul/175_xinclude.c_295_local.oob.memfunc.length-misuse.maxcover.v5.c, exit_code=1, duration=0s)
[ERR] 176_xinclude.c_244_local.oob.memfunc.length-misuse.maxcover.v5: run_se_driver.sh failed (driver=drivers/sa_manual/libxml2_62911_vul/176_xinclude.c_244_local.oob.memfunc.length-misuse.maxcover.v5.c, exit_code=1, duration=0s)
[ERR] 177_tree.c_7471_local.oob.memfunc.length-misuse.maxcover.v5: run_se_driver.sh failed (driver=drivers/sa_manual/libxml2_62911_vul/177_tree.c_7471_local.oob.memfunc.length-misuse.maxcover.v5.c, exit_code=1, duration=0s)
[ERR] 178_tree.c_7491_local.oob.memfunc.length-misuse.maxcover.v5: run_se_driver.sh failed (driver=drivers/sa_manual/libxml2_62911_vul/178_tree.c_7491_local.oob.memfunc.length-misuse.maxcover.v5.c, exit_code=1, duration=0s)
[ERR] 179_tree.c_7492_local.oob.memfunc.length-misuse.maxcover.v5: run_se_driver.sh failed (driver=drivers/sa_manual/libxml2_62911_vul/179_tree.c_7492_local.oob.memfunc.length-misuse.maxcover.v5.c, exit_code=1, duration=0s)
[ERR] 180_tree.c_7426_local.oob.memfunc.length-misuse.maxcover.v5: run_se_driver.sh failed (driver=drivers/sa_manual/libxml2_62911_vul/180_tree.c_7426_local.oob.memfunc.length-misuse.maxcover.v5.c, exit_code=1, duration=0s)
[ERR] 181_tree.c_7339_local.oob.memfunc.length-misuse.maxcover.v5: run_se_driver.sh failed (driver=drivers/sa_manual/libxml2_62911_vul/181_tree.c_7339_local.oob.memfunc.length-misuse.maxcover.v5.c, exit_code=1, duration=0s)
[ERR] 182_tree.c_7367_local.oob.memfunc.length-misuse.maxcover.v5: run_se_driver.sh failed (driver=drivers/sa_manual/libxml2_62911_vul/182_tree.c_7367_local.oob.memfunc.length-misuse.maxcover.v5.c, exit_code=1, duration=0s)
[ERR] 183_tree.c_7141_local.oob.memfunc.length-misuse.maxcover.v5: run_se_driver.sh failed (driver=drivers/sa_manual/libxml2_62911_vul/183_tree.c_7141_local.oob.memfunc.length-misuse.maxcover.v5.c, exit_code=1, duration=0s)
[ERR] 184_tree.c_7148_local.oob.memfunc.length-misuse.maxcover.v5: run_se_driver.sh failed (driver=drivers/sa_manual/libxml2_62911_vul/184_tree.c_7148_local.oob.memfunc.length-misuse.maxcover.v5.c, exit_code=1, duration=0s)
[ERR] 185_xmlsave.c_2610_local.oob.memfunc.length-misuse.maxcover.v5: run_se_driver.sh failed (driver=drivers/sa_manual/libxml2_62911_vul/185_xmlsave.c_2610_local.oob.memfunc.length-misuse.maxcover.v5.c, exit_code=1, duration=0s)
[ERR] 187_xmlsave.c_2556_local.oob.memfunc.length-misuse.maxcover.v5: run_se_driver.sh failed (driver=drivers/sa_manual/libxml2_62911_vul/187_xmlsave.c_2556_local.oob.memfunc.length-misuse.maxcover.v5.c, exit_code=1, duration=1s)
[ERR] 189_xmlsave.c_2517_local.oob.memfunc.length-misuse.maxcover.v5: run_se_driver.sh failed (driver=drivers/sa_manual/libxml2_62911_vul/189_xmlsave.c_2517_local.oob.memfunc.length-misuse.maxcover.v5.c, exit_code=1, duration=0s)
[ERR] 190_xmlsave.c_2468_local.oob.memfunc.length-misuse.maxcover.v5: run_se_driver.sh failed (driver=drivers/sa_manual/libxml2_62911_vul/190_xmlsave.c_2468_local.oob.memfunc.length-misuse.maxcover.v5.c, exit_code=1, duration=0s)
[ERR] 192_xmlsave.c_2354_local.oob.memfunc.length-misuse.maxcover.v5: run_se_driver.sh failed (driver=drivers/sa_manual/libxml2_62911_vul/192_xmlsave.c_2354_local.oob.memfunc.length-misuse.maxcover.v5.c, exit_code=1, duration=0s)
[ERR] 194_xmlsave.c_2268_local.oob.memfunc.length-misuse.maxcover.v5: run_se_driver.sh failed (driver=drivers/sa_manual/libxml2_62911_vul/194_xmlsave.c_2268_local.oob.memfunc.length-misuse.maxcover.v5.c, exit_code=1, duration=0s)
[ERR] 195_xmlmemory.c_412_local.oob.memfunc.length-misuse.maxcover.v5: run_se_driver.sh failed (driver=drivers/sa_manual/libxml2_62911_vul/195_xmlmemory.c_412_local.oob.memfunc.length-misuse.maxcover.v5.c, exit_code=1, duration=0s)
[ERR] 195_xmlsave.c_2179_local.oob.memfunc.length-misuse.maxcover.v5: run_se_driver.sh failed (driver=drivers/sa_manual/libxml2_62911_vul/195_xmlsave.c_2179_local.oob.memfunc.length-misuse.maxcover.v5.c, exit_code=1, duration=0s)
[ERR] 196_xmlregexp.c_6035_local.oob.memfunc.length-misuse.maxcover.v5: run_se_driver.sh failed (driver=drivers/sa_manual/libxml2_62911_vul/196_xmlregexp.c_6035_local.oob.memfunc.length-misuse.maxcover.v5.c, exit_code=1, duration=0s)
[ERR] 197_xmlregexp.c_6037_local.oob.memfunc.length-misuse.maxcover.v5: run_se_driver.sh failed (driver=drivers/sa_manual/libxml2_62911_vul/197_xmlregexp.c_6037_local.oob.memfunc.length-misuse.maxcover.v5.c, exit_code=1, duration=0s)
[ERR] 198_relaxng.c_3683_local.oob.memfunc.length-misuse.maxcover.v5: run_se_driver.sh failed (driver=drivers/sa_manual/libxml2_62911_vul/198_relaxng.c_3683_local.oob.memfunc.length-misuse.maxcover.v5.c, exit_code=1, duration=0s)
[ERR] 201_xmlregexp.c_5862_local.oob.memfunc.length-misuse.maxcover.v5: run_se_driver.sh failed (driver=drivers/sa_manual/libxml2_62911_vul/201_xmlregexp.c_5862_local.oob.memfunc.length-misuse.maxcover.v5.c, exit_code=1, duration=0s)
[ERR] 202_xmlregexp.c_5864_local.oob.memfunc.length-misuse.maxcover.v5: run_se_driver.sh failed (driver=drivers/sa_manual/libxml2_62911_vul/202_xmlregexp.c_5864_local.oob.memfunc.length-misuse.maxcover.v5.c, exit_code=1, duration=0s)
[ERR] 204_xmlregexp.c_5792_local.oob.memfunc.length-misuse.maxcover.v5: run_se_driver.sh failed (driver=drivers/sa_manual/libxml2_62911_vul/204_xmlregexp.c_5792_local.oob.memfunc.length-misuse.maxcover.v5.c, exit_code=1, duration=0s)
[ERR] 205_xmlregexp.c_5794_local.oob.memfunc.length-misuse.maxcover.v5: run_se_driver.sh failed (driver=drivers/sa_manual/libxml2_62911_vul/205_xmlregexp.c_5794_local.oob.memfunc.length-misuse.maxcover.v5.c, exit_code=1, duration=0s)
[ERR] 206_xmlregexp.c_5730_local.oob.memfunc.length-misuse.maxcover.v5: run_se_driver.sh failed (driver=drivers/sa_manual/libxml2_62911_vul/206_xmlregexp.c_5730_local.oob.memfunc.length-misuse.maxcover.v5.c, exit_code=1, duration=0s)
[ERR] 207_libxml.c_349_local.oob.memfunc.length-misuse.maxcover.v5: run_se_driver.sh failed (driver=drivers/sa_manual/libxml2_62911_vul/207_libxml.c_349_local.oob.memfunc.length-misuse.maxcover.v5.c, exit_code=1, duration=0s)
[ERR] 207_xmlregexp.c_5732_local.oob.memfunc.length-misuse.maxcover.v5: run_se_driver.sh failed (driver=drivers/sa_manual/libxml2_62911_vul/207_xmlregexp.c_5732_local.oob.memfunc.length-misuse.maxcover.v5.c, exit_code=1, duration=0s)
[ERR] 208_xmlstring.c_878_local.oob.memfunc.length-misuse.maxcover.v5: run_se_driver.sh failed (driver=drivers/sa_manual/libxml2_62911_vul/208_xmlstring.c_878_local.oob.memfunc.length-misuse.maxcover.v5.c, exit_code=1, duration=0s)
[ERR] 209_libxml.c_351_local.oob.memfunc.length-misuse.maxcover.v5: run_se_driver.sh failed (driver=drivers/sa_manual/libxml2_62911_vul/209_libxml.c_351_local.oob.memfunc.length-misuse.maxcover.v5.c, exit_code=1, duration=0s)
[ERR] 209_tree.c_6095_local.oob.memfunc.length-misuse.maxcover.v5: run_se_driver.sh failed (driver=drivers/sa_manual/libxml2_62911_vul/209_tree.c_6095_local.oob.memfunc.length-misuse.maxcover.v5.c, exit_code=1, duration=0s)
[ERR] 210_libxml.c_287_local.oob.memfunc.length-misuse.maxcover.v5: run_se_driver.sh failed (driver=drivers/sa_manual/libxml2_62911_vul/210_libxml.c_287_local.oob.memfunc.length-misuse.maxcover.v5.c, exit_code=1, duration=1s)
[ERR] 210_xmlIO.c_3679_local.oob.memfunc.length-misuse.maxcover.v5: run_se_driver.sh failed (driver=drivers/sa_manual/libxml2_62911_vul/210_xmlIO.c_3679_local.oob.memfunc.length-misuse.maxcover.v5.c, exit_code=1, duration=0s)
[ERR] 211_libxml.c_289_local.oob.memfunc.length-misuse.maxcover.v5: run_se_driver.sh failed (driver=drivers/sa_manual/libxml2_62911_vul/211_libxml.c_289_local.oob.memfunc.length-misuse.maxcover.v5.c, exit_code=1, duration=0s)
[ERR] 211_tree.c_5962_local.oob.memfunc.length-misuse.maxcover.v5: run_se_driver.sh failed (driver=drivers/sa_manual/libxml2_62911_vul/211_tree.c_5962_local.oob.memfunc.length-misuse.maxcover.v5.c, exit_code=1, duration=0s)
[ERR] 212_relaxng.c_2728_local.oob.memfunc.length-misuse.maxcover.v5: run_se_driver.sh failed (driver=drivers/sa_manual/libxml2_62911_vul/212_relaxng.c_2728_local.oob.memfunc.length-misuse.maxcover.v5.c, exit_code=1, duration=0s)
[ERR] 212_tree.c_5917_local.oob.memfunc.length-misuse.maxcover.v5: run_se_driver.sh failed (driver=drivers/sa_manual/libxml2_62911_vul/212_tree.c_5917_local.oob.memfunc.length-misuse.maxcover.v5.c, exit_code=1, duration=0s)
[ERR] 213_xmlstring.c_505_local.oob.memfunc.length-misuse.maxcover.v5: run_se_driver.sh failed (driver=drivers/sa_manual/libxml2_62911_vul/213_xmlstring.c_505_local.oob.memfunc.length-misuse.maxcover.v5.c, exit_code=1, duration=0s)
[ERR] 214_parser.c_5096_local.oob.memfunc.length-misuse.maxcover.v5: run_se_driver.sh failed (driver=drivers/sa_manual/libxml2_62911_vul/214_parser.c_5096_local.oob.memfunc.length-misuse.maxcover.v5.c, exit_code=1, duration=0s)
[ERR] 214_xmlstring.c_506_local.oob.memfunc.length-misuse.maxcover.v5: run_se_driver.sh failed (driver=drivers/sa_manual/libxml2_62911_vul/214_xmlstring.c_506_local.oob.memfunc.length-misuse.maxcover.v5.c, exit_code=1, duration=0s)
[ERR] 215_xmlstring.c_466_local.oob.memfunc.length-misuse.maxcover.v5: run_se_driver.sh failed (driver=drivers/sa_manual/libxml2_62911_vul/215_xmlstring.c_466_local.oob.memfunc.length-misuse.maxcover.v5.c, exit_code=1, duration=0s)
[ERR] 216_xmlstring.c_53_local.oob.memfunc.length-misuse.maxcover.v5: run_se_driver.sh failed (driver=drivers/sa_manual/libxml2_62911_vul/216_xmlstring.c_53_local.oob.memfunc.length-misuse.maxcover.v5.c, exit_code=1, duration=0s)
[ERR] 218_xmlIO.c_2922_local.oob.memfunc.length-misuse.maxcover.v5: run_se_driver.sh failed (driver=drivers/sa_manual/libxml2_62911_vul/218_xmlIO.c_2922_local.oob.memfunc.length-misuse.maxcover.v5.c, exit_code=1, duration=0s)
[ERR] 219_xmlIO.c_2925_local.oob.memfunc.length-misuse.maxcover.v5: run_se_driver.sh failed (driver=drivers/sa_manual/libxml2_62911_vul/219_xmlIO.c_2925_local.oob.memfunc.length-misuse.maxcover.v5.c, exit_code=1, duration=0s)
[ERR] 220_relaxng.c_1933_local.oob.memfunc.length-misuse.maxcover.v5: run_se_driver.sh failed (driver=drivers/sa_manual/libxml2_62911_vul/220_relaxng.c_1933_local.oob.memfunc.length-misuse.maxcover.v5.c, exit_code=1, duration=0s)
[ERR] 220_xmlIO.c_2845_local.oob.memfunc.length-misuse.maxcover.v5: run_se_driver.sh failed (driver=drivers/sa_manual/libxml2_62911_vul/220_xmlIO.c_2845_local.oob.memfunc.length-misuse.maxcover.v5.c, exit_code=1, duration=0s)
[ERR] 221_xmlIO.c_2338_local.oob.memfunc.length-misuse.maxcover.v5: run_se_driver.sh failed (driver=drivers/sa_manual/libxml2_62911_vul/221_xmlIO.c_2338_local.oob.memfunc.length-misuse.maxcover.v5.c, exit_code=1, duration=0s)
[ERR] 222_xmlIO.c_2291_local.oob.memfunc.length-misuse.maxcover.v5: run_se_driver.sh failed (driver=drivers/sa_manual/libxml2_62911_vul/222_xmlIO.c_2291_local.oob.memfunc.length-misuse.maxcover.v5.c, exit_code=1, duration=0s)
[ERR] 224_relaxng.c_1602_local.oob.memfunc.length-misuse.maxcover.v5: run_se_driver.sh failed (driver=drivers/sa_manual/libxml2_62911_vul/224_relaxng.c_1602_local.oob.memfunc.length-misuse.maxcover.v5.c, exit_code=1, duration=0s)
[ERR] 225_xmlIO.c_2253_local.oob.memfunc.length-misuse.maxcover.v5: run_se_driver.sh failed (driver=drivers/sa_manual/libxml2_62911_vul/225_xmlIO.c_2253_local.oob.memfunc.length-misuse.maxcover.v5.c, exit_code=1, duration=0s)
[ERR] 225_xmlregexp.c_4052_local.oob.memfunc.length-misuse.maxcover.v5: run_se_driver.sh failed (driver=drivers/sa_manual/libxml2_62911_vul/225_xmlregexp.c_4052_local.oob.memfunc.length-misuse.maxcover.v5.c, exit_code=1, duration=0s)
[ERR] 226_xmlregexp.c_4054_local.oob.memfunc.length-misuse.maxcover.v5: run_se_driver.sh failed (driver=drivers/sa_manual/libxml2_62911_vul/226_xmlregexp.c_4054_local.oob.memfunc.length-misuse.maxcover.v5.c, exit_code=1, duration=1s)
[ERR] 227_relaxng.c_1279_local.oob.memfunc.length-misuse.maxcover.v5: run_se_driver.sh failed (driver=drivers/sa_manual/libxml2_62911_vul/227_relaxng.c_1279_local.oob.memfunc.length-misuse.maxcover.v5.c, exit_code=1, duration=0s)
[ERR] 228_relaxng.c_1283_local.oob.memfunc.length-misuse.maxcover.v5: run_se_driver.sh failed (driver=drivers/sa_manual/libxml2_62911_vul/228_relaxng.c_1283_local.oob.memfunc.length-misuse.maxcover.v5.c, exit_code=1, duration=0s)
[ERR] 228_xmlreader.c_5229_local.oob.memfunc.length-misuse.maxcover.v5: run_se_driver.sh failed (driver=drivers/sa_manual/libxml2_62911_vul/228_xmlreader.c_5229_local.oob.memfunc.length-misuse.maxcover.v5.c, exit_code=1, duration=0s)
[ERR] 229_xmlregexp.c_3928_local.oob.memfunc.length-misuse.maxcover.v5: run_se_driver.sh failed (driver=drivers/sa_manual/libxml2_62911_vul/229_xmlregexp.c_3928_local.oob.memfunc.length-misuse.maxcover.v5.c, exit_code=1, duration=0s)
[ERR] 229_xmlsave.c_346_local.oob.memfunc.length-misuse.maxcover.v5: run_se_driver.sh failed (driver=drivers/sa_manual/libxml2_62911_vul/229_xmlsave.c_346_local.oob.memfunc.length-misuse.maxcover.v5.c, exit_code=1, duration=0s)
[ERR] 230_relaxng.c_1309_local.oob.memfunc.length-misuse.maxcover.v5: run_se_driver.sh failed (driver=drivers/sa_manual/libxml2_62911_vul/230_relaxng.c_1309_local.oob.memfunc.length-misuse.maxcover.v5.c, exit_code=1, duration=0s)
[ERR] 230_xmlsave.c_298_local.oob.memfunc.length-misuse.maxcover.v5: run_se_driver.sh failed (driver=drivers/sa_manual/libxml2_62911_vul/230_xmlsave.c_298_local.oob.memfunc.length-misuse.maxcover.v5.c, exit_code=1, duration=0s)
[ERR] 231_xmlsave.c_303_local.oob.memfunc.length-misuse.maxcover.v5: run_se_driver.sh failed (driver=drivers/sa_manual/libxml2_62911_vul/231_xmlsave.c_303_local.oob.memfunc.length-misuse.maxcover.v5.c, exit_code=1, duration=0s)
[ERR] 232_relaxng.c_1197_local.oob.memfunc.length-misuse.maxcover.v5: run_se_driver.sh failed (driver=drivers/sa_manual/libxml2_62911_vul/232_relaxng.c_1197_local.oob.memfunc.length-misuse.maxcover.v5.c, exit_code=1, duration=0s)
[ERR] 233_xmlIO.c_1776_local.oob.memfunc.length-misuse.maxcover.v5: run_se_driver.sh failed (driver=drivers/sa_manual/libxml2_62911_vul/233_xmlIO.c_1776_local.oob.memfunc.length-misuse.maxcover.v5.c, exit_code=1, duration=0s)
[ERR] 233_xmlregexp.c_3968_local.oob.memfunc.length-misuse.maxcover.v5: run_se_driver.sh failed (driver=drivers/sa_manual/libxml2_62911_vul/233_xmlregexp.c_3968_local.oob.memfunc.length-misuse.maxcover.v5.c, exit_code=1, duration=0s)
[ERR] 234_xmlIO.c_1483_local.oob.memfunc.length-misuse.maxcover.v5: run_se_driver.sh failed (driver=drivers/sa_manual/libxml2_62911_vul/234_xmlIO.c_1483_local.oob.memfunc.length-misuse.maxcover.v5.c, exit_code=1, duration=0s)
[ERR] 236_relaxng.c_1235_local.oob.memfunc.length-misuse.maxcover.v5: run_se_driver.sh failed (driver=drivers/sa_manual/libxml2_62911_vul/236_relaxng.c_1235_local.oob.memfunc.length-misuse.maxcover.v5.c, exit_code=1, duration=0s)
[ERR] 236_tree.c_4143_local.oob.memfunc.length-misuse.maxcover.v5: run_se_driver.sh failed (driver=drivers/sa_manual/libxml2_62911_vul/236_tree.c_4143_local.oob.memfunc.length-misuse.maxcover.v5.c, exit_code=1, duration=0s)
[ERR] 237_xmlschemas.c_28533_local.oob.memfunc.length-misuse.maxcover.v5: run_se_driver.sh failed (driver=drivers/sa_manual/libxml2_62911_vul/237_xmlschemas.c_28533_local.oob.memfunc.length-misuse.maxcover.v5.c, exit_code=1, duration=0s)
[ERR] 238_relaxng.c_904_local.oob.memfunc.length-misuse.maxcover.v5: run_se_driver.sh failed (driver=drivers/sa_manual/libxml2_62911_vul/238_relaxng.c_904_local.oob.memfunc.length-misuse.maxcover.v5.c, exit_code=1, duration=0s)
[ERR] 239_relaxng.c_829_local.oob.memfunc.length-misuse.maxcover.v5: run_se_driver.sh failed (driver=drivers/sa_manual/libxml2_62911_vul/239_relaxng.c_829_local.oob.memfunc.length-misuse.maxcover.v5.c, exit_code=1, duration=0s)
[ERR] 240_valid.c_3172_local.oob.memfunc.length-misuse.maxcover.v5: run_se_driver.sh failed (driver=drivers/sa_manual/libxml2_62911_vul/240_valid.c_3172_local.oob.memfunc.length-misuse.maxcover.v5.c, exit_code=1, duration=1s)
[ERR] 242_xmlregexp.c_3447_local.oob.memfunc.length-misuse.maxcover.v5: run_se_driver.sh failed (driver=drivers/sa_manual/libxml2_62911_vul/242_xmlregexp.c_3447_local.oob.memfunc.length-misuse.maxcover.v5.c, exit_code=1, duration=0s)
[ERR] 244_relaxng.c_750_local.oob.memfunc.length-misuse.maxcover.v5: run_se_driver.sh failed (driver=drivers/sa_manual/libxml2_62911_vul/244_relaxng.c_750_local.oob.memfunc.length-misuse.maxcover.v5.c, exit_code=1, duration=0s)
[ERR] 245_xmlregexp.c_3474_local.oob.memfunc.length-misuse.maxcover.v5: run_se_driver.sh failed (driver=drivers/sa_manual/libxml2_62911_vul/245_xmlregexp.c_3474_local.oob.memfunc.length-misuse.maxcover.v5.c, exit_code=1, duration=0s)
[ERR] 246_xmlregexp.c_3163_local.oob.memfunc.length-misuse.maxcover.v5: run_se_driver.sh failed (driver=drivers/sa_manual/libxml2_62911_vul/246_xmlregexp.c_3163_local.oob.memfunc.length-misuse.maxcover.v5.c, exit_code=1, duration=0s)
[ERR] 247_parser.c_3828_local.oob.memfunc.length-misuse.maxcover.v5: run_se_driver.sh failed (driver=drivers/sa_manual/libxml2_62911_vul/247_parser.c_3828_local.oob.memfunc.length-misuse.maxcover.v5.c, exit_code=1, duration=0s)
[ERR] 248_xmlregexp.c_3125_local.oob.memfunc.length-misuse.maxcover.v5: run_se_driver.sh failed (driver=drivers/sa_manual/libxml2_62911_vul/248_xmlregexp.c_3125_local.oob.memfunc.length-misuse.maxcover.v5.c, exit_code=1, duration=0s)
[ERR] 249_xmllint.c_761_local.oob.memfunc.length-misuse.maxcover.v5: run_se_driver.sh failed (driver=drivers/sa_manual/libxml2_62911_vul/249_xmllint.c_761_local.oob.memfunc.length-misuse.maxcover.v5.c, exit_code=1, duration=0s)
[ERR] 249_xmlregexp.c_3068_local.oob.memfunc.length-misuse.maxcover.v5: run_se_driver.sh failed (driver=drivers/sa_manual/libxml2_62911_vul/249_xmlregexp.c_3068_local.oob.memfunc.length-misuse.maxcover.v5.c, exit_code=1, duration=0s)
[ERR] 250_xmllint.c_767_local.oob.memfunc.length-misuse.maxcover.v5: run_se_driver.sh failed (driver=drivers/sa_manual/libxml2_62911_vul/250_xmllint.c_767_local.oob.memfunc.length-misuse.maxcover.v5.c, exit_code=1, duration=0s)
[ERR] 250_xmlregexp.c_3085_local.oob.memfunc.length-misuse.maxcover.v5: run_se_driver.sh failed (driver=drivers/sa_manual/libxml2_62911_vul/250_xmlregexp.c_3085_local.oob.memfunc.length-misuse.maxcover.v5.c, exit_code=1, duration=0s)
[ERR] 251_xmlIO.c_728_local.oob.memfunc.length-misuse.maxcover.v5: run_se_driver.sh failed (driver=drivers/sa_manual/libxml2_62911_vul/251_xmlIO.c_728_local.oob.memfunc.length-misuse.maxcover.v5.c, exit_code=1, duration=0s)
[ERR] 251_xmlregexp.c_3100_local.oob.memfunc.length-misuse.maxcover.v5: run_se_driver.sh failed (driver=drivers/sa_manual/libxml2_62911_vul/251_xmlregexp.c_3100_local.oob.memfunc.length-misuse.maxcover.v5.c, exit_code=1, duration=0s)
[ERR] 252_parser.c_3749_local.oob.memfunc.length-misuse.maxcover.v5: run_se_driver.sh failed (driver=drivers/sa_manual/libxml2_62911_vul/252_parser.c_3749_local.oob.memfunc.length-misuse.maxcover.v5.c, exit_code=1, duration=0s)
[ERR] 256_xmllint.c_494_local.oob.memfunc.length-misuse.maxcover.v5: run_se_driver.sh failed (driver=drivers/sa_manual/libxml2_62911_vul/256_xmllint.c_494_local.oob.memfunc.length-misuse.maxcover.v5.c, exit_code=1, duration=0s)
[ERR] 259_valid.c_2277_local.oob.memfunc.length-misuse.maxcover.v5: run_se_driver.sh failed (driver=drivers/sa_manual/libxml2_62911_vul/259_valid.c_2277_local.oob.memfunc.length-misuse.maxcover.v5.c, exit_code=1, duration=0s)
[ERR] 260_xmlschemas.c_27437_local.oob.memfunc.length-misuse.maxcover.v5: run_se_driver.sh failed (driver=drivers/sa_manual/libxml2_62911_vul/260_xmlschemas.c_27437_local.oob.memfunc.length-misuse.maxcover.v5.c, exit_code=1, duration=0s)
[ERR] 261_valid.c_2061_local.oob.memfunc.length-misuse.maxcover.v5: run_se_driver.sh failed (driver=drivers/sa_manual/libxml2_62911_vul/261_valid.c_2061_local.oob.memfunc.length-misuse.maxcover.v5.c, exit_code=1, duration=1s)
[ERR] 262_valid.c_1916_local.oob.memfunc.length-misuse.maxcover.v5: run_se_driver.sh failed (driver=drivers/sa_manual/libxml2_62911_vul/262_valid.c_1916_local.oob.memfunc.length-misuse.maxcover.v5.c, exit_code=1, duration=0s)
[ERR] 263_timsort.h_383_local.oob.memfunc.length-misuse.maxcover.v5: run_se_driver.sh failed (driver=drivers/sa_manual/libxml2_62911_vul/263_timsort.h_383_local.oob.memfunc.length-misuse.maxcover.v5.c, exit_code=1, duration=0s)
[ERR] 264_timsort.h_402_local.oob.memfunc.length-misuse.maxcover.v5: run_se_driver.sh failed (driver=drivers/sa_manual/libxml2_62911_vul/264_timsort.h_402_local.oob.memfunc.length-misuse.maxcover.v5.c, exit_code=1, duration=0s)
[ERR] 267_valid.c_1648_local.oob.memfunc.length-misuse.maxcover.v5: run_se_driver.sh failed (driver=drivers/sa_manual/libxml2_62911_vul/267_valid.c_1648_local.oob.memfunc.length-misuse.maxcover.v5.c, exit_code=1, duration=0s)
[ERR] 268_tree.c_2727_local.oob.memfunc.length-misuse.maxcover.v5: run_se_driver.sh failed (driver=drivers/sa_manual/libxml2_62911_vul/268_tree.c_2727_local.oob.memfunc.length-misuse.maxcover.v5.c, exit_code=1, duration=0s)
[ERR] 269_parser.c_3179_local.oob.memfunc.length-misuse.maxcover.v5: run_se_driver.sh failed (driver=drivers/sa_manual/libxml2_62911_vul/269_parser.c_3179_local.oob.memfunc.length-misuse.maxcover.v5.c, exit_code=1, duration=0s)
[ERR] 270_tree.c_2693_local.oob.memfunc.length-misuse.maxcover.v5: run_se_driver.sh failed (driver=drivers/sa_manual/libxml2_62911_vul/270_tree.c_2693_local.oob.memfunc.length-misuse.maxcover.v5.c, exit_code=1, duration=0s)
[ERR] 271_parser.c_3257_local.oob.memfunc.length-misuse.maxcover.v5: run_se_driver.sh failed (driver=drivers/sa_manual/libxml2_62911_vul/271_parser.c_3257_local.oob.memfunc.length-misuse.maxcover.v5.c, exit_code=1, duration=0s)
[ERR] 271_xzlib.c_745_local.oob.memfunc.length-misuse.maxcover.v5: run_se_driver.sh failed (driver=drivers/sa_manual/libxml2_62911_vul/271_xzlib.c_745_local.oob.memfunc.length-misuse.maxcover.v5.c, exit_code=1, duration=0s)
[ERR] 272_tree.c_2640_local.oob.memfunc.length-misuse.maxcover.v5: run_se_driver.sh failed (driver=drivers/sa_manual/libxml2_62911_vul/272_tree.c_2640_local.oob.memfunc.length-misuse.maxcover.v5.c, exit_code=1, duration=0s)
[ERR] 273_valid.c_1509_local.oob.memfunc.length-misuse.maxcover.v5: run_se_driver.sh failed (driver=drivers/sa_manual/libxml2_62911_vul/273_valid.c_1509_local.oob.memfunc.length-misuse.maxcover.v5.c, exit_code=1, duration=0s)
[ERR] 274_tree.c_2569_local.oob.memfunc.length-misuse.maxcover.v5: run_se_driver.sh failed (driver=drivers/sa_manual/libxml2_62911_vul/274_tree.c_2569_local.oob.memfunc.length-misuse.maxcover.v5.c, exit_code=1, duration=0s)
[ERR] 274_valid.c_1397_local.oob.memfunc.length-misuse.maxcover.v5: run_se_driver.sh failed (driver=drivers/sa_manual/libxml2_62911_vul/274_valid.c_1397_local.oob.memfunc.length-misuse.maxcover.v5.c, exit_code=1, duration=0s)
[ERR] 275_tree.c_2525_local.oob.memfunc.length-misuse.maxcover.v5: run_se_driver.sh failed (driver=drivers/sa_manual/libxml2_62911_vul/275_tree.c_2525_local.oob.memfunc.length-misuse.maxcover.v5.c, exit_code=1, duration=0s)
[ERR] 276_valid.c_854_local.oob.memfunc.length-misuse.maxcover.v5: run_se_driver.sh failed (driver=drivers/sa_manual/libxml2_62911_vul/276_valid.c_854_local.oob.memfunc.length-misuse.maxcover.v5.c, exit_code=1, duration=0s)
[ERR] 277_tree.c_2415_local.oob.memfunc.length-misuse.maxcover.v5: run_se_driver.sh failed (driver=drivers/sa_manual/libxml2_62911_vul/277_tree.c_2415_local.oob.memfunc.length-misuse.maxcover.v5.c, exit_code=1, duration=0s)
[ERR] 277_valid.c_883_local.oob.memfunc.length-misuse.maxcover.v5: run_se_driver.sh failed (driver=drivers/sa_manual/libxml2_62911_vul/277_valid.c_883_local.oob.memfunc.length-misuse.maxcover.v5.c, exit_code=1, duration=0s)
[ERR] 278_tree.c_2382_local.oob.memfunc.length-misuse.maxcover.v5: run_se_driver.sh failed (driver=drivers/sa_manual/libxml2_62911_vul/278_tree.c_2382_local.oob.memfunc.length-misuse.maxcover.v5.c, exit_code=1, duration=0s)
[ERR] 278_valid.c_789_local.oob.memfunc.length-misuse.maxcover.v5: run_se_driver.sh failed (driver=drivers/sa_manual/libxml2_62911_vul/278_valid.c_789_local.oob.memfunc.length-misuse.maxcover.v5.c, exit_code=1, duration=0s)
[ERR] 279_tree.c_2248_local.oob.memfunc.length-misuse.maxcover.v5: run_se_driver.sh failed (driver=drivers/sa_manual/libxml2_62911_vul/279_tree.c_2248_local.oob.memfunc.length-misuse.maxcover.v5.c, exit_code=1, duration=0s)
[ERR] 280_tree.c_2207_local.oob.memfunc.length-misuse.maxcover.v5: run_se_driver.sh failed (driver=drivers/sa_manual/libxml2_62911_vul/280_tree.c_2207_local.oob.memfunc.length-misuse.maxcover.v5.c, exit_code=1, duration=0s)
[ERR] 280_valid.c_718_local.oob.memfunc.length-misuse.maxcover.v5: run_se_driver.sh failed (driver=drivers/sa_manual/libxml2_62911_vul/280_valid.c_718_local.oob.memfunc.length-misuse.maxcover.v5.c, exit_code=1, duration=0s)
[ERR] 281_xzlib.c_522_local.oob.memfunc.length-misuse.maxcover.v5: run_se_driver.sh failed (driver=drivers/sa_manual/libxml2_62911_vul/281_xzlib.c_522_local.oob.memfunc.length-misuse.maxcover.v5.c, exit_code=1, duration=0s)
[ERR] 282_tree.c_2146_local.oob.memfunc.length-misuse.maxcover.v5: run_se_driver.sh failed (driver=drivers/sa_manual/libxml2_62911_vul/282_tree.c_2146_local.oob.memfunc.length-misuse.maxcover.v5.c, exit_code=1, duration=0s)
[ERR] 282_xmlschemastypes.c_6050_local.oob.memfunc.length-misuse.maxcover.v5: run_se_driver.sh failed (driver=drivers/sa_manual/libxml2_62911_vul/282_xmlschemastypes.c_6050_local.oob.memfunc.length-misuse.maxcover.v5.c, exit_code=1, duration=0s)
[ERR] 283_xmlschemastypes.c_6060_local.oob.memfunc.length-misuse.maxcover.v5: run_se_driver.sh failed (driver=drivers/sa_manual/libxml2_62911_vul/283_xmlschemastypes.c_6060_local.oob.memfunc.length-misuse.maxcover.v5.c, exit_code=1, duration=0s)
[ERR] 284_tree.c_2012_local.oob.memfunc.length-misuse.maxcover.v5: run_se_driver.sh failed (driver=drivers/sa_manual/libxml2_62911_vul/284_tree.c_2012_local.oob.memfunc.length-misuse.maxcover.v5.c, exit_code=1, duration=0s)
[ERR] 284_xmlschemastypes.c_6061_local.oob.memfunc.length-misuse.maxcover.v5: run_se_driver.sh failed (driver=drivers/sa_manual/libxml2_62911_vul/284_xmlschemastypes.c_6061_local.oob.memfunc.length-misuse.maxcover.v5.c, exit_code=1, duration=0s)
[ERR] 285_xzlib.c_292_local.oob.memfunc.length-misuse.maxcover.v5: run_se_driver.sh failed (driver=drivers/sa_manual/libxml2_62911_vul/285_xzlib.c_292_local.oob.memfunc.length-misuse.maxcover.v5.c, exit_code=1, duration=0s)
[ERR] 286_xzlib.c_238_local.oob.memfunc.length-misuse.maxcover.v5: run_se_driver.sh failed (driver=drivers/sa_manual/libxml2_62911_vul/286_xzlib.c_238_local.oob.memfunc.length-misuse.maxcover.v5.c, exit_code=1, duration=0s)
[ERR] 287_parser.c_1856_local.oob.memfunc.length-misuse.maxcover.v5: run_se_driver.sh failed (driver=drivers/sa_manual/libxml2_62911_vul/287_parser.c_1856_local.oob.memfunc.length-misuse.maxcover.v5.c, exit_code=1, duration=0s)
[ERR] 288_parser.c_1739_local.oob.memfunc.length-misuse.maxcover.v5: run_se_driver.sh failed (driver=drivers/sa_manual/libxml2_62911_vul/288_parser.c_1739_local.oob.memfunc.length-misuse.maxcover.v5.c, exit_code=1, duration=0s)
[ERR] 289_parser.c_1444_local.oob.memfunc.length-misuse.maxcover.v5: run_se_driver.sh failed (driver=drivers/sa_manual/libxml2_62911_vul/289_parser.c_1444_local.oob.memfunc.length-misuse.maxcover.v5.c, exit_code=1, duration=0s)
[ERR] 290_parser.c_1406_local.oob.memfunc.length-misuse.maxcover.v5: run_se_driver.sh failed (driver=drivers/sa_manual/libxml2_62911_vul/290_parser.c_1406_local.oob.memfunc.length-misuse.maxcover.v5.c, exit_code=1, duration=1s)
[ERR] 291_tree.c_1861_local.oob.memfunc.length-misuse.maxcover.v5: run_se_driver.sh failed (driver=drivers/sa_manual/libxml2_62911_vul/291_tree.c_1861_local.oob.memfunc.length-misuse.maxcover.v5.c, exit_code=1, duration=0s)
[ERR] 293_xmlregexp.c_893_local.oob.memfunc.length-misuse.maxcover.v5: run_se_driver.sh failed (driver=drivers/sa_manual/libxml2_62911_vul/293_xmlregexp.c_893_local.oob.memfunc.length-misuse.maxcover.v5.c, exit_code=1, duration=0s)
[ERR] 294_xmlregexp.c_856_local.oob.memfunc.length-misuse.maxcover.v5: run_se_driver.sh failed (driver=drivers/sa_manual/libxml2_62911_vul/294_xmlregexp.c_856_local.oob.memfunc.length-misuse.maxcover.v5.c, exit_code=1, duration=0s)
[ERR] 296_xmlschemas.c_25155_local.oob.memfunc.length-misuse.maxcover.v5: run_se_driver.sh failed (driver=drivers/sa_manual/libxml2_62911_vul/296_xmlschemas.c_25155_local.oob.memfunc.length-misuse.maxcover.v5.c, exit_code=1, duration=0s)
[ERR] 297_xmlregexp.c_804_local.oob.memfunc.length-misuse.maxcover.v5: run_se_driver.sh failed (driver=drivers/sa_manual/libxml2_62911_vul/297_xmlregexp.c_804_local.oob.memfunc.length-misuse.maxcover.v5.c, exit_code=1, duration=0s)
[ERR] 299_xmlregexp.c_700_local.oob.memfunc.length-misuse.maxcover.v5: run_se_driver.sh failed (driver=drivers/sa_manual/libxml2_62911_vul/299_xmlregexp.c_700_local.oob.memfunc.length-misuse.maxcover.v5.c, exit_code=1, duration=0s)
[ERR] 300_xmlreader.c_1946_local.oob.memfunc.length-misuse.maxcover.v5: run_se_driver.sh failed (driver=drivers/sa_manual/libxml2_62911_vul/300_xmlreader.c_1946_local.oob.memfunc.length-misuse.maxcover.v5.c, exit_code=1, duration=0s)
[ERR] 301_parser.c_995_local.oob.memfunc.length-misuse.maxcover.v5: run_se_driver.sh failed (driver=drivers/sa_manual/libxml2_62911_vul/301_parser.c_995_local.oob.memfunc.length-misuse.maxcover.v5.c, exit_code=1, duration=0s)
[ERR] 301_tree.c_1144_local.oob.memfunc.length-misuse.maxcover.v5: run_se_driver.sh failed (driver=drivers/sa_manual/libxml2_62911_vul/301_tree.c_1144_local.oob.memfunc.length-misuse.maxcover.v5.c, exit_code=1, duration=0s)
[ERR] 302_tree.c_940_local.oob.memfunc.length-misuse.maxcover.v5: run_se_driver.sh failed (driver=drivers/sa_manual/libxml2_62911_vul/302_tree.c_940_local.oob.memfunc.length-misuse.maxcover.v5.c, exit_code=1, duration=0s)
[ERR] 302_xmlregexp.c_468_local.oob.memfunc.length-misuse.maxcover.v5: run_se_driver.sh failed (driver=drivers/sa_manual/libxml2_62911_vul/302_xmlregexp.c_468_local.oob.memfunc.length-misuse.maxcover.v5.c, exit_code=1, duration=0s)
[ERR] 303_tree.c_872_local.oob.memfunc.length-misuse.maxcover.v5: run_se_driver.sh failed (driver=drivers/sa_manual/libxml2_62911_vul/303_tree.c_872_local.oob.memfunc.length-misuse.maxcover.v5.c, exit_code=1, duration=0s)
[ERR] 304_tree.c_754_local.oob.memfunc.length-misuse.maxcover.v5: run_se_driver.sh failed (driver=drivers/sa_manual/libxml2_62911_vul/304_tree.c_754_local.oob.memfunc.length-misuse.maxcover.v5.c, exit_code=1, duration=0s)
[ERR] 304_xmlwriter.c_437_local.oob.memfunc.length-misuse.maxcover.v5: run_se_driver.sh failed (driver=drivers/sa_manual/libxml2_62911_vul/304_xmlwriter.c_437_local.oob.memfunc.length-misuse.maxcover.v5.c, exit_code=1, duration=0s)
[ERR] 305_xmlwriter.c_368_local.oob.memfunc.length-misuse.maxcover.v5: run_se_driver.sh failed (driver=drivers/sa_manual/libxml2_62911_vul/305_xmlwriter.c_368_local.oob.memfunc.length-misuse.maxcover.v5.c, exit_code=1, duration=0s)
[ERR] 310_xmlschemas.c_24077_local.oob.memfunc.length-misuse.maxcover.v5: run_se_driver.sh failed (driver=drivers/sa_manual/libxml2_62911_vul/310_xmlschemas.c_24077_local.oob.memfunc.length-misuse.maxcover.v5.c, exit_code=1, duration=0s)
[ERR] 310_xmlwriter.c_193_local.oob.memfunc.length-misuse.maxcover.v5: run_se_driver.sh failed (driver=drivers/sa_manual/libxml2_62911_vul/310_xmlwriter.c_193_local.oob.memfunc.length-misuse.maxcover.v5.c, exit_code=1, duration=0s)
[ERR] 311_xmlregexp.c_447_local.oob.memfunc.length-misuse.maxcover.v5: run_se_driver.sh failed (driver=drivers/sa_manual/libxml2_62911_vul/311_xmlregexp.c_447_local.oob.memfunc.length-misuse.maxcover.v5.c, exit_code=1, duration=1s)
[ERR] 311_xmlschemas.c_24116_local.oob.memfunc.length-misuse.maxcover.v5: run_se_driver.sh failed (driver=drivers/sa_manual/libxml2_62911_vul/311_xmlschemas.c_24116_local.oob.memfunc.length-misuse.maxcover.v5.c, exit_code=1, duration=0s)
[ERR] 313_xmlschemas.c_23925_local.oob.memfunc.length-misuse.maxcover.v5: run_se_driver.sh failed (driver=drivers/sa_manual/libxml2_62911_vul/313_xmlschemas.c_23925_local.oob.memfunc.length-misuse.maxcover.v5.c, exit_code=1, duration=0s)
[ERR] 314_xmlschemastypes.c_3892_local.oob.memfunc.length-misuse.maxcover.v5: run_se_driver.sh failed (driver=drivers/sa_manual/libxml2_62911_vul/314_xmlschemastypes.c_3892_local.oob.memfunc.length-misuse.maxcover.v5.c, exit_code=1, duration=0s)
[ERR] 315_tree.c_237_local.oob.memfunc.length-misuse.maxcover.v5: run_se_driver.sh failed (driver=drivers/sa_manual/libxml2_62911_vul/315_tree.c_237_local.oob.memfunc.length-misuse.maxcover.v5.c, exit_code=1, duration=0s)
[ERR] 316_tree.c_239_local.oob.memfunc.length-misuse.maxcover.v5: run_se_driver.sh failed (driver=drivers/sa_manual/libxml2_62911_vul/316_tree.c_239_local.oob.memfunc.length-misuse.maxcover.v5.c, exit_code=1, duration=0s)
[ERR] 317_xmlschemas.c_23689_local.oob.memfunc.length-misuse.maxcover.v5: run_se_driver.sh failed (driver=drivers/sa_manual/libxml2_62911_vul/317_xmlschemas.c_23689_local.oob.memfunc.length-misuse.maxcover.v5.c, exit_code=1, duration=0s)
[ERR] 324_xmlschemas.c_23207_local.oob.memfunc.length-misuse.maxcover.v5: run_se_driver.sh failed (driver=drivers/sa_manual/libxml2_62911_vul/324_xmlschemas.c_23207_local.oob.memfunc.length-misuse.maxcover.v5.c, exit_code=1, duration=0s)
[ERR] 324_xpath.c_9202_local.oob.memfunc.length-misuse.maxcover.v5: run_se_driver.sh failed (driver=drivers/sa_manual/libxml2_62911_vul/324_xpath.c_9202_local.oob.memfunc.length-misuse.maxcover.v5.c, exit_code=1, duration=0s)
[ERR] 326_xmlschemas.c_22741_local.oob.memfunc.length-misuse.maxcover.v5: run_se_driver.sh failed (driver=drivers/sa_manual/libxml2_62911_vul/326_xmlschemas.c_22741_local.oob.memfunc.length-misuse.maxcover.v5.c, exit_code=1, duration=0s)
[ERR] 327_xmlschemas.c_22809_local.oob.memfunc.length-misuse.maxcover.v5: run_se_driver.sh failed (driver=drivers/sa_manual/libxml2_62911_vul/327_xmlschemas.c_22809_local.oob.memfunc.length-misuse.maxcover.v5.c, exit_code=1, duration=0s)
[ERR] 328_xmlschemastypes.c_1080_local.oob.memfunc.length-misuse.maxcover.v5: run_se_driver.sh failed (driver=drivers/sa_manual/libxml2_62911_vul/328_xmlschemastypes.c_1080_local.oob.memfunc.length-misuse.maxcover.v5.c, exit_code=1, duration=0s)
[ERR] 329_xmlschemas.c_22989_local.oob.memfunc.length-misuse.maxcover.v5: run_se_driver.sh failed (driver=drivers/sa_manual/libxml2_62911_vul/329_xmlschemas.c_22989_local.oob.memfunc.length-misuse.maxcover.v5.c, exit_code=1, duration=0s)
[ERR] 330_xmlschemas.c_22372_local.oob.memfunc.length-misuse.maxcover.v5: run_se_driver.sh failed (driver=drivers/sa_manual/libxml2_62911_vul/330_xmlschemas.c_22372_local.oob.memfunc.length-misuse.maxcover.v5.c, exit_code=1, duration=0s)
[ERR] 331_xmlschemas.c_21990_local.oob.memfunc.length-misuse.maxcover.v5: run_se_driver.sh failed (driver=drivers/sa_manual/libxml2_62911_vul/331_xmlschemas.c_21990_local.oob.memfunc.length-misuse.maxcover.v5.c, exit_code=1, duration=0s)
[ERR] 332_xmlschemastypes.c_472_local.oob.memfunc.length-misuse.maxcover.v5: run_se_driver.sh failed (driver=drivers/sa_manual/libxml2_62911_vul/332_xmlschemastypes.c_472_local.oob.memfunc.length-misuse.maxcover.v5.c, exit_code=1, duration=0s)
[ERR] 333_xmlschemastypes.c_488_local.oob.memfunc.length-misuse.maxcover.v5: run_se_driver.sh failed (driver=drivers/sa_manual/libxml2_62911_vul/333_xmlschemastypes.c_488_local.oob.memfunc.length-misuse.maxcover.v5.c, exit_code=1, duration=0s)
[ERR] 334_xmlschemastypes.c_502_local.oob.memfunc.length-misuse.maxcover.v5: run_se_driver.sh failed (driver=drivers/sa_manual/libxml2_62911_vul/334_xmlschemastypes.c_502_local.oob.memfunc.length-misuse.maxcover.v5.c, exit_code=1, duration=0s)
[ERR] 335_xmlschemastypes.c_379_local.oob.memfunc.length-misuse.maxcover.v5: run_se_driver.sh failed (driver=drivers/sa_manual/libxml2_62911_vul/335_xmlschemastypes.c_379_local.oob.memfunc.length-misuse.maxcover.v5.c, exit_code=1, duration=1s)
[ERR] 336_xmlschemastypes.c_271_local.oob.memfunc.length-misuse.maxcover.v5: run_se_driver.sh failed (driver=drivers/sa_manual/libxml2_62911_vul/336_xmlschemastypes.c_271_local.oob.memfunc.length-misuse.maxcover.v5.c, exit_code=1, duration=0s)
[ERR] 337_xmlschemastypes.c_230_local.oob.memfunc.length-misuse.maxcover.v5: run_se_driver.sh failed (driver=drivers/sa_manual/libxml2_62911_vul/337_xmlschemastypes.c_230_local.oob.memfunc.length-misuse.maxcover.v5.c, exit_code=1, duration=0s)
[ERR] 340_xpath.c_6225_local.oob.memfunc.length-misuse.maxcover.v5: run_se_driver.sh failed (driver=drivers/sa_manual/libxml2_62911_vul/340_xpath.c_6225_local.oob.memfunc.length-misuse.maxcover.v5.c, exit_code=1, duration=0s)
[ERR] 341_xpath.c_6243_local.oob.memfunc.length-misuse.maxcover.v5: run_se_driver.sh failed (driver=drivers/sa_manual/libxml2_62911_vul/341_xpath.c_6243_local.oob.memfunc.length-misuse.maxcover.v5.c, exit_code=1, duration=0s)
[ERR] 342_xpath.c_5588_local.oob.memfunc.length-misuse.maxcover.v5: run_se_driver.sh failed (driver=drivers/sa_manual/libxml2_62911_vul/342_xpath.c_5588_local.oob.memfunc.length-misuse.maxcover.v5.c, exit_code=1, duration=0s)
[ERR] 343_xpath.c_5552_local.oob.memfunc.length-misuse.maxcover.v5: run_se_driver.sh failed (driver=drivers/sa_manual/libxml2_62911_vul/343_xpath.c_5552_local.oob.memfunc.length-misuse.maxcover.v5.c, exit_code=1, duration=0s)
[ERR] 344_xpath.c_5444_local.oob.memfunc.length-misuse.maxcover.v5: run_se_driver.sh failed (driver=drivers/sa_manual/libxml2_62911_vul/344_xpath.c_5444_local.oob.memfunc.length-misuse.maxcover.v5.c, exit_code=1, duration=0s)
[ERR] 345_xpath.c_4967_local.oob.memfunc.length-misuse.maxcover.v5: run_se_driver.sh failed (driver=drivers/sa_manual/libxml2_62911_vul/345_xpath.c_4967_local.oob.memfunc.length-misuse.maxcover.v5.c, exit_code=1, duration=0s)
[ERR] 346_xpath.c_4970_local.oob.memfunc.length-misuse.maxcover.v5: run_se_driver.sh failed (driver=drivers/sa_manual/libxml2_62911_vul/346_xpath.c_4970_local.oob.memfunc.length-misuse.maxcover.v5.c, exit_code=1, duration=0s)
[ERR] 347_xpath.c_4734_local.oob.memfunc.length-misuse.maxcover.v5: run_se_driver.sh failed (driver=drivers/sa_manual/libxml2_62911_vul/347_xpath.c_4734_local.oob.memfunc.length-misuse.maxcover.v5.c, exit_code=1, duration=0s)
[ERR] 348_xpath.c_4708_local.oob.memfunc.length-misuse.maxcover.v5: run_se_driver.sh failed (driver=drivers/sa_manual/libxml2_62911_vul/348_xpath.c_4708_local.oob.memfunc.length-misuse.maxcover.v5.c, exit_code=1, duration=0s)
[ERR] 349_xpath.c_4659_local.oob.memfunc.length-misuse.maxcover.v5: run_se_driver.sh failed (driver=drivers/sa_manual/libxml2_62911_vul/349_xpath.c_4659_local.oob.memfunc.length-misuse.maxcover.v5.c, exit_code=1, duration=0s)
[ERR] 350_xpath.c_4627_local.oob.memfunc.length-misuse.maxcover.v5: run_se_driver.sh failed (driver=drivers/sa_manual/libxml2_62911_vul/350_xpath.c_4627_local.oob.memfunc.length-misuse.maxcover.v5.c, exit_code=1, duration=0s)
[ERR] 351_xpath.c_4604_local.oob.memfunc.length-misuse.maxcover.v5: run_se_driver.sh failed (driver=drivers/sa_manual/libxml2_62911_vul/351_xpath.c_4604_local.oob.memfunc.length-misuse.maxcover.v5.c, exit_code=1, duration=0s)
[ERR] 352_xpath.c_4581_local.oob.memfunc.length-misuse.maxcover.v5: run_se_driver.sh failed (driver=drivers/sa_manual/libxml2_62911_vul/352_xpath.c_4581_local.oob.memfunc.length-misuse.maxcover.v5.c, exit_code=1, duration=0s)
[ERR] 353_xpath.c_3760_local.oob.memfunc.length-misuse.maxcover.v5: run_se_driver.sh failed (driver=drivers/sa_manual/libxml2_62911_vul/353_xpath.c_3760_local.oob.memfunc.length-misuse.maxcover.v5.c, exit_code=1, duration=0s)
[ERR] 354_xpath.c_3699_local.oob.memfunc.length-misuse.maxcover.v5: run_se_driver.sh failed (driver=drivers/sa_manual/libxml2_62911_vul/354_xpath.c_3699_local.oob.memfunc.length-misuse.maxcover.v5.c, exit_code=1, duration=0s)
[ERR] 355_xpath.c_3672_local.oob.memfunc.length-misuse.maxcover.v5: run_se_driver.sh failed (driver=drivers/sa_manual/libxml2_62911_vul/355_xpath.c_3672_local.oob.memfunc.length-misuse.maxcover.v5.c, exit_code=1, duration=0s)
[ERR] 356_xpath.c_3452_local.oob.memfunc.length-misuse.maxcover.v5: run_se_driver.sh failed (driver=drivers/sa_manual/libxml2_62911_vul/356_xpath.c_3452_local.oob.memfunc.length-misuse.maxcover.v5.c, exit_code=1, duration=0s)
[ERR] 357_xpath.c_3391_local.oob.memfunc.length-misuse.maxcover.v5: run_se_driver.sh failed (driver=drivers/sa_manual/libxml2_62911_vul/357_xpath.c_3391_local.oob.memfunc.length-misuse.maxcover.v5.c, exit_code=1, duration=0s)
[ERR] 358_xpath.c_3299_local.oob.memfunc.length-misuse.maxcover.v5: run_se_driver.sh failed (driver=drivers/sa_manual/libxml2_62911_vul/358_xpath.c_3299_local.oob.memfunc.length-misuse.maxcover.v5.c, exit_code=1, duration=0s)
[ERR] 359_xpath.c_3206_local.oob.memfunc.length-misuse.maxcover.v5: run_se_driver.sh failed (driver=drivers/sa_manual/libxml2_62911_vul/359_xpath.c_3206_local.oob.memfunc.length-misuse.maxcover.v5.c, exit_code=1, duration=0s)
[ERR] 360_xpath.c_3150_local.oob.memfunc.length-misuse.maxcover.v5: run_se_driver.sh failed (driver=drivers/sa_manual/libxml2_62911_vul/360_xpath.c_3150_local.oob.memfunc.length-misuse.maxcover.v5.c, exit_code=1, duration=0s)
[ERR] 361_xpath.c_3092_local.oob.memfunc.length-misuse.maxcover.v5: run_se_driver.sh failed (driver=drivers/sa_manual/libxml2_62911_vul/361_xpath.c_3092_local.oob.memfunc.length-misuse.maxcover.v5.c, exit_code=1, duration=0s)
[ERR] 362_xpath.c_2986_local.oob.memfunc.length-misuse.maxcover.v5: run_se_driver.sh failed (driver=drivers/sa_manual/libxml2_62911_vul/362_xpath.c_2986_local.oob.memfunc.length-misuse.maxcover.v5.c, exit_code=1, duration=0s)
[ERR] 363_xpath.c_2995_local.oob.memfunc.length-misuse.maxcover.v5: run_se_driver.sh failed (driver=drivers/sa_manual/libxml2_62911_vul/363_xpath.c_2995_local.oob.memfunc.length-misuse.maxcover.v5.c, exit_code=1, duration=0s)
[ERR] 364_xpath.c_2937_local.oob.memfunc.length-misuse.maxcover.v5: run_se_driver.sh failed (driver=drivers/sa_manual/libxml2_62911_vul/364_xpath.c_2937_local.oob.memfunc.length-misuse.maxcover.v5.c, exit_code=1, duration=0s)
[ERR] 365_xpath.c_2650_local.oob.memfunc.length-misuse.maxcover.v5: run_se_driver.sh failed (driver=drivers/sa_manual/libxml2_62911_vul/365_xpath.c_2650_local.oob.memfunc.length-misuse.maxcover.v5.c, exit_code=1, duration=0s)
[ERR] 366_xpath.c_1702_local.oob.memfunc.length-misuse.maxcover.v5: run_se_driver.sh failed (driver=drivers/sa_manual/libxml2_62911_vul/366_xpath.c_1702_local.oob.memfunc.length-misuse.maxcover.v5.c, exit_code=1, duration=0s)
[ERR] 367_xmlschemas.c_9927_local.oob.memfunc.length-misuse.maxcover.v5: run_se_driver.sh failed (driver=drivers/sa_manual/libxml2_62911_vul/367_xmlschemas.c_9927_local.oob.memfunc.length-misuse.maxcover.v5.c, exit_code=1, duration=0s)
[ERR] 367_xpath.c_1021_local.oob.memfunc.length-misuse.maxcover.v5: run_se_driver.sh failed (driver=drivers/sa_manual/libxml2_62911_vul/367_xpath.c_1021_local.oob.memfunc.length-misuse.maxcover.v5.c, exit_code=1, duration=0s)
[ERR] 368_xmlschemas.c_9895_local.oob.memfunc.length-misuse.maxcover.v5: run_se_driver.sh failed (driver=drivers/sa_manual/libxml2_62911_vul/368_xmlschemas.c_9895_local.oob.memfunc.length-misuse.maxcover.v5.c, exit_code=1, duration=0s)
[ERR] 368_xpath.c_1031_local.oob.memfunc.length-misuse.maxcover.v5: run_se_driver.sh failed (driver=drivers/sa_manual/libxml2_62911_vul/368_xpath.c_1031_local.oob.memfunc.length-misuse.maxcover.v5.c, exit_code=1, duration=0s)
[ERR] 369_xmlschemas.c_9837_local.oob.memfunc.length-misuse.maxcover.v5: run_se_driver.sh failed (driver=drivers/sa_manual/libxml2_62911_vul/369_xmlschemas.c_9837_local.oob.memfunc.length-misuse.maxcover.v5.c, exit_code=1, duration=1s)
[ERR] 369_xpath.c_863_local.oob.memfunc.length-misuse.maxcover.v5: run_se_driver.sh failed (driver=drivers/sa_manual/libxml2_62911_vul/369_xpath.c_863_local.oob.memfunc.length-misuse.maxcover.v5.c, exit_code=1, duration=0s)
[ERR] 370_types.c_989_local.oob.memfunc.length-misuse.maxcover.v5: run_se_driver.sh failed (driver=drivers/sa_manual/libxml2_62911_vul/370_types.c_989_local.oob.memfunc.length-misuse.maxcover.v5.c, exit_code=1, duration=0s)
[ERR] 374_xmlschemas.c_8213_local.oob.memfunc.length-misuse.maxcover.v5: run_se_driver.sh failed (driver=drivers/sa_manual/libxml2_62911_vul/374_xmlschemas.c_8213_local.oob.memfunc.length-misuse.maxcover.v5.c, exit_code=1, duration=0s)
[ERR] 375_xmlschemas.c_5662_local.oob.memfunc.length-misuse.maxcover.v5: run_se_driver.sh failed (driver=drivers/sa_manual/libxml2_62911_vul/375_xmlschemas.c_5662_local.oob.memfunc.length-misuse.maxcover.v5.c, exit_code=1, duration=0s)
[ERR] 376_xmlschemas.c_5620_local.oob.memfunc.length-misuse.maxcover.v5: run_se_driver.sh failed (driver=drivers/sa_manual/libxml2_62911_vul/376_xmlschemas.c_5620_local.oob.memfunc.length-misuse.maxcover.v5.c, exit_code=1, duration=0s)
[ERR] 377_xmlschemas.c_5580_local.oob.memfunc.length-misuse.maxcover.v5: run_se_driver.sh failed (driver=drivers/sa_manual/libxml2_62911_vul/377_xmlschemas.c_5580_local.oob.memfunc.length-misuse.maxcover.v5.c, exit_code=1, duration=0s)
[ERR] 378_xmlschemas.c_5520_local.oob.memfunc.length-misuse.maxcover.v5: run_se_driver.sh failed (driver=drivers/sa_manual/libxml2_62911_vul/378_xmlschemas.c_5520_local.oob.memfunc.length-misuse.maxcover.v5.c, exit_code=1, duration=0s)
[ERR] 379_xmlschemas.c_5435_local.oob.memfunc.length-misuse.maxcover.v5: run_se_driver.sh failed (driver=drivers/sa_manual/libxml2_62911_vul/379_xmlschemas.c_5435_local.oob.memfunc.length-misuse.maxcover.v5.c, exit_code=1, duration=0s)
[ERR] 380_xmlschemas.c_5398_local.oob.memfunc.length-misuse.maxcover.v5: run_se_driver.sh failed (driver=drivers/sa_manual/libxml2_62911_vul/380_xmlschemas.c_5398_local.oob.memfunc.length-misuse.maxcover.v5.c, exit_code=1, duration=0s)
[ERR] 381_xmlschemas.c_5336_local.oob.memfunc.length-misuse.maxcover.v5: run_se_driver.sh failed (driver=drivers/sa_manual/libxml2_62911_vul/381_xmlschemas.c_5336_local.oob.memfunc.length-misuse.maxcover.v5.c, exit_code=1, duration=0s)
[ERR] 382_xmlschemas.c_5294_local.oob.memfunc.length-misuse.maxcover.v5: run_se_driver.sh failed (driver=drivers/sa_manual/libxml2_62911_vul/382_xmlschemas.c_5294_local.oob.memfunc.length-misuse.maxcover.v5.c, exit_code=1, duration=0s)
[ERR] 383_xmlschemas.c_5245_local.oob.memfunc.length-misuse.maxcover.v5: run_se_driver.sh failed (driver=drivers/sa_manual/libxml2_62911_vul/383_xmlschemas.c_5245_local.oob.memfunc.length-misuse.maxcover.v5.c, exit_code=1, duration=0s)
[ERR] 384_xmlschemas.c_5201_local.oob.memfunc.length-misuse.maxcover.v5: run_se_driver.sh failed (driver=drivers/sa_manual/libxml2_62911_vul/384_xmlschemas.c_5201_local.oob.memfunc.length-misuse.maxcover.v5.c, exit_code=1, duration=0s)
[ERR] 385_xmlschemas.c_5171_local.oob.memfunc.length-misuse.maxcover.v5: run_se_driver.sh failed (driver=drivers/sa_manual/libxml2_62911_vul/385_xmlschemas.c_5171_local.oob.memfunc.length-misuse.maxcover.v5.c, exit_code=1, duration=0s)
[ERR] 386_xmlschemas.c_5131_local.oob.memfunc.length-misuse.maxcover.v5: run_se_driver.sh failed (driver=drivers/sa_manual/libxml2_62911_vul/386_xmlschemas.c_5131_local.oob.memfunc.length-misuse.maxcover.v5.c, exit_code=1, duration=0s)
[ERR] 387_xmlschemas.c_5094_local.oob.memfunc.length-misuse.maxcover.v5: run_se_driver.sh failed (driver=drivers/sa_manual/libxml2_62911_vul/387_xmlschemas.c_5094_local.oob.memfunc.length-misuse.maxcover.v5.c, exit_code=1, duration=0s)
[ERR] 388_xmlschemas.c_3633_local.oob.memfunc.length-misuse.maxcover.v5: run_se_driver.sh failed (driver=drivers/sa_manual/libxml2_62911_vul/388_xmlschemas.c_3633_local.oob.memfunc.length-misuse.maxcover.v5.c, exit_code=1, duration=0s)
[ERR] 389_xmlschemas.c_3391_local.oob.memfunc.length-misuse.maxcover.v5: run_se_driver.sh failed (driver=drivers/sa_manual/libxml2_62911_vul/389_xmlschemas.c_3391_local.oob.memfunc.length-misuse.maxcover.v5.c, exit_code=1, duration=0s)
[ERR] 390_xmlschemas.c_3375_local.oob.memfunc.length-misuse.maxcover.v5: run_se_driver.sh failed (driver=drivers/sa_manual/libxml2_62911_vul/390_xmlschemas.c_3375_local.oob.memfunc.length-misuse.maxcover.v5.c, exit_code=1, duration=1s)
[ERR] 391_xmlschemas.c_3351_local.oob.memfunc.length-misuse.maxcover.v5: run_se_driver.sh failed (driver=drivers/sa_manual/libxml2_62911_vul/391_xmlschemas.c_3351_local.oob.memfunc.length-misuse.maxcover.v5.c, exit_code=1, duration=0s)
[ERR] 392_xmlschemas.c_3328_local.oob.memfunc.length-misuse.maxcover.v5: run_se_driver.sh failed (driver=drivers/sa_manual/libxml2_62911_vul/392_xmlschemas.c_3328_local.oob.memfunc.length-misuse.maxcover.v5.c, exit_code=1, duration=0s)
[ERR] 393_testapi.c_135_local.oob.memfunc.length-misuse.maxcover.v5: run_se_driver.sh failed (driver=drivers/sa_manual/libxml2_62911_vul/393_testapi.c_135_local.oob.memfunc.length-misuse.maxcover.v5.c, exit_code=1, duration=0s)
[ERR] 394_testapi.c_136_local.oob.memfunc.length-misuse.maxcover.v5: run_se_driver.sh failed (driver=drivers/sa_manual/libxml2_62911_vul/394_testapi.c_136_local.oob.memfunc.length-misuse.maxcover.v5.c, exit_code=1, duration=0s)
[ERR] 395_testapi.c_137_local.oob.memfunc.length-misuse.maxcover.v5: run_se_driver.sh failed (driver=drivers/sa_manual/libxml2_62911_vul/395_testapi.c_137_local.oob.memfunc.length-misuse.maxcover.v5.c, exit_code=1, duration=0s)
[ERR] 396_testapi.c_138_local.oob.memfunc.length-misuse.maxcover.v5: run_se_driver.sh failed (driver=drivers/sa_manual/libxml2_62911_vul/396_testapi.c_138_local.oob.memfunc.length-misuse.maxcover.v5.c, exit_code=1, duration=0s)
