# Error log for MODE=sa_llm, PROJECT=libxml2_55980_vul
[ERR] 002_list.c_197_local.oob.memfunc.length-misuse.maxcover.v5: harness compile failed (exit=1)
[ERR] 003_globals.c_564_local.oob.memfunc.length-misuse.maxcover.v5: harness compile failed (exit=1)
[ERR] 004_c14n.c_1803_local.oob.memfunc.length-misuse.maxcover.v5: harness compile failed (exit=1)
[ERR] 007_parserInternals.c_1786_local.oob.memfunc.length-misuse.maxcover.v5: harness compile failed (exit=1)
[ERR] 008_SAX2.c_2260_local.oob.memfunc.length-misuse.maxcover.v5: harness compile failed (exit=1)
[ERR] 009_encoding.c_1745_local.oob.memfunc.length-misuse.maxcover.v5: harness compile failed (exit=1)
[ERR] 016_HTMLtree.c_418_local.oob.memfunc.length-misuse.maxcover.v5: harness compile failed (exit=1)
[ERR] 017_encoding.c_1384_local.oob.memfunc.length-misuse.maxcover.v5: harness compile failed (exit=1)
[ERR] 019_entities.c_164_local.oob.memfunc.length-misuse.maxcover.v5: harness compile failed (exit=1)
[ERR] 020_SAX2.c_1872_local.oob.memfunc.length-misuse.maxcover.v5: harness compile failed (exit=1)
[ERR] 024_testdict.c_325_local.oob.memfunc.length-misuse.maxcover.v5: harness compile failed (exit=1)
[ERR] 027_testdict.c_162_local.oob.memfunc.length-misuse.maxcover.v5: harness compile failed (exit=1)
[ERR] 030_parserInternals.c_1230_local.oob.memfunc.length-misuse.maxcover.v5: harness compile failed (exit=1)
[ERR] 031_pattern.c_1495_local.oob.memfunc.length-misuse.maxcover.v5: harness compile failed (exit=1)
[ERR] 037_c14n.c_328_local.oob.memfunc.length-misuse.maxcover.v5: harness compile failed (exit=1)
[ERR] 038_c14n.c_329_local.oob.memfunc.length-misuse.maxcover.v5: harness compile failed (exit=1)
[ERR] 042_hash.c_191_local.oob.memfunc.length-misuse.maxcover.v5: harness compile failed (exit=1)
[ERR] 043_c14n.c_289_local.oob.memfunc.length-misuse.maxcover.v5: harness compile failed (exit=1)
[ERR] 044_c14n.c_261_local.oob.memfunc.length-misuse.maxcover.v5: harness compile failed (exit=1)
[ERR] 045_relaxng.c_10944_local.oob.memfunc.length-misuse.maxcover.v5: harness compile failed (exit=1)
[ERR] 049_dict.c_1048_local.oob.memfunc.length-misuse.maxcover.v5: harness compile failed (exit=1)
[ERR] 050_buf.c_749_local.oob.memfunc.length-misuse.maxcover.v5: harness compile failed (exit=1)
[ERR] 051_dict.c_1078_local.oob.memfunc.length-misuse.maxcover.v5: harness compile failed (exit=1)
[ERR] 052_dict.c_1089_local.oob.memfunc.length-misuse.maxcover.v5: harness compile failed (exit=1)
[ERR] 053_encoding.c_391_local.oob.memfunc.length-misuse.maxcover.v5: harness compile failed (exit=1)
[ERR] 055_dict.c_912_local.oob.memfunc.length-misuse.maxcover.v5: harness compile failed (exit=1)
[ERR] 057_dict.c_954_local.oob.memfunc.length-misuse.maxcover.v5: harness compile failed (exit=1)
[ERR] 061_dict.c_705_local.oob.memfunc.length-misuse.maxcover.v5: harness compile failed (exit=1)
[ERR] 063_dict.c_725_local.oob.memfunc.length-misuse.maxcover.v5: harness compile failed (exit=1)
[ERR] 064_uri.c_2334_local.oob.memfunc.length-misuse.maxcover.v5: harness compile failed (exit=1)
[ERR] 068_HTMLparser.c_5196_local.oob.memfunc.length-misuse.maxcover.v5: harness compile failed (exit=1)
[ERR] 070_HTMLparser.c_5049_local.oob.memfunc.length-misuse.maxcover.v5: harness compile failed (exit=1)
[ERR] 071_schematron.c_1718_local.oob.memfunc.length-misuse.maxcover.v5: harness compile failed (exit=1)
[ERR] 072_HTMLparser.c_5064_local.oob.memfunc.length-misuse.maxcover.v5: harness compile failed (exit=1)
[ERR] 074_buf.c_364_local.oob.memfunc.length-misuse.maxcover.v5: harness compile failed (exit=1)
[ERR] 076_buf.c_371_local.oob.memfunc.length-misuse.maxcover.v5: harness compile failed (exit=1)
[ERR] 079_dict.c_361_local.oob.memfunc.length-misuse.maxcover.v5: harness compile failed (exit=1)
[ERR] 088_pattern.c_334_local.oob.memfunc.length-misuse.maxcover.v5: harness compile failed (exit=1)
[ERR] 089_pattern.c_308_local.oob.memfunc.length-misuse.maxcover.v5: harness compile failed (exit=1)
[ERR] 091_pattern.c_212_local.oob.memfunc.length-misuse.maxcover.v5: harness compile failed (exit=1)
[ERR] 111_testchar.c_602_local.oob.memfunc.length-misuse.maxcover.v5: harness compile failed (exit=1)
[ERR] 115_xmlcatalog.c_129_local.oob.memfunc.length-misuse.maxcover.v5: harness compile failed (exit=1)
[ERR] 118_threads.c_484_local.oob.memfunc.length-misuse.maxcover.v5: harness compile failed (exit=1)
[ERR] 122_schematron.c_726_local.oob.memfunc.length-misuse.maxcover.v5: harness compile failed (exit=1)
[ERR] 124_schematron.c_687_local.oob.memfunc.length-misuse.maxcover.v5: harness compile failed (exit=1)
[ERR] 125_schematron.c_645_local.oob.memfunc.length-misuse.maxcover.v5: harness compile failed (exit=1)
[ERR] 130_schematron.c_589_local.oob.memfunc.length-misuse.maxcover.v5: harness compile failed (exit=1)
[ERR] 131_xmlsave.c_2629_local.oob.memfunc.length-misuse.maxcover.v5: harness compile failed (exit=1)
[ERR] 133_xmlsave.c_2575_local.oob.memfunc.length-misuse.maxcover.v5: harness compile failed (exit=1)
[ERR] 134_relaxng.c_9384_local.oob.memfunc.length-misuse.maxcover.v5: harness compile failed (exit=1)
[ERR] 140_xmlsave.c_2487_local.oob.memfunc.length-misuse.maxcover.v5: harness compile failed (exit=1)
[ERR] 143_schematron.c_352_local.oob.memfunc.length-misuse.maxcover.v5: harness compile failed (exit=1)
[ERR] 147_xmlsave.c_2284_local.oob.memfunc.length-misuse.maxcover.v5: harness compile failed (exit=1)
[ERR] 148_xmlstring.c_882_local.oob.memfunc.length-misuse.maxcover.v5: harness compile failed (exit=1)
[ERR] 150_uri.c_1028_local.oob.memfunc.length-misuse.maxcover.v5: harness compile failed (exit=1)
[ERR] 152_catalog.c_413_local.oob.memfunc.length-misuse.maxcover.v5: harness compile failed (exit=1)
[ERR] 154_xinclude.c_311_local.oob.memfunc.length-misuse.maxcover.v5: harness compile failed (exit=1)
[ERR] 164_xmlreader.c_5277_local.oob.memfunc.length-misuse.maxcover.v5: harness compile failed (exit=1)
[ERR] 166_nanohttp.c_1123_local.oob.memfunc.length-misuse.maxcover.v5: harness compile failed (exit=1)
[ERR] 167_runtest.c_1738_local.oob.memfunc.length-misuse.maxcover.v5: harness compile failed (exit=1)
[ERR] 168_runtest.c_1767_local.oob.memfunc.length-misuse.maxcover.v5: harness compile failed (exit=1)
[ERR] 169_runtest.c_1770_local.oob.memfunc.length-misuse.maxcover.v5: harness compile failed (exit=1)
[ERR] 171_tree.c_8101_local.oob.memfunc.length-misuse.maxcover.v5: harness compile failed (exit=1)
[ERR] 183_tree.c_7709_local.oob.memfunc.length-misuse.maxcover.v5: harness compile failed (exit=1)
[ERR] 185_nanohttp.c_374_local.oob.memfunc.length-misuse.maxcover.v5: harness compile failed (exit=1)
[ERR] 188_xmlreader.c_4654_local.oob.memfunc.length-misuse.maxcover.v5: harness compile failed (exit=1)
[ERR] 190_tree.c_7572_local.oob.memfunc.length-misuse.maxcover.v5: harness compile failed (exit=1)
[ERR] 193_tree.c_7345_local.oob.memfunc.length-misuse.maxcover.v5: harness compile failed (exit=1)
[ERR] 196_xmlregexp.c_4255_local.oob.memfunc.length-misuse.maxcover.v5: harness compile failed (exit=1)
[ERR] 202_runtest.c_658_local.oob.memfunc.length-misuse.maxcover.v5: harness compile failed (exit=1)
[ERR] 205_xmlregexp.c_4115_local.oob.memfunc.length-misuse.maxcover.v5: harness compile failed (exit=1)
[ERR] 207_xmlregexp.c_3589_local.oob.memfunc.length-misuse.maxcover.v5: harness compile failed (exit=1)
[ERR] 214_relaxng.c_6850_local.oob.memfunc.length-misuse.maxcover.v5: harness compile failed (exit=1)
[ERR] 215_relaxng.c_6813_local.oob.memfunc.length-misuse.maxcover.v5: harness compile failed (exit=1)
[ERR] 216_relaxng.c_6782_local.oob.memfunc.length-misuse.maxcover.v5: harness compile failed (exit=1)
[ERR] 217_HTMLparser.c_2359_local.oob.memfunc.length-misuse.maxcover.v5: harness compile failed (exit=1)
[ERR] 220_xmlregexp.c_3184_local.oob.memfunc.length-misuse.maxcover.v5: harness compile failed (exit=1)
[ERR] 226_xmlsave.c_346_local.oob.memfunc.length-misuse.maxcover.v5: harness compile failed (exit=1)
[ERR] 231_tree.c_6094_local.oob.memfunc.length-misuse.maxcover.v5: harness compile failed (exit=1)
[ERR] 232_xmlschemas.c_28864_local.oob.memfunc.length-misuse.maxcover.v5: harness compile failed (exit=1)
[ERR] 236_xmlIO.c_2418_local.oob.memfunc.length-misuse.maxcover.v5: harness compile failed (exit=1)
[ERR] 237_xmlIO.c_2370_local.oob.memfunc.length-misuse.maxcover.v5: harness compile failed (exit=1)
[ERR] 238_xmlIO.c_2331_local.oob.memfunc.length-misuse.maxcover.v5: harness compile failed (exit=1)
[ERR] 242_valid.c_2219_local.oob.memfunc.length-misuse.maxcover.v5: harness compile failed (exit=1)
[ERR] 245_valid.c_1806_local.oob.memfunc.length-misuse.maxcover.v5: harness compile failed (exit=1)
[ERR] 246_valid.c_1667_local.oob.memfunc.length-misuse.maxcover.v5: harness compile failed (exit=1)
[ERR] 249_xmlschemas.c_27768_local.oob.memfunc.length-misuse.maxcover.v5: harness compile failed (exit=1)
[ERR] 252_xmlregexp.c_909_local.oob.memfunc.length-misuse.maxcover.v5: harness compile failed (exit=1)
[ERR] 258_xmlregexp.c_820_local.oob.memfunc.length-misuse.maxcover.v5: harness compile failed (exit=1)
[ERR] 260_valid.c_878_local.oob.memfunc.length-misuse.maxcover.v5: harness compile failed (exit=1)
[ERR] 261_xmlregexp.c_716_local.oob.memfunc.length-misuse.maxcover.v5: harness compile failed (exit=1)
[ERR] 275_tree.c_2594_local.oob.memfunc.length-misuse.maxcover.v5: harness compile failed (exit=1)
[ERR] 278_tree.c_2309_local.oob.memfunc.length-misuse.maxcover.v5: harness compile failed (exit=1)
[ERR] 280_tree.c_2199_local.oob.memfunc.length-misuse.maxcover.v5: harness compile failed (exit=1)
[ERR] 281_libxml.c_2007_local.oob.memfunc.length-misuse.maxcover.v5: harness compile failed (exit=1)
[ERR] 282_tree.c_2049_local.oob.memfunc.length-misuse.maxcover.v5: harness compile failed (exit=1)
[ERR] 286_tree.c_1882_local.oob.memfunc.length-misuse.maxcover.v5: harness compile failed (exit=1)
[ERR] 287_relaxng.c_2800_local.oob.memfunc.length-misuse.maxcover.v5: harness compile failed (exit=1)
[ERR] 288_tree.c_1175_local.oob.memfunc.length-misuse.maxcover.v5: harness compile failed (exit=1)
[ERR] 289_tree.c_971_local.oob.memfunc.length-misuse.maxcover.v5: harness compile failed (exit=1)
[ERR] 294_relaxng.c_1650_local.oob.memfunc.length-misuse.maxcover.v5: harness compile failed (exit=1)
[ERR] 296_libxml.c_391_local.oob.memfunc.length-misuse.maxcover.v5: harness compile failed (exit=1)
[ERR] 298_xmlschemastypes.c_429_local.oob.memfunc.length-misuse.maxcover.v5: harness compile failed (exit=1)
[ERR] 300_libxml.c_326_local.oob.memfunc.length-misuse.maxcover.v5: harness compile failed (exit=1)
[ERR] 301_libxml.c_328_local.oob.memfunc.length-misuse.maxcover.v5: harness compile failed (exit=1)
[ERR] 303_xmlschemastypes.c_459_local.oob.memfunc.length-misuse.maxcover.v5: harness compile failed (exit=1)
[ERR] 306_xmlschemas.c_24198_local.oob.memfunc.length-misuse.maxcover.v5: harness compile failed (exit=1)
[ERR] 312_relaxng.c_1259_local.oob.memfunc.length-misuse.maxcover.v5: harness compile failed (exit=1)
[ERR] 314_tree.c_242_local.oob.memfunc.length-misuse.maxcover.v5: harness compile failed (exit=1)
[ERR] 317_relaxng.c_928_local.oob.memfunc.length-misuse.maxcover.v5: harness compile failed (exit=1)
[ERR] 318_relaxng.c_853_local.oob.memfunc.length-misuse.maxcover.v5: harness compile failed (exit=1)
[ERR] 320_relaxng.c_774_local.oob.memfunc.length-misuse.maxcover.v5: harness compile failed (exit=1)
[ERR] 324_xmlschemas.c_22575_local.oob.memfunc.length-misuse.maxcover.v5: harness compile failed (exit=1)
[ERR] 327_xmlschemas.c_22193_local.oob.memfunc.length-misuse.maxcover.v5: harness compile failed (exit=1)
[ERR] 328_xpath.c_6269_local.oob.memfunc.length-misuse.maxcover.v5: harness compile failed (exit=1)
[ERR] 330_xpath.c_6125_local.oob.memfunc.length-misuse.maxcover.v5: harness compile failed (exit=1)
[ERR] 332_parser.c_3621_local.oob.memfunc.length-misuse.maxcover.v5: harness compile failed (exit=1)
[ERR] 334_xpath.c_5636_local.oob.memfunc.length-misuse.maxcover.v5: harness compile failed (exit=1)
[ERR] 335_xpath.c_5393_local.oob.memfunc.length-misuse.maxcover.v5: harness compile failed (exit=1)
[ERR] 338_xpath.c_5299_local.oob.memfunc.length-misuse.maxcover.v5: harness compile failed (exit=1)
[ERR] 339_xpath.c_5270_local.oob.memfunc.length-misuse.maxcover.v5: harness compile failed (exit=1)
[ERR] 340_xpath.c_5244_local.oob.memfunc.length-misuse.maxcover.v5: harness compile failed (exit=1)
[ERR] 341_xpath.c_5218_local.oob.memfunc.length-misuse.maxcover.v5: harness compile failed (exit=1)
[ERR] 342_parser.c_2998_local.oob.memfunc.length-misuse.maxcover.v5: harness compile failed (exit=1)
[ERR] 343_parser.c_3076_local.oob.memfunc.length-misuse.maxcover.v5: harness compile failed (exit=1)
[ERR] 344_xpath.c_4409_local.oob.memfunc.length-misuse.maxcover.v5: harness compile failed (exit=1)
[ERR] 345_xpath.c_4348_local.oob.memfunc.length-misuse.maxcover.v5: harness compile failed (exit=1)
[ERR] 346_xpath.c_4318_local.oob.memfunc.length-misuse.maxcover.v5: harness compile failed (exit=1)
[ERR] 347_xpath.c_4058_local.oob.memfunc.length-misuse.maxcover.v5: harness compile failed (exit=1)
[ERR] 350_xpath.c_3801_local.oob.memfunc.length-misuse.maxcover.v5: harness compile failed (exit=1)
[ERR] 354_xpath.c_3596_local.oob.memfunc.length-misuse.maxcover.v5: harness compile failed (exit=1)
[ERR] 355_xpath.c_3538_local.oob.memfunc.length-misuse.maxcover.v5: harness compile failed (exit=1)
[ERR] 359_xpath.c_1023_local.oob.memfunc.length-misuse.maxcover.v5: harness compile failed (exit=1)
[ERR] 360_xpath.c_1033_local.oob.memfunc.length-misuse.maxcover.v5: harness compile failed (exit=1)
[ERR] 363_xmlschemas.c_10013_local.oob.memfunc.length-misuse.maxcover.v5: harness compile failed (exit=1)
[ERR] 364_xmlschemas.c_9955_local.oob.memfunc.length-misuse.maxcover.v5: harness compile failed (exit=1)
[ERR] 365_xmlschemas.c_8339_local.oob.memfunc.length-misuse.maxcover.v5: harness compile failed (exit=1)
[ERR] 366_xmlschemas.c_5794_local.oob.memfunc.length-misuse.maxcover.v5: harness compile failed (exit=1)
[ERR] 367_xmlschemas.c_5752_local.oob.memfunc.length-misuse.maxcover.v5: harness compile failed (exit=1)
[ERR] 368_xmlschemas.c_5712_local.oob.memfunc.length-misuse.maxcover.v5: harness compile failed (exit=1)
[ERR] 369_xmlschemas.c_5652_local.oob.memfunc.length-misuse.maxcover.v5: harness compile failed (exit=1)
[ERR] 370_xmlschemas.c_5564_local.oob.memfunc.length-misuse.maxcover.v5: harness compile failed (exit=1)
[ERR] 371_xmlschemas.c_5527_local.oob.memfunc.length-misuse.maxcover.v5: harness compile failed (exit=1)
[ERR] 372_xmlschemas.c_5465_local.oob.memfunc.length-misuse.maxcover.v5: harness compile failed (exit=1)
[ERR] 373_xmlschemas.c_5423_local.oob.memfunc.length-misuse.maxcover.v5: harness compile failed (exit=1)
[ERR] 374_xmlschemas.c_5374_local.oob.memfunc.length-misuse.maxcover.v5: harness compile failed (exit=1)
[ERR] 375_xmlschemas.c_5330_local.oob.memfunc.length-misuse.maxcover.v5: harness compile failed (exit=1)
[ERR] 377_xmlschemas.c_5260_local.oob.memfunc.length-misuse.maxcover.v5: harness compile failed (exit=1)
[ERR] 378_xmlschemas.c_5223_local.oob.memfunc.length-misuse.maxcover.v5: harness compile failed (exit=1)
[ERR] 381_xmlschemas.c_3379_local.oob.memfunc.length-misuse.maxcover.v5: harness compile failed (exit=1)
[ERR] 382_xmlschemas.c_3355_local.oob.memfunc.length-misuse.maxcover.v5: harness compile failed (exit=1)
[ERR] 383_xmlschemas.c_3332_local.oob.memfunc.length-misuse.maxcover.v5: harness compile failed (exit=1)
