# Time log for MODE=sa_llm, PROJECT=libxml2_55980_vul
# Columns: SPEC_ID  duration_seconds
000_error.c_889_local.oob.memfunc.length-misuse.maxcover.v5  18
001_entities.c_969_local.oob.memfunc.length-misuse.maxcover.v5  24
005_SAX2.c_2629_local.oob.memfunc.length-misuse.maxcover.v5  36
006_c14n.c_1444_local.oob.memfunc.length-misuse.maxcover.v5  22
010_SAX2.c_2000_local.oob.memfunc.length-misuse.maxcover.v5  24
011_parserInternals.c_1487_local.oob.memfunc.length-misuse.maxcover.v5  25
012_hash.c_1129_local.oob.memfunc.length-misuse.maxcover.v5  26
013_parserInternals.c_1492_local.oob.memfunc.length-misuse.maxcover.v5  20
014_parserInternals.c_1494_local.oob.memfunc.length-misuse.maxcover.v5  28
015_parserInternals.c_1495_local.oob.memfunc.length-misuse.maxcover.v5  37
018_runtest.c_4731_local.oob.memfunc.length-misuse.maxcover.v5  21
021_SAX2.c_1884_local.oob.memfunc.length-misuse.maxcover.v5  21
022_pattern.c_1760_local.oob.memfunc.length-misuse.maxcover.v5  18
023_encoding.c_1151_local.oob.memfunc.length-misuse.maxcover.v5  35
025_c14n.c_829_local.oob.memfunc.length-misuse.maxcover.v5  25
026_c14n.c_838_local.oob.memfunc.length-misuse.maxcover.v5  25
028_runtest.c_4595_local.oob.memfunc.length-misuse.maxcover.v5  17
029_c14n.c_662_local.oob.memfunc.length-misuse.maxcover.v5  17
032_hash.c_259_local.oob.memfunc.length-misuse.maxcover.v5  21
033_hash.c_273_local.oob.memfunc.length-misuse.maxcover.v5  23
034_runtest.c_4264_local.oob.memfunc.length-misuse.maxcover.v5  11
035_hash.c_289_local.oob.memfunc.length-misuse.maxcover.v5  23
036_buf.c_823_local.oob.memfunc.length-misuse.maxcover.v5  27
039_c14n.c_300_local.oob.memfunc.length-misuse.maxcover.v5  25
040_c14n.c_304_local.oob.memfunc.length-misuse.maxcover.v5  24
041_c14n.c_307_local.oob.memfunc.length-misuse.maxcover.v5  32
046_buf.c_721_local.oob.memfunc.length-misuse.maxcover.v5  23
047_uri.c_2556_local.oob.memfunc.length-misuse.maxcover.v5  15
048_dict.c_1037_local.oob.memfunc.length-misuse.maxcover.v5  3137
054_dict.c_900_local.oob.memfunc.length-misuse.maxcover.v5  1578
056_dict.c_942_local.oob.memfunc.length-misuse.maxcover.v5  39
058_relaxng.c_10850_local.oob.memfunc.length-misuse.maxcover.v5  25
059_testrecurse.c_628_local.oob.memfunc.length-misuse.maxcover.v5  13
060_runtest.c_3891_local.oob.memfunc.length-misuse.maxcover.v5  10
062_runtest.c_3895_local.oob.memfunc.length-misuse.maxcover.v5  25
065_uri.c_2337_local.oob.memfunc.length-misuse.maxcover.v5  42
066_dict.c_767_local.oob.memfunc.length-misuse.maxcover.v5  25
067_runtest.c_3922_local.oob.memfunc.length-misuse.maxcover.v5  9
069_dict.c_601_local.oob.memfunc.length-misuse.maxcover.v5  19
073_HTMLparser.c_5068_local.oob.memfunc.length-misuse.maxcover.v5  28
075_testlimits.c_1332_local.oob.memfunc.length-misuse.maxcover.v5  4375
077_testlimits.c_1342_local.oob.memfunc.length-misuse.maxcover.v5  17
078_dict.c_358_local.oob.memfunc.length-misuse.maxcover.v5  48
080_runtest.c_3736_local.oob.memfunc.length-misuse.maxcover.v5  19
081_testrecurse.c_247_local.oob.memfunc.length-misuse.maxcover.v5  15
082_dict.c_290_local.oob.memfunc.length-misuse.maxcover.v5  30
083_testrecurse.c_260_local.oob.memfunc.length-misuse.maxcover.v5  18
084_testrecurse.c_201_local.oob.memfunc.length-misuse.maxcover.v5  14
085_testrecurse.c_185_local.oob.memfunc.length-misuse.maxcover.v5  8
086_runtest.c_3651_local.oob.memfunc.length-misuse.maxcover.v5  25
087_valid.c_7077_local.oob.memfunc.length-misuse.maxcover.v5  30
090_pattern.c_261_local.oob.memfunc.length-misuse.maxcover.v5  24
092_runtest.c_3486_local.oob.memfunc.length-misuse.maxcover.v5  33
093_runtest.c_3494_local.oob.memfunc.length-misuse.maxcover.v5  24
094_testlimits.c_336_local.oob.memfunc.length-misuse.maxcover.v5  26
095_testlimits.c_340_local.oob.memfunc.length-misuse.maxcover.v5  17
096_testlimits.c_348_local.oob.memfunc.length-misuse.maxcover.v5  26
097_testlimits.c_352_local.oob.memfunc.length-misuse.maxcover.v5  21
098_testlimits.c_358_local.oob.memfunc.length-misuse.maxcover.v5  13
099_tree.c_9552_local.oob.memfunc.length-misuse.maxcover.v5  28
100_tree.c_9577_local.oob.memfunc.length-misuse.maxcover.v5  31
101_testlimits.c_283_local.oob.memfunc.length-misuse.maxcover.v5  18
102_testlimits.c_267_local.oob.memfunc.length-misuse.maxcover.v5  7
103_tree.c_9659_local.oob.memfunc.length-misuse.maxcover.v5  28
104_testlimits.c_189_local.oob.memfunc.length-misuse.maxcover.v5  26
105_testlimits.c_194_local.oob.memfunc.length-misuse.maxcover.v5  26
106_testlimits.c_202_local.oob.memfunc.length-misuse.maxcover.v5  25
107_testlimits.c_206_local.oob.memfunc.length-misuse.maxcover.v5  21
108_runtest.c_3305_local.oob.memfunc.length-misuse.maxcover.v5  15
109_testlimits.c_212_local.oob.memfunc.length-misuse.maxcover.v5  15
110_testlimits.c_120_local.oob.memfunc.length-misuse.maxcover.v5  25
112_runtest.c_3116_local.oob.memfunc.length-misuse.maxcover.v5  9
113_testlimits.c_104_local.oob.memfunc.length-misuse.maxcover.v5  15
114_xmlmemory.c_448_local.oob.memfunc.length-misuse.maxcover.v5  32
116_xmlcatalog.c_145_local.oob.memfunc.length-misuse.maxcover.v5  7
117_threads.c_638_local.oob.memfunc.length-misuse.maxcover.v5  17
119_catalog.c_997_local.oob.memfunc.length-misuse.maxcover.v5  22
120_xmlmodule.c_90_local.oob.memfunc.length-misuse.maxcover.v5  24
121_threads.c_339_local.oob.memfunc.length-misuse.maxcover.v5  29
123_runtest.c_2809_local.oob.memfunc.length-misuse.maxcover.v5  15
126_xmlregexp.c_6215_local.oob.memfunc.length-misuse.maxcover.v5  24
127_xmlregexp.c_6217_local.oob.memfunc.length-misuse.maxcover.v5  30
128_xmlcatalog.c_81_local.oob.memfunc.length-misuse.maxcover.v5  15
129_xmlcatalog.c_87_local.oob.memfunc.length-misuse.maxcover.v5  12
132_schematron.c_537_local.oob.memfunc.length-misuse.maxcover.v5  30
135_relaxng.c_9390_local.oob.memfunc.length-misuse.maxcover.v5  25
136_schematron.c_456_local.oob.memfunc.length-misuse.maxcover.v5  30
137_xmlsave.c_2536_local.oob.memfunc.length-misuse.maxcover.v5  38
138_xmlregexp.c_6060_local.oob.memfunc.length-misuse.maxcover.v5  24
139_xmlregexp.c_6062_local.oob.memfunc.length-misuse.maxcover.v5  38
141_xmlregexp.c_5990_local.oob.memfunc.length-misuse.maxcover.v5  23
142_xmlregexp.c_5992_local.oob.memfunc.length-misuse.maxcover.v5  23
144_xmlregexp.c_5928_local.oob.memfunc.length-misuse.maxcover.v5  30
145_xmlregexp.c_5930_local.oob.memfunc.length-misuse.maxcover.v5  28
146_xmlsave.c_2369_local.oob.memfunc.length-misuse.maxcover.v5  36
149_runtest.c_2090_local.oob.memfunc.length-misuse.maxcover.v5  22
151_xmlsave.c_2187_local.oob.memfunc.length-misuse.maxcover.v5  20
153_xzlib.c_739_local.oob.memfunc.length-misuse.maxcover.v5  3065
155_xinclude.c_255_local.oob.memfunc.length-misuse.maxcover.v5  27
156_nanohttp.c_1325_local.oob.memfunc.length-misuse.maxcover.v5  16
157_xmlstring.c_509_local.oob.memfunc.length-misuse.maxcover.v5  1286
158_xmlstring.c_510_local.oob.memfunc.length-misuse.maxcover.v5  20
159_xmlstring.c_469_local.oob.memfunc.length-misuse.maxcover.v5  44
160_timsort.h_383_local.oob.memfunc.length-misuse.maxcover.v5  34
161_testThreads.c_115_local.oob.memfunc.length-misuse.maxcover.v5  18
162_timsort.h_402_local.oob.memfunc.length-misuse.maxcover.v5  130
163_nanohttp.c_1242_local.oob.memfunc.length-misuse.maxcover.v5  89
165_nanohttp.c_1015_local.oob.memfunc.length-misuse.maxcover.v5  23
170_nanohttp.c_680_local.oob.memfunc.length-misuse.maxcover.v5  10
172_xzlib.c_516_local.oob.memfunc.length-misuse.maxcover.v5  25
173_tree.c_7986_local.oob.memfunc.length-misuse.maxcover.v5  15
174_tree.c_7996_local.oob.memfunc.length-misuse.maxcover.v5  23
175_tree.c_8006_local.oob.memfunc.length-misuse.maxcover.v5  24
176_xmlstring.c_54_local.oob.memfunc.length-misuse.maxcover.v5  21
177_xzlib.c_286_local.oob.memfunc.length-misuse.maxcover.v5  17
178_xzlib.c_232_local.oob.memfunc.length-misuse.maxcover.v5  21
179_nanohttp.c_527_local.oob.memfunc.length-misuse.maxcover.v5  23
180_tree.c_7688_local.oob.memfunc.length-misuse.maxcover.v5  25
181_nanohttp.c_550_local.oob.memfunc.length-misuse.maxcover.v5  28
182_tree.c_7708_local.oob.memfunc.length-misuse.maxcover.v5  31
184_tree.c_7635_local.oob.memfunc.length-misuse.maxcover.v5  24
186_xmlwriter.c_4484_local.oob.memfunc.length-misuse.maxcover.v5  27
187_tree.c_7544_local.oob.memfunc.length-misuse.maxcover.v5  24
189_xmlwriter.c_4496_local.oob.memfunc.length-misuse.maxcover.v5  23
191_runtest.c_747_local.oob.memfunc.length-misuse.maxcover.v5  23
192_tree.c_7338_local.oob.memfunc.length-misuse.maxcover.v5  24
194_runtest.c_710_local.oob.memfunc.length-misuse.maxcover.v5  20
195_runtest.c_715_local.oob.memfunc.length-misuse.maxcover.v5  39
197_xmlregexp.c_4257_local.oob.memfunc.length-misuse.maxcover.v5  1306
198_runtest.c_628_local.oob.memfunc.length-misuse.maxcover.v5  17
199_runtest.c_648_local.oob.memfunc.length-misuse.maxcover.v5  46
200_parser.c_11846_local.oob.memfunc.length-misuse.maxcover.v5  35
201_runtest.c_649_local.oob.memfunc.length-misuse.maxcover.v5  30
203_xmlIO.c_3708_local.oob.memfunc.length-misuse.maxcover.v5  39
204_runtest.c_583_local.oob.memfunc.length-misuse.maxcover.v5  21
206_xmlregexp.c_4164_local.oob.memfunc.length-misuse.maxcover.v5  26
208_xmlregexp.c_3616_local.oob.memfunc.length-misuse.maxcover.v5  25
209_xmlregexp.c_3284_local.oob.memfunc.length-misuse.maxcover.v5  27
210_HTMLparser.c_2486_local.oob.memfunc.length-misuse.maxcover.v5  22
211_parser.c_11087_local.oob.memfunc.length-misuse.maxcover.v5  32
212_xmllint.c_759_local.oob.memfunc.length-misuse.maxcover.v5  13
213_xmllint.c_765_local.oob.memfunc.length-misuse.maxcover.v5  23
218_HTMLparser.c_2325_local.oob.memfunc.length-misuse.maxcover.v5  611
219_xmlregexp.c_3241_local.oob.memfunc.length-misuse.maxcover.v5  31
221_xmlregexp.c_3200_local.oob.memfunc.length-misuse.maxcover.v5  31
222_xmlregexp.c_3215_local.oob.memfunc.length-misuse.maxcover.v5  32
223_xmllint.c_492_local.oob.memfunc.length-misuse.maxcover.v5  21
224_HTMLparser.c_2226_local.oob.memfunc.length-misuse.maxcover.v5  23
225_tree.c_6272_local.oob.memfunc.length-misuse.maxcover.v5  28
227_xmlsave.c_298_local.oob.memfunc.length-misuse.maxcover.v5  26
228_tree.c_6139_local.oob.memfunc.length-misuse.maxcover.v5  24
229_xmlsave.c_303_local.oob.memfunc.length-misuse.maxcover.v5  16
230_valid.c_3329_local.oob.memfunc.length-misuse.maxcover.v5  29
233_xmlschemastypes.c_5921_local.oob.memfunc.length-misuse.maxcover.v5  26
234_xmlschemastypes.c_5931_local.oob.memfunc.length-misuse.maxcover.v5  14
235_xmlschemastypes.c_5932_local.oob.memfunc.length-misuse.maxcover.v5  19
239_xmlreader.c_2007_local.oob.memfunc.length-misuse.maxcover.v5  22
240_valid.c_2435_local.oob.memfunc.length-misuse.maxcover.v5  25
241_xmlIO.c_1802_local.oob.memfunc.length-misuse.maxcover.v5  28
243_valid.c_2074_local.oob.memfunc.length-misuse.maxcover.v5  31
244_xmlIO.c_1500_local.oob.memfunc.length-misuse.maxcover.v5  22
247_xmlIO.c_733_local.oob.memfunc.length-misuse.maxcover.v5  16
248_valid.c_1555_local.oob.memfunc.length-misuse.maxcover.v5  23
250_xmlwriter.c_436_local.oob.memfunc.length-misuse.maxcover.v5  33
251_xmlwriter.c_367_local.oob.memfunc.length-misuse.maxcover.v5  28
253_valid.c_1012_local.oob.memfunc.length-misuse.maxcover.v5  30
254_xmlregexp.c_872_local.oob.memfunc.length-misuse.maxcover.v5  23
255_valid.c_1041_local.oob.memfunc.length-misuse.maxcover.v5  37
256_tree.c_4298_local.oob.memfunc.length-misuse.maxcover.v5  21
257_xmlwriter.c_192_local.oob.memfunc.length-misuse.maxcover.v5  23
259_valid.c_947_local.oob.memfunc.length-misuse.maxcover.v5  29
262_xmlregexp.c_465_local.oob.memfunc.length-misuse.maxcover.v5  25
263_relaxng.c_4404_local.oob.memfunc.length-misuse.maxcover.v5  28
264_xmlschemastypes.c_3791_local.oob.memfunc.length-misuse.maxcover.v5  19
265_libxml.c_3566_local.oob.memfunc.length-misuse.maxcover.v5  25
266_libxml.c_3512_local.oob.memfunc.length-misuse.maxcover.v5  24
267_xmlregexp.c_444_local.oob.memfunc.length-misuse.maxcover.v5  29
268_libxml.c_3414_local.oob.memfunc.length-misuse.maxcover.v5  20
269_libxml.c_3250_local.oob.memfunc.length-misuse.maxcover.v5  28
270_relaxng.c_3808_local.oob.memfunc.length-misuse.maxcover.v5  42
271_tree.c_2796_local.oob.memfunc.length-misuse.maxcover.v5  25
272_tree.c_2762_local.oob.memfunc.length-misuse.maxcover.v5  22
273_tree.c_2709_local.oob.memfunc.length-misuse.maxcover.v5  29
274_tree.c_2638_local.oob.memfunc.length-misuse.maxcover.v5  22
276_tree.c_2476_local.oob.memfunc.length-misuse.maxcover.v5  23
277_tree.c_2443_local.oob.memfunc.length-misuse.maxcover.v5  27
279_tree.c_2264_local.oob.memfunc.length-misuse.maxcover.v5  27
283_libxml.c_1809_local.oob.memfunc.length-misuse.maxcover.v5  24
284_xpath.c_9931_local.oob.memfunc.length-misuse.maxcover.v5  25
285_xmlschemas.c_25428_local.oob.memfunc.length-misuse.maxcover.v5  24
290_tree.c_897_local.oob.memfunc.length-misuse.maxcover.v5  36
291_relaxng.c_1991_local.oob.memfunc.length-misuse.maxcover.v5  26
292_tree.c_761_local.oob.memfunc.length-misuse.maxcover.v5  22
293_xmlschemastypes.c_964_local.oob.memfunc.length-misuse.maxcover.v5  24
295_xmlschemas.c_24350_local.oob.memfunc.length-misuse.maxcover.v5  32
297_libxml.c_393_local.oob.memfunc.length-misuse.maxcover.v5  29
299_xmlschemastypes.c_445_local.oob.memfunc.length-misuse.maxcover.v5  20
302_xmlschemas.c_24389_local.oob.memfunc.length-misuse.maxcover.v5  30
304_xmlschemastypes.c_381_local.oob.memfunc.length-misuse.maxcover.v5  22
305_xmlschemastypes.c_273_local.oob.memfunc.length-misuse.maxcover.v5  23
307_xmlschemastypes.c_232_local.oob.memfunc.length-misuse.maxcover.v5  55
308_relaxng.c_1303_local.oob.memfunc.length-misuse.maxcover.v5  28
309_relaxng.c_1307_local.oob.memfunc.length-misuse.maxcover.v5  26
310_relaxng.c_1333_local.oob.memfunc.length-misuse.maxcover.v5  34
311_relaxng.c_1221_local.oob.memfunc.length-misuse.maxcover.v5  36
313_xmlschemas.c_23962_local.oob.memfunc.length-misuse.maxcover.v5  33
315_tree.c_244_local.oob.memfunc.length-misuse.maxcover.v5  27
316_parser.c_4995_local.oob.memfunc.length-misuse.maxcover.v5  30
319_xmlschemas.c_23477_local.oob.memfunc.length-misuse.maxcover.v5  23
321_xmlschemas.c_22997_local.oob.memfunc.length-misuse.maxcover.v5  29
322_xmlschemas.c_23065_local.oob.memfunc.length-misuse.maxcover.v5  24
323_xmlschemas.c_23245_local.oob.memfunc.length-misuse.maxcover.v5  24
325_xpath.c_6905_local.oob.memfunc.length-misuse.maxcover.v5  30
326_xpath.c_6923_local.oob.memfunc.length-misuse.maxcover.v5  39
329_xpath.c_6233_local.oob.memfunc.length-misuse.maxcover.v5  26
331_parser.c_3719_local.oob.memfunc.length-misuse.maxcover.v5  936
333_xpath.c_5633_local.oob.memfunc.length-misuse.maxcover.v5  62
336_xpath.c_5364_local.oob.memfunc.length-misuse.maxcover.v5  18
337_xpath.c_5325_local.oob.memfunc.length-misuse.maxcover.v5  25
348_xpath.c_4004_local.oob.memfunc.length-misuse.maxcover.v5  27
349_xpath.c_3918_local.oob.memfunc.length-misuse.maxcover.v5  25
351_xpath.c_3746_local.oob.memfunc.length-misuse.maxcover.v5  22
352_xpath.c_3690_local.oob.memfunc.length-misuse.maxcover.v5  23
353_xpath.c_3587_local.oob.memfunc.length-misuse.maxcover.v5  18
356_xpath.c_3251_local.oob.memfunc.length-misuse.maxcover.v5  246
357_xpath.c_2211_local.oob.memfunc.length-misuse.maxcover.v5  53
358_parser.c_1232_local.oob.memfunc.length-misuse.maxcover.v5  28
361_xpath.c_861_local.oob.memfunc.length-misuse.maxcover.v5  19
362_xmlschemas.c_10045_local.oob.memfunc.length-misuse.maxcover.v5  22
376_xmlschemas.c_5300_local.oob.memfunc.length-misuse.maxcover.v5  21
379_xmlschemas.c_3646_local.oob.memfunc.length-misuse.maxcover.v5  29
380_xmlschemas.c_3395_local.oob.memfunc.length-misuse.maxcover.v5  18
384_testapi.c_140_local.oob.memfunc.length-misuse.maxcover.v5  19
385_testapi.c_141_local.oob.memfunc.length-misuse.maxcover.v5  20
386_testapi.c_142_local.oob.memfunc.length-misuse.maxcover.v5  16
387_testapi.c_143_local.oob.memfunc.length-misuse.maxcover.v5  18
