[i] Logging all output to: /media/shafi/Research/STAILOR/se_runs/sailr_cegir/libxml2_62911_vul/174_dict.c_541_local_cpp_cwe-125-oob-read/execution.log
  [i] Copied vulnerable file to: /media/shafi/Research/STAILOR/se_runs/sailr_cegir/libxml2_62911_vul/174_dict.c_541_local_cpp_cwe-125-oob-read/ctx/dict.c
  [i] Context: File 'dict.c' is 940 lines. Using FULL SOURCE.
[+] Running Context Discovery on dict.c...
    [i] No obvious static barriers found.
[Strategy] Inferred: OOB_READ (Oracle: instrumented_predicate)
  [i] Prompts saved to /media/shafi/Research/STAILOR/se_runs/sailr_cegir/libxml2_62911_vul/174_dict.c_541_local_cpp_cwe-125-oob-read/prompts

[=] PHASE 1: Frozen Context Analysis (Identifying Entrypoint & Logic)
  --- [Analysis Turn 1/30] ---
  --- [Analysis Turn 2/30] ---
  [i] Received 'final_plan'. Validating...
  [+] Entrypoint 'xmlDictLookup' verified linkable.
  [i] Zero-Day Discovery: Tracing public reachability for 'xmlDictLookup'...
  [+] Reachability Candidate: xmlSchematronFree -> xmlDictLookup
  [i] Upgrading Entrypoint: xmlDictLookup -> xmlSchematronFree (Chain: xmlSchematronFree -> xmlDictLookup)
  [i] QL-Validation: Identified Vulnerable Sink 'memcmp' at line 541.
      Critical Argument (Length): 'len'
  [!] REJECTED: Assertion checks CONTENT at index 'len' (Fragile).
      Violation of oob-read: OOB bugs must be detected by BOUNDS, not VALUES.
      [Auto-Fix] Rewrote assertion to QL-compliant bounds check: 'BUG_ASSERT(len > 1);'
  [i] Syntax Safety: Re-aligned insertion 541 -> 538 (Target: /*...)
  [DEBUG] Checking syntax safety for BUG_ASSERT at line 1...
  [i] Syntax Safety: Re-aligned insertion 1 -> 19 (Target: #define IN_LIBXML...)
  [i] Auto-Correct: Moved BUG_ASSERT from 1 to 19 (Syntax Safety).
  [DEBUG] Checking syntax safety for BUG_ASSERT at line 541...
  [i] Syntax Safety: Re-aligned insertion 541 -> 538 (Target: /*...)
  [i] Auto-Correct: Moved BUG_ASSERT from 541 to 538 (Syntax Safety).
  [DEBUG] Checking syntax safety for BUG_ASSERT at line 541...
  [i] Syntax Safety: Re-aligned insertion 541 -> 538 (Target: /*...)
  [i] Auto-Correct: Moved BUG_ASSERT from 541 to 538 (Syntax Safety).
  [+] Plan Validated Successfully.
  [i] Pipeline: Injected KLEE headers into /media/shafi/Research/STAILOR/se_runs/sailr_cegir/libxml2_62911_vul/174_dict.c_541_local_cpp_cwe-125-oob-read/instrumented_source/include/klee to fix build dependencies.
  [stubs] MUST_KEEP_FUNCS(6): xmlDictExists, xmlDictFindEntry, xmlDictLookup, xmlDictLookupHashed, xmlDictLookupInternal, xmlDictQLookup
  [i] Switching to Instrumented Bitcode: /media/shafi/Research/STAILOR/se_runs/sailr_cegir/libxml2_62911_vul/174_dict.c_541_local_cpp_cwe-125-oob-read/instrumented_source/project.bc

[=] PHASE 2: Iterative Refinement (Concrete -> Symbolic)

*** STATEMENT GRAPH (MISSION OBJECTIVE) ***
[✓] xmlSchematronFree (harness.c:0)
      ↓
      ... (:0)
        ↓
    [!] TARGET (dict.c:541)
          `if ((memcmp(entry->name, name, len) == 0) &&`
*******************************************


  --- [Refinement Turn 1 (Budget 1/30)] ---
      [!] Blocking Execution due to PRE-FLIGHT ERROR.

  --- [Refinement Turn 2 (Budget 2/30)] ---
      [!] Blocking Execution due to PRE-FLIGHT ERROR.

  --- [Refinement Turn 3 (Budget 3/30)] ---
      [!] Blocking Execution due to PRE-FLIGHT ERROR.

  --- [Refinement Turn 4 (Budget 4/30)] ---
      [!] Blocking Execution due to PRE-FLIGHT ERROR.

  --- [Refinement Turn 5 (Budget 5/30)] ---
  [*] Compiling to Bitcode...
  [*] Running KLEE...
      [>] Output Dir:   /media/shafi/Research/STAILOR/se_runs/sailr_cegir/libxml2_62911_vul/174_dict.c_541_local_cpp_cwe-125-oob-read/refinement/logs/klee-out-4
      [>] Streaming KLEE output (600s max)...
      ---------------------------------------------------
      [KLEE] KLEE: NOTE: Using POSIX model: /home/shafi/tools/klee/build/runtime/lib/libkleeRuntimePOSIX64_Debug+Asserts.bca
      [KLEE] KLEE: NOTE: Using klee-uclibc : /home/shafi/tools/klee/build/runtime/lib/klee-uclibc.bca
      [KLEE] KLEE: output directory is "/media/shafi/Research/STAILOR/se_runs/sailr_cegir/libxml2_62911_vul/174_dict.c_541_local_cpp_cwe-125-oob-read/refinement/logs/klee-out-4"
      [KLEE] KLEE: Using Z3 solver backend
      [KLEE] KLEE: Deterministic allocator: Using quarantine queue size 8
      [KLEE] KLEE: Deterministic allocator: globals (start-address=0x7437b1e00000 size=10 GiB)
      [KLEE] KLEE: Deterministic allocator: constants (start-address=0x743531e00000 size=10 GiB)
      [KLEE] KLEE: Deterministic allocator: heap (start-address=0x733531e00000 size=1024 GiB)
      [KLEE] KLEE: Deterministic allocator: stack (start-address=0x731531e00000 size=128 GiB)
      [KLEE] KLEE: WARNING ONCE: unsupported intrinsic llvm.load.relative.i64
      [KLEE] KLEE: WARNING: undefined reference to function: __isoc99_sscanf
      [KLEE] KLEE: WARNING: undefined reference to variable: __libc_single_threaded
      [KLEE] KLEE: WARNING: undefined reference to function: bcmp
      [KLEE] KLEE: WARNING: undefined reference to function: ceil
      [KLEE] KLEE: WARNING: undefined reference to function: crc32
      [KLEE] KLEE: WARNING: undefined reference to function: deflate
      [KLEE] KLEE: WARNING: undefined reference to function: deflateEnd
      [KLEE] KLEE: WARNING: undefined reference to function: deflateInit2_
      [KLEE] KLEE: WARNING: undefined reference to function: dlclose
      [KLEE] KLEE: WARNING: undefined reference to function: dlerror
      [KLEE] KLEE: WARNING: undefined reference to function: dlopen
      [KLEE] KLEE: WARNING: undefined reference to function: dlsym
      [KLEE] KLEE: WARNING: undefined reference to function: fcntl64
      [KLEE] KLEE: WARNING: undefined reference to function: floor
      [KLEE] KLEE: WARNING: undefined reference to function: fmod
      [KLEE] KLEE: WARNING: undefined reference to function: gzclose
      [KLEE] KLEE: WARNING: undefined reference to function: gzdirect
      [KLEE] KLEE: WARNING: undefined reference to function: gzdopen
      [KLEE] KLEE: WARNING: undefined reference to function: gzopen64
      [KLEE] KLEE: WARNING: undefined reference to function: gzread
      [KLEE] KLEE: WARNING: undefined reference to function: gzwrite
      [KLEE] KLEE: WARNING: undefined reference to function: inflate
      [KLEE] KLEE: WARNING: undefined reference to function: inflateEnd
      [KLEE] KLEE: WARNING: undefined reference to function: inflateInit2_
      [KLEE] KLEE: WARNING: undefined reference to function: inflateReset
      [KLEE] KLEE: WARNING: undefined reference to function: log10
      [KLEE] KLEE: WARNING: undefined reference to function: lzma_auto_decoder
      [KLEE] KLEE: WARNING: undefined reference to function: lzma_code
      [KLEE] KLEE: WARNING: undefined reference to function: lzma_end
      [KLEE] KLEE: WARNING: undefined reference to function: lzma_properties_decode
      [KLEE] KLEE: WARNING: undefined reference to function: mprotect
      [KLEE] KLEE: WARNING: undefined reference to function: poll
      [KLEE] KLEE: WARNING: undefined reference to function: pow
      [KLEE] KLEE: WARNING: undefined reference to function: pthread_cond_destroy
      [KLEE] KLEE: WARNING: undefined reference to function: pthread_cond_init
      [KLEE] KLEE: WARNING: undefined reference to function: pthread_cond_signal
      [KLEE] KLEE: WARNING: undefined reference to function: pthread_cond_wait
      [KLEE] KLEE: WARNING: undefined reference to function: pthread_equal
      [KLEE] KLEE: WARNING: undefined reference to function: pthread_getspecific
      [KLEE] KLEE: WARNING: undefined reference to function: pthread_key_create
      [KLEE] KLEE: WARNING: undefined reference to function: pthread_key_delete
      [KLEE] KLEE: WARNING: undefined reference to function: pthread_mutex_destroy
      [KLEE] KLEE: WARNING: undefined reference to function: pthread_mutex_init
      [KLEE] KLEE: WARNING: undefined reference to function: pthread_mutex_lock
      [KLEE] KLEE: WARNING: undefined reference to function: pthread_mutex_unlock
      [KLEE] KLEE: WARNING: undefined reference to function: pthread_self
      [KLEE] KLEE: WARNING: undefined reference to function: pthread_setspecific
      [KLEE] KLEE: WARNING ONCE: calling external: syscall(16, 0, 21505, 126579965427712) at runtime/POSIX/fd.c:997 10
      [KLEE] KLEE: WARNING ONCE: Alignment of memory from call "malloc" is not modelled. Using alignment of 8.
      [KLEE] KLEE: WARNING ONCE: calling __klee_posix_wrapped_main with extra arguments.
      [KLEE] KLEE: WARNING ONCE: calling external: pthread_mutex_init(127788881281024, 0) at threads.c:140 1
      [KLEE] KLEE: WARNING ONCE: calling external: pthread_key_create(127783713898496, 127774199119872) at globals.c:574 18
      [KLEE] KLEE: WARNING ONCE: calling external: pthread_self() at globals.c:574 16
      [KLEE] KLEE: WARNING ONCE: calling external: gettimeofday(126564933042176, 0) at runtime/POSIX/stubs.c:179 7
      [KLEE] KLEE: WARNING ONCE: Alignment of memory from call "" is not modelled. Using alignment of 8.
      [KLEE] KLEE: WARNING ONCE: Alignment of memory from call "" is not modelled. Using alignment of 8.
      [KLEE] KLEE: WARNING ONCE: Alignment of memory from call "" is not modelled. Using alignment of 8.
      [KLEE] KLEE: ERROR: dict.c:548: ASSERTION FAIL: !(len > 1) && "BUG_ASSERT"
      [KLEE] KLEE: NOTE: now ignoring this error at this location
      [KLEE] KLEE: ERROR: EXITING ON ERROR:
      [KLEE] Error: ASSERTION FAIL: !(len > 1) && "BUG_ASSERT"
      [KLEE] File: dict.c
      [KLEE] Line: 548
      [KLEE] assembly.ll line: 44667
      [KLEE] State: 1
      [KLEE] Stack: 
      [KLEE] 	#000044667 in xmlDictFindEntry(127050264346624, 0, 126655127355392, 5, symbolic, 126545068818432) at dict.c:548
      [KLEE] 	#100044176 in xmlDictLookupInternal(127050264346624, 0, 126655127355392, symbolic, 1) at dict.c:692
      [KLEE] 	#200043437 in xmlDictLookup(127050264346624, 126655127355392, symbolic) at dict.c:809
      [KLEE] 	#300110842 in __klee_posix_wrapped_main(1, 126912825393152) at se_runs/sailr_cegir/libxml2_62911_vul/174_dict.c_541_local_cpp_cwe-125-oob-read/refinement/harness/harness.c:144
      [KLEE] 	#400012103 in __user_main(1, 127790609334272, 127790609334288) at runtime/POSIX/klee_init_env.c:244
      [KLEE] 	#500005516 in __uClibc_main(127774763253760, 1, 127790609334272, 0, 0, 0, 0) at libc/misc/internals/__uClibc_main.c:401
      [KLEE] 	#600005681 in main(1, 127790609334272)
      [KLEE] 
      [KLEE] 
      ---------------------------------------------------
  [DIAG] exec: status=bug_found crash=spec BUG_ASSERT  loc=dict.c:541 (Oracle) reason=Oracle BUG_ASSERT triggered

*** STATEMENT GRAPH (UPDATED) ***
[✓] __uClibc_main (__uClibc_main.c:401)
      `(Source unavailable in Instrumented)`
      ↓
  [✓] __user_main (klee_init_env.c:244)
        `(Source unavailable in Instrumented)`
        ↓
    [✓] __klee_posix_wrapped_main (harness.c:144)
          `(Source unavailable in Instrumented)`
          ↓
      [✓] xmlDictLookup (dict.c:809)
            `entry = xmlDictLookupInternal(dict, NULL, name, len, 1);`
            ↓
        [✓] xmlDictLookupInternal (dict.c:692)
              `entry = xmlDictFindEntry(dict, prefix, name, klen, hashValue, &found);`
              ↓
          [X] xmlDictFindEntry (dict.c:548)
                `BUG_ASSERT(len > 1);`
***********************************

  [+] TARGET BUG REPRODUCED: Oracle BUG_ASSERT triggered

[=] VALIDATION: Concrete replay of all saved bugs (target + non-target)
[✓] Finished 174_dict.c_541_local_cpp_cwe-125-oob-read: SPEC_BUG
