CMake Warning:
  Manually-specified variables were not used by the project:

    CMAKE_CXX_COMPILER


/media/shafi/Research/STAILOR/se_runs/sailr_cegir/libxml2_62911_vul/174_dict.c_541_local_cpp_cwe-125-oob-read/instrumented_source/encoding.c:483:26: warning: cast from 'const unsigned char *' to 'unsigned short *' increases required alignment from 1 to 2 [-Wcast-align]
    unsigned short* in = (unsigned short*) inb;
                         ^~~~~~~~~~~~~~~~~~~~~
/media/shafi/Research/STAILOR/se_runs/sailr_cegir/libxml2_62911_vul/174_dict.c_541_local_cpp_cwe-125-oob-read/instrumented_source/encoding.c:569:27: warning: cast from 'unsigned char *' to 'unsigned short *' increases required alignment from 1 to 2 [-Wcast-align]
    unsigned short* out = (unsigned short*) outb;
                          ^~~~~~~~~~~~~~~~~~~~~~
/media/shafi/Research/STAILOR/se_runs/sailr_cegir/libxml2_62911_vul/174_dict.c_541_local_cpp_cwe-125-oob-read/instrumented_source/encoding.c:721:26: warning: cast from 'const unsigned char *' to 'unsigned short *' increases required alignment from 1 to 2 [-Wcast-align]
    unsigned short* in = (unsigned short*) inb;
                         ^~~~~~~~~~~~~~~~~~~~~
/media/shafi/Research/STAILOR/se_runs/sailr_cegir/libxml2_62911_vul/174_dict.c_541_local_cpp_cwe-125-oob-read/instrumented_source/encoding.c:807:27: warning: cast from 'unsigned char *' to 'unsigned short *' increases required alignment from 1 to 2 [-Wcast-align]
    unsigned short* out = (unsigned short*) outb;
                          ^~~~~~~~~~~~~~~~~~~~~~
4 warnings generated.
/media/shafi/Research/STAILOR/se_runs/sailr_cegir/libxml2_62911_vul/174_dict.c_541_local_cpp_cwe-125-oob-read/instrumented_source/encoding.c:483:26: warning: cast from 'const unsigned char *' to 'unsigned short *' increases required alignment from 1 to 2 [-Wcast-align]
    unsigned short* in = (unsigned short*) inb;
                         ^~~~~~~~~~~~~~~~~~~~~
/media/shafi/Research/STAILOR/se_runs/sailr_cegir/libxml2_62911_vul/174_dict.c_541_local_cpp_cwe-125-oob-read/instrumented_source/encoding.c:569:27: warning: cast from 'unsigned char *' to 'unsigned short *' increases required alignment from 1 to 2 [-Wcast-align]
    unsigned short* out = (unsigned short*) outb;
                          ^~~~~~~~~~~~~~~~~~~~~~
/media/shafi/Research/STAILOR/se_runs/sailr_cegir/libxml2_62911_vul/174_dict.c_541_local_cpp_cwe-125-oob-read/instrumented_source/encoding.c:721:26: warning: cast from 'const unsigned char *' to 'unsigned short *' increases required alignment from 1 to 2 [-Wcast-align]
    unsigned short* in = (unsigned short*) inb;
                         ^~~~~~~~~~~~~~~~~~~~~
/media/shafi/Research/STAILOR/se_runs/sailr_cegir/libxml2_62911_vul/174_dict.c_541_local_cpp_cwe-125-oob-read/instrumented_source/encoding.c:807:27: warning: cast from 'unsigned char *' to 'unsigned short *' increases required alignment from 1 to 2 [-Wcast-align]
    unsigned short* out = (unsigned short*) outb;
                          ^~~~~~~~~~~~~~~~~~~~~~
4 warnings generated.
Writing output to /media/shafi/Research/STAILOR/se_runs/sailr_cegir/libxml2_62911_vul/174_dict.c_541_local_cpp_cwe-125-oob-read/instrumented_source/build/libxml2.a.bc
