[*] Using Linker: llvm-link-14
[*] Cleaning build artifacts...
[*] Configuring build...
[*] Detected CMake
-- The C compiler identification is Clang 14.0.6
-- Detecting C compiler ABI info
-- Detecting C compiler ABI info - done
-- Check for working C compiler: /home/shafi/.local/bin/wllvm - skipped
-- Detecting C compile features
-- Detecting C compile features - done
-- Found PkgConfig: /usr/bin/pkg-config (found version "1.8.1") 
-- Looking for include file unistd.h
-- Looking for include file unistd.h - found
-- Looking for F_GETFL
-- Looking for F_GETFL - found
-- Found Python: /media/shafi/Research/stase_llm/venv/bin/python3 (found version "3.12.3") found components: Interpreter Development Development.Module Development.Embed 
-- Performing Test Iconv_IS_BUILT_IN
-- Performing Test Iconv_IS_BUILT_IN - Success
-- Found Iconv: built in to C library  
-- Looking for lzma_auto_decoder in /usr/lib/x86_64-linux-gnu/liblzma.so
-- Looking for lzma_auto_decoder in /usr/lib/x86_64-linux-gnu/liblzma.so - found
-- Looking for lzma_easy_encoder in /usr/lib/x86_64-linux-gnu/liblzma.so
-- Looking for lzma_easy_encoder in /usr/lib/x86_64-linux-gnu/liblzma.so - found
-- Looking for lzma_lzma_preset in /usr/lib/x86_64-linux-gnu/liblzma.so
-- Looking for lzma_lzma_preset in /usr/lib/x86_64-linux-gnu/liblzma.so - found
-- Found LibLZMA: /usr/lib/x86_64-linux-gnu/liblzma.so (found version "5.4.5") 
-- Performing Test CMAKE_HAVE_LIBC_PTHREAD
-- Performing Test CMAKE_HAVE_LIBC_PTHREAD - Success
-- Found Threads: TRUE  
-- Found ZLIB: /usr/lib/x86_64-linux-gnu/libz.so (found version "1.3")  
-- Performing Test HAVE_ATTRIBUTE_DESTRUCTOR
-- Performing Test HAVE_ATTRIBUTE_DESTRUCTOR - Success
-- Looking for include file arpa/inet.h
-- Looking for include file arpa/inet.h - found
-- Looking for class
-- Looking for class - not found
-- Looking for include file dlfcn.h
-- Looking for include file dlfcn.h - found
-- Looking for dlopen in dl
-- Looking for dlopen in dl - found
-- Looking for include file dl.h
-- Looking for include file dl.h - not found
-- Looking for include file fcntl.h
-- Looking for include file fcntl.h - found
-- Looking for fpclass
-- Looking for fpclass - not found
-- Looking for ftime
-- Looking for ftime - found
-- Looking for gettimeofday
-- Looking for gettimeofday - found
-- Looking for include file inttypes.h
-- Looking for include file inttypes.h - found
-- Looking for isascii
-- Looking for isascii - found
-- Looking for append_history in history
-- Looking for append_history in history - not found
-- Looking for readline in readline
-- Looking for readline in readline - not found
-- Looking for mmap
-- Looking for mmap - found
-- Looking for munmap
-- Looking for munmap - found
-- Looking for include file netdb.h
-- Looking for include file netdb.h - found
-- Looking for include file netinet/in.h
-- Looking for include file netinet/in.h - found
-- Looking for include file poll.h
-- Looking for include file poll.h - found
-- Looking for shl_load in dld
-- Looking for shl_load in dld - not found
-- Looking for stat
-- Looking for stat - found
-- Looking for include file stdint.h
-- Looking for include file stdint.h - found
-- Looking for include file sys/mman.h
-- Looking for include file sys/mman.h - found
-- Looking for include file sys/select.h
-- Looking for include file sys/select.h - found
-- Looking for include file sys/socket.h
-- Looking for include file sys/socket.h - found
-- Looking for include file sys/stat.h
-- Looking for include file sys/stat.h - found
-- Looking for include file sys/timeb.h
-- Looking for include file sys/timeb.h - found
-- Looking for include file sys/time.h
-- Looking for include file sys/time.h - found
-- Looking for va_copy
-- Looking for va_copy - found
-- Looking for __va_copy
-- Looking for __va_copy - found
-- Performing Test VA_LIST_IS_ARRAY_TEST
-- Performing Test VA_LIST_IS_ARRAY_TEST - Failed
-- Performing Test XML_SOCKLEN_T_SOCKLEN_T
-- Performing Test XML_SOCKLEN_T_SOCKLEN_T - Success
-- Performing Test XML_THREAD_LOCAL_C11
-- Performing Test XML_THREAD_LOCAL_C11 - Success
-- Looking for include file pthread.h
-- Looking for include file pthread.h - found
-- Checking for module 'liblzma'
--   Found liblzma, version 5.4.5
-- Checking for module 'zlib'
--   Found zlib, version 1.3
Found 1613 functions in libxml2-api.xml
Found 54 functions in libxml2-python-api.xml
Generated 891 wrapper functions, 571 failed, 205 skipped
-- Configuring done (17.2s)
-- Generating done (0.0s)
-- Build files have been written to: /media/shafi/Research/STAILOR/se_runs/sailr_cegir/libxml2_62911_vul/174_dict.c_541_local_cpp_cwe-125-oob-read/instrumented_source/build
[  5%] Building C object CMakeFiles/LibXml2.dir/error.c.o
[  5%] Building C object CMakeFiles/LibXml2.dir/entities.c.o
[  5%] Building C object CMakeFiles/LibXml2.dir/debugXML.c.o
[  8%] Building C object CMakeFiles/LibXml2.dir/chvalid.c.o
[  9%] Building C object CMakeFiles/LibXml2.dir/dict.c.o
[ 10%] Building C object CMakeFiles/LibXml2.dir/c14n.c.o
[ 12%] Building C object CMakeFiles/LibXml2.dir/encoding.c.o
[ 13%] Building C object CMakeFiles/LibXml2.dir/globals.c.o
[ 13%] Building C object CMakeFiles/LibXml2.dir/HTMLparser.c.o
[  6%] Building C object CMakeFiles/LibXml2.dir/buf.c.o
[ 15%] Building C object CMakeFiles/LibXml2.dir/hash.c.o
[ 16%] Building C object CMakeFiles/LibXml2.dir/list.c.o
[ 17%] Building C object CMakeFiles/LibXml2.dir/nanoftp.c.o
[ 20%] Building C object CMakeFiles/LibXml2.dir/catalog.c.o
[ 20%] Building C object CMakeFiles/LibXml2.dir/legacy.c.o
[ 21%] Building C object CMakeFiles/LibXml2.dir/HTMLtree.c.o
[ 23%] Building C object CMakeFiles/LibXml2.dir/nanohttp.c.o
[ 24%] Building C object CMakeFiles/LibXml2.dir/parser.c.o
[ 26%] Building C object CMakeFiles/LibXml2.dir/parserInternals.c.o
[ 27%] Building C object CMakeFiles/LibXml2.dir/pattern.c.o
[ 28%] Building C object CMakeFiles/LibXml2.dir/relaxng.c.o
[ 30%] Building C object CMakeFiles/LibXml2.dir/SAX.c.o
[ 31%] Building C object CMakeFiles/LibXml2.dir/SAX2.c.o
[ 32%] Building C object CMakeFiles/LibXml2.dir/schematron.c.o
[ 34%] Building C object CMakeFiles/LibXml2.dir/threads.c.o
[ 35%] Building C object CMakeFiles/LibXml2.dir/tree.c.o
[ 36%] Building C object CMakeFiles/LibXml2.dir/uri.c.o
[ 38%] Building C object CMakeFiles/LibXml2.dir/valid.c.o
[ 39%] Building C object CMakeFiles/LibXml2.dir/xinclude.c.o
[ 41%] Building C object CMakeFiles/LibXml2.dir/xlink.c.o
[ 42%] Building C object CMakeFiles/LibXml2.dir/xmlIO.c.o
[ 43%] Building C object CMakeFiles/LibXml2.dir/xmlmemory.c.o
[ 45%] Building C object CMakeFiles/LibXml2.dir/xmlmodule.c.o
[ 46%] Building C object CMakeFiles/LibXml2.dir/xmlreader.c.o
[ 47%] Building C object CMakeFiles/LibXml2.dir/xmlregexp.c.o
[ 49%] Building C object CMakeFiles/LibXml2.dir/xmlsave.c.o
[ 50%] Building C object CMakeFiles/LibXml2.dir/xmlschemas.c.o
[ 52%] Building C object CMakeFiles/LibXml2.dir/xmlschemastypes.c.o
[ 53%] Building C object CMakeFiles/LibXml2.dir/xmlstring.c.o
[ 54%] Building C object CMakeFiles/LibXml2.dir/xmlunicode.c.o
[ 56%] Building C object CMakeFiles/LibXml2.dir/xmlwriter.c.o
[ 57%] Building C object CMakeFiles/LibXml2.dir/xpath.c.o
[ 58%] Building C object CMakeFiles/LibXml2.dir/xpointer.c.o
[ 60%] Building C object CMakeFiles/LibXml2.dir/xzlib.c.o
[ 61%] Linking C static library libxml2.a
[ 61%] Built target LibXml2
[ 63%] Building C object CMakeFiles/testModule.dir/testModule.c.o
[ 64%] Building C object CMakeFiles/runsuite.dir/runsuite.c.o
[ 65%] Building C object CMakeFiles/runxmlconf.dir/runxmlconf.c.o
[ 68%] Building C object CMakeFiles/testlimits.dir/testlimits.c.o
[ 68%] Building C object CMakeFiles/testdict.dir/testdict.c.o
[ 69%] Building C object CMakeFiles/testThreads.dir/testThreads.c.o
[ 71%] Building C object CMakeFiles/testchar.dir/testchar.c.o
[ 73%] Building C object CMakeFiles/xmlcatalog.dir/xmlcatalog.c.o
[ 73%] Building C object CMakeFiles/xmllint.dir/xmllint.c.o
[ 75%] Building C object CMakeFiles/runtest.dir/runtest.c.o
[ 76%] Building C object CMakeFiles/testrecurse.dir/testrecurse.c.o
[ 78%] Building C object CMakeFiles/testapi.dir/testapi.c.o
[ 79%] Building C object CMakeFiles/LibXml2Mod.dir/libxml2-py.c.o
[ 80%] Building C object CMakeFiles/LibXml2Mod.dir/python/types.c.o
[ 82%] Building C object CMakeFiles/LibXml2Mod.dir/python/libxml.c.o
[ 83%] Linking C executable testModule
[ 84%] Linking C executable testThreads
[ 86%] Linking C executable runxmlconf
[ 87%] Linking C executable testchar
[ 89%] Linking C executable runsuite
[ 90%] Linking C executable xmlcatalog
[ 90%] Built target testThreads
[ 91%] Linking C executable testlimits
[ 90%] Built target testModule
[ 93%] Linking C executable testrecurse
[ 93%] Built target testchar
[ 93%] Built target runxmlconf
[ 94%] Linking C executable testdict
[ 94%] Built target runsuite
[ 94%] Built target xmlcatalog
[ 94%] Built target testlimits
[ 94%] Built target testrecurse
[ 94%] Built target testdict
[ 95%] Linking C executable xmllint
[ 95%] Built target xmllint
[ 97%] Linking C executable runtest
[ 97%] Built target runtest
[ 98%] Linking C static library libxml2mod.a
[ 98%] Built target LibXml2Mod
[100%] Linking C executable testapi
[100%] Built target testapi
[*] Extracting bitcode...
    -> Target Artifact: ./build/libxml2.a
[✓] Bitcode successfully created: /media/shafi/Research/STAILOR/se_runs/sailr_cegir/libxml2_62911_vul/174_dict.c_541_local_cpp_cwe-125-oob-read/instrumented_source/project.bc
-rw-rw-r-- 1 shafi shafi 6.1M Feb  3 12:15 /media/shafi/Research/STAILOR/se_runs/sailr_cegir/libxml2_62911_vul/174_dict.c_541_local_cpp_cwe-125-oob-read/instrumented_source/project.bc
