CMD: klee --search=nurs:covnew --max-time=3600 --external-calls=all /media/shafi/Research/home/SAILR/se_runs/sailr_cegir/libxml2_62911_vul/164_dict.c_541_local.oob.memfunc.length-misuse.maxcover.v5/try_01/harness/harness.bc

STDOUT:


STDERR:
KLEE: output directory is "/media/shafi/Research/home/SAILR/se_runs/sailr_cegir/libxml2_62911_vul/164_dict.c_541_local.oob.memfunc.length-misuse.maxcover.v5/try_01/harness/klee-out-2"
KLEE: Using Z3 solver backend
KLEE: Deterministic allocator: Using quarantine queue size 8
KLEE: Deterministic allocator: globals (start-address=0x750643e00000 size=10 GiB)
KLEE: Deterministic allocator: constants (start-address=0x7503c3e00000 size=10 GiB)
KLEE: Deterministic allocator: heap (start-address=0x7403c3e00000 size=1024 GiB)
KLEE: Deterministic allocator: stack (start-address=0x73e3c3e00000 size=128 GiB)
KLEE: WARNING: undefined reference to function: strlen
KLEE: WARNING ONCE: Alignment of memory from call "malloc" is not modelled. Using alignment of 8.
KLEE: WARNING ONCE: silently concretizing (reason: external call) expression (Read w8 0 entry_name_buf) to value 0 (:0)
KLEE: WARNING ONCE: calling external: strlen(127467178164224) at [no debug info]
KLEE: ERROR: (location information missing) ASSERTION FAIL: len < strlen(entry->name) && "BUG_ASSERT"
KLEE: NOTE: now ignoring this error at this location

KLEE: done: total instructions = 1382
KLEE: done: completed paths = 1
KLEE: done: partially completed paths = 1
KLEE: done: generated tests = 2
