# Error log for MODE=sa_llm, PROJECT=libxml2_62911_vul
[ERR] 004_SAX2.c_1779_local.oob.memfunc.length-misuse.maxcover.v5: harness compile failed (exit=1)
[ERR] 011_c14n.c_1802_local.oob.memfunc.length-misuse.maxcover.v5: harness compile failed (exit=1)
[ERR] 009_HTMLparser.c_4975_local.oob.memfunc.length-misuse.maxcover.v5: harness compile failed (exit=1)
[ERR] 017_encoding.c_1433_local.oob.memfunc.length-misuse.maxcover.v5: harness compile failed (exit=1)
[ERR] 012_c14n.c_1443_local.oob.memfunc.length-misuse.maxcover.v5: harness compile failed (exit=1)
[ERR] 018_c14n.c_661_local.oob.memfunc.length-misuse.maxcover.v5: harness compile failed (exit=1)
[ERR] 016_c14n.c_828_local.oob.memfunc.length-misuse.maxcover.v5: harness compile failed (exit=1)
[ERR] 017_c14n.c_837_local.oob.memfunc.length-misuse.maxcover.v5: harness compile failed (exit=1)
[ERR] 022_c14n.c_327_local.oob.memfunc.length-misuse.maxcover.v5: harness compile failed (exit=1)
[ERR] 025_c14n.c_299_local.oob.memfunc.length-misuse.maxcover.v5: harness compile failed (exit=1)
[ERR] 023_c14n.c_328_local.oob.memfunc.length-misuse.maxcover.v5: harness compile failed (exit=1)
[ERR] 027_c14n.c_306_local.oob.memfunc.length-misuse.maxcover.v5: harness compile failed (exit=1)
[ERR] 032_catalog.c_414_local.oob.memfunc.length-misuse.maxcover.v5: harness compile failed (exit=1)
[ERR] 026_c14n.c_303_local.oob.memfunc.length-misuse.maxcover.v5: harness compile failed (exit=1)
[ERR] 040_hash.c_498_local.oob.memfunc.length-misuse.maxcover.v5: harness compile failed (exit=1)
[ERR] 046_buf.c_699_local.oob.memfunc.length-misuse.maxcover.v5: harness compile failed (exit=1)
[ERR] 047_buf.c_728_local.oob.memfunc.length-misuse.maxcover.v5: harness compile failed (exit=1)
[ERR] 060_pattern.c_331_local.oob.memfunc.length-misuse.maxcover.v5: harness compile failed (exit=1)
[ERR] 053_HTMLparser.c_2284_local.oob.memfunc.length-misuse.maxcover.v5: harness compile failed (exit=1)
[ERR] 063_pattern.c_258_local.oob.memfunc.length-misuse.maxcover.v5: harness compile failed (exit=1)
[ERR] 065_schematron.c_1720_local.oob.memfunc.length-misuse.maxcover.v5: harness compile failed (exit=1)
[ERR] 058_relaxng.c_10553_local.oob.memfunc.length-misuse.maxcover.v5: harness compile failed (exit=1)
[ERR] 056_HTMLparser.c_2185_local.oob.memfunc.length-misuse.maxcover.v5: harness compile failed (exit=1)
[ERR] 061_pattern.c_305_local.oob.memfunc.length-misuse.maxcover.v5: harness compile failed (exit=1)
[ERR] 067_globals.c_789_local.oob.memfunc.length-misuse.maxcover.v5: harness compile failed (exit=1)
[ERR] 070_runtest.c_4729_local.oob.memfunc.length-misuse.maxcover.v5: harness compile failed (exit=1)
[ERR] 072_schematron.c_590_local.oob.memfunc.length-misuse.maxcover.v5: harness compile failed (exit=1)
[ERR] 074_schematron.c_457_local.oob.memfunc.length-misuse.maxcover.v5: harness compile failed (exit=1)
[ERR] 075_testdict.c_402_local.oob.memfunc.length-misuse.maxcover.v5: harness compile failed (exit=1)
[ERR] 073_schematron.c_538_local.oob.memfunc.length-misuse.maxcover.v5: harness compile failed (exit=1)
[ERR] 076_testdict.c_404_local.oob.memfunc.length-misuse.maxcover.v5: harness compile failed (exit=1)
[ERR] 100_runtest.c_3139_local.oob.memfunc.length-misuse.maxcover.v5: harness compile failed (exit=1)
[ERR] 109_parser.c_9351_local.oob.memfunc.length-misuse.maxcover.v5: harness compile failed (exit=1)
[ERR] 126_nanohttp.c_671_local.oob.memfunc.length-misuse.maxcover.v5: harness compile failed (exit=1)
[ERR] 115_runtest.c_2112_local.oob.memfunc.length-misuse.maxcover.v5: harness compile failed (exit=1)
[ERR] 125_runtest.c_1789_local.oob.memfunc.length-misuse.maxcover.v5: harness compile failed (exit=1)
[ERR] 127_uri.c_2347_local.oob.memfunc.length-misuse.maxcover.v5: harness compile failed (exit=1)
[ERR] 134_nanohttp.c_518_local.oob.memfunc.length-misuse.maxcover.v5: harness compile failed (exit=1)
[ERR] 131_libxml.c_3182_local.oob.memfunc.length-misuse.maxcover.v5: harness compile failed (exit=1)
[ERR] 128_libxml.c_3280_local.oob.memfunc.length-misuse.maxcover.v5: harness compile failed (exit=1)
[ERR] 140_threads.c_348_local.oob.memfunc.length-misuse.maxcover.v5: harness compile failed (exit=1)
[ERR] 142_nanohttp.c_365_local.oob.memfunc.length-misuse.maxcover.v5: harness compile failed (exit=1)
[ERR] 141_libxml.c_3030_local.oob.memfunc.length-misuse.maxcover.v5: harness compile failed (exit=1)
[ERR] 145_tree.c_9356_local.oob.memfunc.length-misuse.maxcover.v5: harness compile failed (exit=1)
[ERR] 160_dict.c_760_local.oob.memfunc.length-misuse.maxcover.v5: harness compile failed (exit=1)
[ERR] 161_xmlcatalog.c_144_local.oob.memfunc.length-misuse.maxcover.v5: harness compile failed (exit=1)
[ERR] 163_xmlcatalog.c_86_local.oob.memfunc.length-misuse.maxcover.v5: harness compile failed (exit=1)
[ERR] 167_dict.c_235_local.oob.memfunc.length-misuse.maxcover.v5: harness compile failed (exit=1)
[ERR] 169_xmlmodule.c_90_local.oob.memfunc.length-misuse.maxcover.v5: harness compile failed (exit=1)
[ERR] 168_dict.c_172_local.oob.memfunc.length-misuse.maxcover.v5: harness compile failed (exit=1)
[ERR] 166_dict.c_232_local.oob.memfunc.length-misuse.maxcover.v5: harness compile failed (exit=1)
[ERR] 165_valid.c_6881_local.oob.memfunc.length-misuse.maxcover.v5: harness compile failed (exit=1)
[ERR] 164_libxml.c_1856_local.oob.memfunc.length-misuse.maxcover.v5: harness compile failed (exit=1)
[ERR] 165_libxml.c_1670_local.oob.memfunc.length-misuse.maxcover.v5: harness compile failed (exit=1)
[ERR] 176_xinclude.c_244_local.oob.memfunc.length-misuse.maxcover.v5: harness compile failed (exit=1)
[ERR] 171_tree.c_7765_local.oob.memfunc.length-misuse.maxcover.v5: harness compile failed (exit=1)
[ERR] 173_tree.c_7785_local.oob.memfunc.length-misuse.maxcover.v5: harness compile failed (exit=1)
[ERR] 172_tree.c_7775_local.oob.memfunc.length-misuse.maxcover.v5: harness compile failed (exit=1)
[ERR] 174_relaxng.c_4269_local.oob.memfunc.length-misuse.maxcover.v5: harness compile failed (exit=1)
[ERR] 187_xmlsave.c_2556_local.oob.memfunc.length-misuse.maxcover.v5: harness compile failed (exit=1)
[ERR] 185_xmlsave.c_2610_local.oob.memfunc.length-misuse.maxcover.v5: harness compile failed (exit=1)
[ERR] 194_xmlsave.c_2268_local.oob.memfunc.length-misuse.maxcover.v5: harness compile failed (exit=1)
[ERR] 192_xmlsave.c_2354_local.oob.memfunc.length-misuse.maxcover.v5: harness compile failed (exit=1)
[ERR] 201_xmlregexp.c_5862_local.oob.memfunc.length-misuse.maxcover.v5: harness compile failed (exit=1)
[ERR] 197_xmlregexp.c_6037_local.oob.memfunc.length-misuse.maxcover.v5: harness compile failed (exit=1)
[ERR] 206_xmlregexp.c_5730_local.oob.memfunc.length-misuse.maxcover.v5: harness compile failed (exit=1)
[ERR] 205_xmlregexp.c_5794_local.oob.memfunc.length-misuse.maxcover.v5: harness compile failed (exit=1)
[ERR] 202_xmlregexp.c_5864_local.oob.memfunc.length-misuse.maxcover.v5: harness compile failed (exit=1)
[ERR] 198_relaxng.c_3683_local.oob.memfunc.length-misuse.maxcover.v5: harness compile failed (exit=1)
[ERR] 209_libxml.c_351_local.oob.memfunc.length-misuse.maxcover.v5: harness compile failed (exit=1)
[ERR] 211_libxml.c_289_local.oob.memfunc.length-misuse.maxcover.v5: harness compile failed (exit=1)
[ERR] 219_xmlIO.c_2925_local.oob.memfunc.length-misuse.maxcover.v5: harness compile failed (exit=1)
[ERR] 220_xmlIO.c_2845_local.oob.memfunc.length-misuse.maxcover.v5: harness compile failed (exit=1)
[ERR] 228_xmlreader.c_5229_local.oob.memfunc.length-misuse.maxcover.v5: harness compile failed (exit=1)
[ERR] 224_relaxng.c_1602_local.oob.memfunc.length-misuse.maxcover.v5: harness compile failed (exit=1)
[ERR] 227_relaxng.c_1279_local.oob.memfunc.length-misuse.maxcover.v5: harness compile failed (exit=1)
[ERR] 228_relaxng.c_1283_local.oob.memfunc.length-misuse.maxcover.v5: harness compile failed (exit=1)
[ERR] 229_xmlregexp.c_3928_local.oob.memfunc.length-misuse.maxcover.v5: harness compile failed (exit=1)
[ERR] 225_xmlregexp.c_4052_local.oob.memfunc.length-misuse.maxcover.v5: harness compile failed (exit=1)
[ERR] 226_xmlregexp.c_4054_local.oob.memfunc.length-misuse.maxcover.v5: harness compile failed (exit=1)
[ERR] 230_xmlsave.c_298_local.oob.memfunc.length-misuse.maxcover.v5: harness compile failed (exit=1)
[ERR] 230_relaxng.c_1309_local.oob.memfunc.length-misuse.maxcover.v5: harness compile failed (exit=1)
[ERR] 232_relaxng.c_1197_local.oob.memfunc.length-misuse.maxcover.v5: harness compile failed (exit=1)
[ERR] 233_xmlregexp.c_3968_local.oob.memfunc.length-misuse.maxcover.v5: harness compile failed (exit=1)
[ERR] 238_relaxng.c_904_local.oob.memfunc.length-misuse.maxcover.v5: harness compile failed (exit=1)
[ERR] 245_xmlregexp.c_3474_local.oob.memfunc.length-misuse.maxcover.v5: harness compile failed (exit=1)
[ERR] 244_relaxng.c_750_local.oob.memfunc.length-misuse.maxcover.v5: harness compile failed (exit=1)
[ERR] 242_xmlregexp.c_3447_local.oob.memfunc.length-misuse.maxcover.v5: harness compile failed (exit=1)
[ERR] 246_xmlregexp.c_3163_local.oob.memfunc.length-misuse.maxcover.v5: harness compile failed (exit=1)
[ERR] 251_xmlIO.c_728_local.oob.memfunc.length-misuse.maxcover.v5: harness compile failed (exit=1)
[ERR] 249_xmlregexp.c_3068_local.oob.memfunc.length-misuse.maxcover.v5: harness compile failed (exit=1)
[ERR] 250_xmlregexp.c_3085_local.oob.memfunc.length-misuse.maxcover.v5: harness compile failed (exit=1)
[ERR] 251_xmlregexp.c_3100_local.oob.memfunc.length-misuse.maxcover.v5: harness compile failed (exit=1)
[ERR] 262_valid.c_1916_local.oob.memfunc.length-misuse.maxcover.v5: harness compile failed (exit=1)
[ERR] 274_valid.c_1397_local.oob.memfunc.length-misuse.maxcover.v5: harness compile failed (exit=1)
[ERR] 273_valid.c_1509_local.oob.memfunc.length-misuse.maxcover.v5: harness compile failed (exit=1)
[ERR] 278_valid.c_789_local.oob.memfunc.length-misuse.maxcover.v5: harness compile failed (exit=1)
[ERR] 285_xzlib.c_292_local.oob.memfunc.length-misuse.maxcover.v5: harness compile failed (exit=1)
[ERR] 289_parser.c_1444_local.oob.memfunc.length-misuse.maxcover.v5: harness compile failed (exit=1)
[ERR] 293_xmlregexp.c_893_local.oob.memfunc.length-misuse.maxcover.v5: harness compile failed (exit=1)
[ERR] 299_xmlregexp.c_700_local.oob.memfunc.length-misuse.maxcover.v5: harness compile failed (exit=1)
[ERR] 294_xmlregexp.c_856_local.oob.memfunc.length-misuse.maxcover.v5: harness compile failed (exit=1)
[ERR] 297_xmlregexp.c_804_local.oob.memfunc.length-misuse.maxcover.v5: harness compile failed (exit=1)
[ERR] 301_parser.c_995_local.oob.memfunc.length-misuse.maxcover.v5: harness compile failed (exit=1)
[ERR] 302_xmlregexp.c_468_local.oob.memfunc.length-misuse.maxcover.v5: harness compile failed (exit=1)
[ERR] 296_xmlschemas.c_25155_local.oob.memfunc.length-misuse.maxcover.v5: harness compile failed (exit=1)
[ERR] 311_xmlregexp.c_447_local.oob.memfunc.length-misuse.maxcover.v5: harness compile failed (exit=1)
[ERR] 310_xmlschemas.c_24077_local.oob.memfunc.length-misuse.maxcover.v5: harness compile failed (exit=1)
[ERR] 324_xmlschemas.c_23207_local.oob.memfunc.length-misuse.maxcover.v5: harness compile failed (exit=1)
[ERR] 311_xmlschemas.c_24116_local.oob.memfunc.length-misuse.maxcover.v5: harness compile failed (exit=1)
[ERR] 313_xmlschemas.c_23925_local.oob.memfunc.length-misuse.maxcover.v5: harness compile failed (exit=1)
[ERR] 326_xmlschemas.c_22741_local.oob.memfunc.length-misuse.maxcover.v5: harness compile failed (exit=1)
[ERR] 328_xmlschemastypes.c_1080_local.oob.memfunc.length-misuse.maxcover.v5: harness compile failed (exit=1)
[ERR] 317_xmlschemas.c_23689_local.oob.memfunc.length-misuse.maxcover.v5: harness compile failed (exit=1)
[ERR] 333_xmlschemastypes.c_488_local.oob.memfunc.length-misuse.maxcover.v5: harness compile failed (exit=1)
[ERR] 331_xmlschemas.c_21990_local.oob.memfunc.length-misuse.maxcover.v5: harness compile failed (exit=1)
[ERR] 336_xmlschemastypes.c_271_local.oob.memfunc.length-misuse.maxcover.v5: harness compile failed (exit=1)
[ERR] 330_xmlschemas.c_22372_local.oob.memfunc.length-misuse.maxcover.v5: harness compile failed (exit=1)
[ERR] 355_xpath.c_3672_local.oob.memfunc.length-misuse.maxcover.v5: harness compile failed (exit=1)
[ERR] 356_xpath.c_3452_local.oob.memfunc.length-misuse.maxcover.v5: harness compile failed (exit=1)
[ERR] 358_xpath.c_3299_local.oob.memfunc.length-misuse.maxcover.v5: harness compile failed (exit=1)
[ERR] 357_xpath.c_3391_local.oob.memfunc.length-misuse.maxcover.v5: harness compile failed (exit=1)
[ERR] 359_xpath.c_3206_local.oob.memfunc.length-misuse.maxcover.v5: harness compile failed (exit=1)
[ERR] 360_xpath.c_3150_local.oob.memfunc.length-misuse.maxcover.v5: harness compile failed (exit=1)
[ERR] 369_xmlschemas.c_9837_local.oob.memfunc.length-misuse.maxcover.v5: harness compile failed (exit=1)
[ERR] 369_xpath.c_863_local.oob.memfunc.length-misuse.maxcover.v5: harness compile failed (exit=1)
[ERR] 370_types.c_989_local.oob.memfunc.length-misuse.maxcover.v5: harness compile failed (exit=1)
[ERR] 376_xmlschemas.c_5620_local.oob.memfunc.length-misuse.maxcover.v5: harness compile failed (exit=1)
[ERR] 375_xmlschemas.c_5662_local.oob.memfunc.length-misuse.maxcover.v5: harness compile failed (exit=1)
[ERR] 374_xmlschemas.c_8213_local.oob.memfunc.length-misuse.maxcover.v5: harness compile failed (exit=1)
[ERR] 380_xmlschemas.c_5398_local.oob.memfunc.length-misuse.maxcover.v5: harness compile failed (exit=1)
[ERR] 379_xmlschemas.c_5435_local.oob.memfunc.length-misuse.maxcover.v5: harness compile failed (exit=1)
[ERR] 377_xmlschemas.c_5580_local.oob.memfunc.length-misuse.maxcover.v5: harness compile failed (exit=1)
[ERR] 378_xmlschemas.c_5520_local.oob.memfunc.length-misuse.maxcover.v5: harness compile failed (exit=1)
[ERR] 384_xmlschemas.c_5201_local.oob.memfunc.length-misuse.maxcover.v5: harness compile failed (exit=1)
[ERR] 383_xmlschemas.c_5245_local.oob.memfunc.length-misuse.maxcover.v5: harness compile failed (exit=1)
[ERR] 382_xmlschemas.c_5294_local.oob.memfunc.length-misuse.maxcover.v5: harness compile failed (exit=1)
[ERR] 387_xmlschemas.c_5094_local.oob.memfunc.length-misuse.maxcover.v5: harness compile failed (exit=1)
[ERR] 385_xmlschemas.c_5171_local.oob.memfunc.length-misuse.maxcover.v5: harness compile failed (exit=1)
[ERR] 391_xmlschemas.c_3351_local.oob.memfunc.length-misuse.maxcover.v5: harness compile failed (exit=1)
[ERR] 392_xmlschemas.c_3328_local.oob.memfunc.length-misuse.maxcover.v5: harness compile failed (exit=1)
[ERR] 390_xmlschemas.c_3375_local.oob.memfunc.length-misuse.maxcover.v5: harness compile failed (exit=1)
[ERR] 388_xmlschemas.c_3633_local.oob.memfunc.length-misuse.maxcover.v5: harness compile failed (exit=1)
